[Header]
Width=45
Height=44
StartX=233
StartY=30
Waypoint1=0,0
Waypoint2=0,0
Waypoint3=0,0
Waypoint4=0,0
Waypoint5=0,0
Waypoint6=0,0
Waypoint7=0,0
Waypoint8=0,0
NumberStartingPoints=0

[AircraftTypes]

[TerrainTypes]


[Preview]
Size=0,0,148,113

[PreviewPack]
1=LAAAIAIAAAAAACAAAAAAAAAAAAAAAAAAAAAAAAAAAAAAAAAAAAAAAAAA+QAAEQAAiwMAIA
2=IAAAAAACAAAAAAAAAAAAAAdwEAASI4KgECAQEBgAFwASASDADMBwEBAAEAaACMALAAIBIw
3=ASAACcgABAIAAQABAQNiLQIDtyYBAAKgASALFAB9CABhBwLUAHg5IBIcASALzAEg3awAsG
4=3QZSAhKAQs3A0gITwBIPwEAYhspGV8JNA4aGZ4ASANDAAt1AAtOAAgDSwBIAAItACQZYCd
5=YKeAASAQrBPANdgArN60CSAACBQGIBGcBCigDdkuBGQuzAEgCzgBcOaYBsUKACLsI4ACIA
6=sUASAAEKwAcCxtJgL0LiAQ0Q0A3Gx4PmQJLzgAsAIgADEUAIA2DAEBAwEAAP3/AP/9AAAA
7=ApDgIBWnBQL9/3wIgK8gFQQBIJHUAAL//gD9/yTQJ3heA/7+AP/+ASsEBJyPkACYK2wFZA
8=UyqAN8AiPKLgIAI9QvdAZsAHxiAv/+A/3/YAGAApQEBwAEAQEB//8A//+AZtjfdAycOHAC
9=sAWcPLwCiKJtDwRwAGgEcA4FAAAA//8B/v9qCP//bAq0AyC9FAAB//8A/nAddB6DAQD+/m
10=QieWH+4CIi9jQA/pAsAv/+Af7/mSgBvDN2MP//eF6jBAAAAmkCAX0F/n0pAHVpAnQMAf7/
11=Af1sByhEBbUP/WANIswpmAFgB248AAR8EZARAv7/AP3+bAJhPf1sPYwQ2hD9/mgGcXf+ZA
12=uQOGABIMAMAHdU/gP+hGIC//8E/f1kjyedCwF8WQUA/P8AAwAC/Gw3bNNgKCeoDiKpIAOU
13=dWQpkDV5dv/YMXwsB//+AwAAAv79Av+UDLB6aAwjYD7FPgF4f6SnnAsBAAIAA2w3jD2YCn
14=SrJ0QAbATmNf//Ip4j//9+CwAAdABgcCDA5QYA5FZob2RuZCCOIgABcG6LJAH//mSVfCaV
15=0v6IdW0jA2V0A5kl/5Q5ZbD+eG50LXQGdEJooqwEcDhoBqShIqQhrab9bHNsDZAI1jkAAp
16=xxAgAAAAT+Y7sAAgBrfv7/BKRKaEIBAQD//nkWA4IZ/v2Qd8SDYBQgvQwAfG5lmwF4apwg
17=dzABA/94lNUw/ZzIkGtmaP/+J0EZAmDbCAIA/f4C//8BAgABhqoBA5Z1/f9s3nwLAf4DAA
18=JyLP//aHJod2S0cDh+1P4EoO6goyeEDmgDIwwjvTL/jH8E//4A/P8CAZ1K/o1D/XROaN5s
19=pnB0bAGMQyAd3AYRAAChAQAgAgAAAAAAIH4AAAz+/wD//gABAAABAAIAAAB6Af8CvAED//
20=0B//4BhAIBAAAAAqIB//9sBAEDAAAEcAR7BgAAALICAAGgAQEBAgADiAkDAf3/AP3/kAEB
21=AQACAWMH//8BKdwAegf//3YGAQBuAf3/aQb/gBBkAp0R/IYU//5hB/1wBWQDgAF8FAYBAA
22=D+/gD//wHMEAQAAv//Af7/bAQgfuQFICN4AgECAAEDax0CAQCZNwBxJAVkC2IBAAFoOnck
23=/v8EZi8ABJgEZAJsBAEAAAEBvAR8O2QwfAFsBow0sQsEfAu2BAED2AeODQIAYA10A2g3ZB
24=BsCoQFwAFsE5QJfAGICrQFegcCAqQF9QADkAKcFyjIAJwGILUQAGQtZBtsMYwnnCymAgAC
25=dGWAIrpb/f+XJwIBAWQ4eC2gKax2YjcAArgFYG9kAWAJjgYAAHQGdHuoPXAF8Ad0OYR/cA
26=KEBmQCtEJwDJRCoTQAfDVsFawHcQUCiDaMBGADaAK4B6QBIAAAAAAAAAAAAAAAAAAAAAAA
27=AAAAAAAAAAAA/BQAEQAA5wwAIAIAAAAAACAAEwEAAW0mBJQAAQAAAAJ0AQMBAwIBAADIAm
28=QCiwEEAAGsAmUCAHwDoAG0AJwGlAKSBQACjgUBAXQBrAGDAgABAG4LAAKDAwEAAaQEhAto
29=BWwAYAoBAQEBA5QJvAp4EYAChRQCaAjkBWAEzQAEfABoBXQMbAFlCAOAAngVqA+gDrERAJ
30=ARpQIBrB9oC7AFYAjQAmAjfw0AAAJ0EoQFvAGwBHQSjBn4CngCcA9/AAIAACfqBAADZB90
31=HawiKHwBZAUgEQwA8xACAAHoCQECAgADfBGQFLwR9ASUAXABZCywDbgQnAV0Ho0WBZ0EAp
32=AjZAVkBnUFAmAl8AHcALArbQ8DlAZ8BGwAeAOYMSgYAmgJjQQClC6kQPAOfAVgBCiIAWQC
33=ZAkobAJ8A2QCbAR8S4oxAABlRQHUBNgAbAeUBWQt9C+MAYgPcAjEEWAGoUsCfAicH2wClB
34=PwI3g/jAZvCgEABZwBKMgBiAMgEBAAbBRwI2BOfCdgGWwKdBptSQOwAnwKsywABAR4R2AC
35=bAB8B6w0dAHNAAKcKaQdYATYApNtAgEA2XwBoARkD2wdsAR4BZYeAAFgHIwcbDp8AoQE1B
36=BsAbwInAd4A7gGiGOQAIGFAnQnaASYRnQGrAPkFGAHkAywEXkCBaR0cDDUA3gGeWcCkAS4
37=A4gDdCR0J5BUtAR0AGwNdASpOgBkYXQJaANsAIkHAIAKeAEgGQwAeBFwQbgneApsAHwJZB
38=6IDrg3mAIopACkI5gxcAUnDQADjBlhWwFsPHQGbACQVNQJbAVtAgFgVWBFcAHhBABgHwUA
39=AAL//gH+/2xjgAO4Q3QPcBGcBaAQ1CbiMgICbARgDMgHmAGMBnAGbACRAwCMOmAQyAKIQv
40=Sx7C4nTAQD/f8A//8CuDFoG6xvYCRsALQBZBGQCWkCAWSDdAFsACkMF7APZESIipQD7AIg
41=ERwAKOwGCQD+/wH+/wP//wH//5EKAWAfYHyAG4gCAwL//wD+/3QMbQIBZGJwLYAlgAd4Eo
42=geaDCIBnRakCdoz2QHbABkC4Q5cAF8Bah1c2QAAAFsKAH9/gD9YA1yOP//eAqIJ2IBAABm
43=Kf//1OJgPWwrAQABAAWUEtgOkGJ8oSi0BcgObEa1AwBgTK8QAAIAmBmEDHSfmAhgAXsNAf
44=/+kEiQAtgIxAW4AJQDvFbUAHgKAgQAA/7+xCZ43mgDZCMnBAFwBCAbDACZN/6YH3FHAHA4
45=eCWcSQX//gD//wH9/8B/ugT+/XgrhDKEF5QbcFOQZXQ17hb+/3QLBQACAf/9AP//ejEEAH
46=M4//4D+EBgNpw+YFYC/f8A/v5vCv//ApQzggf+AXwRgD6wDrQJZgUABJwIbCusIIRQYA25
47=EP1oJ3wXdAlgC3tP/f4AvBp4RpwogBACAP7/BACorwQAAP/+A/3/pTIAiFrdFP5oIScvAA
48=H//myPeFzYOv0L/4RrZCNkGnwgnBN8kpBTlAEgHBAAgA5lEf6ANMCRdAJlJf9gH30L/mQ4
49=ZB9tHPx8BXQeeARgWyflC/9kd2wZhJ5gAYxedDbMeZxBdAx8knkc/30jAqpCAQFoMHk0Aa
50=gGaCdpM/58MHQ2bBFoPJwRnYMBdDCYByLQKoQSehP//n01AYgnfXcCZLAE/v8DAwAA/WOL
51=BAAA8A5sYX4KAQFsZCf0AZw7dQYBaAZ8L2UR/yMVJwHZAQC0rnhTeCWUD6kVACfeEP7/bA
52=EqaACQDWxhYCRwASAXDABsKGwHeR/+hGKAcGgYdBt8I2xhfB1qDf7/ZE1kuHQReCh8AKh1
53=fDtkJngJcCZoM2B5ZARsAZCtYCuoKgH//wL9jD2MoGKLAQBsbWpUAQP4RqQCqAonFAC4Lm
54=0T/my4cAVsQ34nAP+RdP90GGAPYBZo1XBBgBB5iP+QQYBMrQoEeB9oBmyOfTv+aAytAwBg
55=SWB/KfwRfO+cjGQ1ZExoBWgbrBl0D3BHAQMBAASYTGQTI2wm4PNoE3AIfAYgGQwAeAonEQ
56=oDI5wpcGtszdjKrBMoBQ39fExgDrzdIlwhcF+UBo0c/mQTlBh4K5gHdAz0cnw4jEN5KP7f
57=bgH+/2xDbASEy2El/iIAOJCeiCRoDn4IAADYXr8y//4DhDhwDnNc/wEDlE6kNZAyaAO4BP
58=QSbAmcaIgDrI5kR2gejATIDHmCAXRvjEl0qHRRdAd7Gv//Apy21BKPTwD//XQViDYiMCkn
59=bAJ0jYAHJ8gSdAGsKXQQdAFyCgAC5IGEAjgQALIGAQB91/zQIGTRbCuMA2AcZKeYbXAKdh
60=X+/iN3IgACA4xNjChnqgEAAnVR/XjNYAcjjCF8VpTbbAqQy3Ev/2BkvBqwoWyUlHtlaAF9
61=X/+FywGZXv5kMogMIjgicD6815AdbGq8zngujO6A4rBBcAUmwCBoXWAudA90dYgcIvAgdH
62=WYHHR+YbsCvOZ8C3iycAVwC4r2AgC1OQRg4rw2gAmJEwKg5XoH/gCw+5xHZAmMAJSlvCf9
63=MgEj1D+MCCPIJHws7AM5HABgJ3AGjOhspnABvAWoQowB0AJ4AGQdbBAphCZsJHgEYDl8F3
64=wBZPVsC3wCfFCoBmlOAGzNZAn8F3gG1FlwsHxTqA8jPDXEBXwIlANgAYwAItwpdAp8BYgJ
65=eA2lKQAiyCFpCgFkZXBBrEZwE4iElMNwESIMO2TAZAqEDSsgAJSQcQYBZCNoA3hHzAyYFn
66=BBkBCAAZQMoJR0EsAF+DGwGnwyIqAreBN0CZQHgAdwAKjYJyQCqA47FAAiJCxoFJAsZCSQ
67=C2whI9gsJ5gGkKQidC0iXCX0FZARfA4l0TQAJ/U9AGQCKNQDtBR4C50MACPQOmQgJ6gC5B
68=eYMiJNLQIp3C6YB7ohAgCEBSjcACOlQgCELNACuQACiHJ8v+AHYPFs63QYZBecIvxRdDmo
69=YLwLmDBkFGQFgBeEE3gEjA2UHnwStA18dWQFnABgAXAOdCiMNIQNKBAAfAJsLmwE/DgiOE
70=LICSigAD0kAHwIiFdkGmAKfHrsEmwobAFwDHwXI/RMtBF4AS1oAcgPkAhoA2BbYE50MHwB
71=ZCHAIGgcmAFgJXRFeBCcB3AAbABk+3wAjBuoQoAGYAl8AmwAI0wvJyAAbAqIK2AUJygEaB
72=doBHwG3D6YHbhPdANgHIgCoAjICHwvYAlkc50HAYg2kBtgEXBrvDdgBnxciAN4DMwclF34
73=B6wcI2QulAkodDn4CihEAGwIIAIPAAIAArxWImwzfJ1gEYgWnBzAHHg6NDABzB+kB6wHhC
74=CkO4wccCC4ASL4IYAlJywBIrxCkDNoA4waYApgAWwAnBAnrABkAnwRkAqACnAAbABoBIxE
75=bYgAfANgFn1MAaAu3Cx8BNwFhAXcC4RsrBciqE1sB7ROfAXcFXACZAt8AGARqAeEAcQ1/D
76=iYH5xfjASIBGQHKQwCiI+AA9gJgFiUDXAXgAEgBRAAfBTQm6QadACEC6QyaBtkI5QJfAK0
77=jLgucAKYBHgBZAVgAt8dAAACIvxTJ2wDbAeYA4gZcCWAKSP8LJwcaMwjDDV4PYAcuAV4AW
78=w6tAFkdMQIrAS0CKwBiA9gDZACbAwi4E2UAicEAScgAHwJtAlkBnQBrABgKGQCbACAE5AJ
79=2GonUADVEgJ8AGA2mCKQAbg4ZAt8JvgNYAdsT5UkAiKMIZQNeDeAAXwDlA2UASAHEQD/JA
80=xKcHfhDQB8F4wQIuAhbCDYCpQPoAuwDWwBJ7MAAgACI4Et/pBpYAQlUDCIAWgFpDl4AXQB
81=0CIn/ABtAgB0AYQaqA+ALyIQW3wCKPQKJIw8IxxGImhXhAd4CmwA8AGMqnwq0BeoCdQ8cB
82=psK9AF3AbYAIATIuAwIsRAbAKAArguaBgnSACMJLR77AKMKIQ9IshA2Au8B+AQkhf9/oQF
83=iP8ipD+EBeQEsAE3FAB4C4yyJBQtmCXQHCLYLCRES5wXIrg0ZBNwt3ALbAGcDmABYAKEGG
84=ANIow2ItQ2I7xrIrQvImgnJGQifARsJWDZfCZoVJgxkDVwB2QC4CtwEyJoapBAtBKIOWQI
85=jAUi5EoiYDgj0DEiaDmUApQSZAFgAWwIbAC4B3QCjAB4T2jEcBbQHpwR/BBkPmATcBu4B4
86=ATYDdoAowIcJXUISdMAMgVnAOgCqSSrCKEAmgYAgEBAf79Kfg/3AUgEhgAfEEiiEMogDNk
87=HSN0OSIgMyJcMyPMRHg3fDiZav8ixEBsMZAa7GF8HSNUQXyesB4C//8A/P+oMCLUJyXwTW
88=QMaBmUDGAKcAFsMSVsOHgBImA1I6A3I7Q+eBAi6ENhoPxgAWg8Jeg0IzBNI4Q4J/gDcRoB
89=I8FH/SI8YmA0mAEiXDkkpDkkeEeAENscBAABuAEilDojQ14BAQOYCthFI/xBdBhsNGTUCQ
90=AAAAD+/wH//wL9/xEAAOkEACAAEgD//wEAAAAAAQABAAX+/wD//AD+/wECAAMAAAL//wD/
91=/wH8/3wDbAABAQD//3QDbAEgGA4AAgGUDWgJAAP//wABAAL//gD//QIAAAD//wT+/gB4Aw
92=QCAf7/A/7+zAzQDgYBAP/9AP/+AQFkBQEA/f4AZAGKEv/+cAZsAGgDAgH9/wACeAhxAAJ/
93=GgT//70FA6QaAQEAAgBoAG8Q/f8BjAGZEgC1AAB1D/9kBwH//wH/gwH+/wG8EXER/ncj//
94=8CbBBsFHQJlA8BAv7+AGwoA/0C+/8BA54cAQF4FJwOAgAAAAL+4ij//3QSlx4A/f5oFYwE
95=eAgC//4B//9oDGgJeBNsDGwAZxIAAAFlI/+AJZQJmQr+bBmoNn0UAXwdA/7/AQEBA2Qhig
96=b+/2QSfAggHA8AAgIAeChzCwAA/YVEAIABhwIEAACEIIQ7fAIpYAJkKQMABAAAAgFgGQMC
97=AQED/f5sTJwkZFCEIHATeCHYT8wxfCLNPQNsAXAIaTP/kFOcBQIA//8C/HgriiECAX1K/9
98=Ev/pgE+A0CAv3/Af7CKwIBaE+MKGwZpkcAAH8UAP/+pB1mGgEBcDKpGP90PHUQ/phDAQIA
99=Af6BTABkFHgEeQkAYgH8/6gTYAJgBnxTbGp5Xv9yWQACdBW5Rv14CngffCCcO7QReUD+tB
100=50AyAWDACNLgDMLm4R//92UQABdBu4KIw3eRYBdDFwO4ppA/xmIwIAyhkCAIwraCqeBAEB
101=a2P//gOIXXQpbmT/AGUm/Wx2nAJ0FngliHV1jQFtK/+Jaf10Nm6O/v5sLnhkYAFkRWwfgH
102=CtLgHEWXYJAAFsImgQqAmOMf3/dAZgKJw7Af//Av9sQHQAAf3/AAV8L2wBvAiIA2YU//94
103=Fqx8aGZlHQRsB2iQcAFiFgAEJ5wC3At0bHUJA5CJeIhwKWhLqB5gCpAXeC2IFiAVEAAn+g
104=D//nALmEy0SHxKtBKMBLxfYJq4JZwUzA55Gf18OrACjIF4nXlA/nwCZCkCAAIAAgC0UeyL
105=YL6gOmAJcLBkRJhnnJ5oHqhIfAJ0jXEsAK1G/5ig9ISZDf1gXnwvbHBoCqygrLiYB3QYcR
106=T9bH8nTAp2Hv4AmLVkfWAQAQIB/f93vQMAAnAgkTX/hAKMoHlD/XDLdAywqpQJAQD//QOc
107=wpAUgZT9fJVwIH1N/WwpYAqQhng6YAggFwwAcAlsB3HOAXS6nCxkAtyeeA58OPwCeB94WJ
108=BKcAJsAHQQkNFk5qAHlEtgB4wJYFgBAAECAWCjbPdwAogPkAC0BnCzeBCMBXxkiQwEkFtk
109=L5gTtAF4AZgMfQUAyGBwEHQVfD6Ub5wCZA1sAKANkAaI82xJJxEcA3wIqJCEBHgBlA+sCo
110=wCzBl8EXwJLwwAoAx0AGzHxBTmBwEAfAZskZyArCYojAAvMAEgA0AAaA2cC8ABYBZoHoj6
111=cCCAAbgWzCqEZXDOyANkB2sD//4DbDrEIHTeYFhwEHQDfABgK7wAdAB8Bie4ASgMAmRoeA
112=OQBWwEbABgAmx+bAGgBGwTbB94DWgFZANsACisAWwGrAB8AqQBtAOMB2ACJygBcAEqDAAp
113=7AZwC4xLmInQBNwImAR0EIwAswAAAgB0cuwOkCmUBmQCKPQcpAiAAyAAAAAAAAAAAAAAAA
114=AAAAAAAAAAAABUEAARAAAsAAAgAgAAAAAAIAAAAAAAAAAAAAAAAAAAAAAAAAAAAAAAAAAA
115=AAAAAAD5AAARAAAQAPwDAgAAAAAAIAAAANkAABEAAA==

[Basic]
Name=No name
Percent=0
GameMode=standard
HomeCell=98
InitTime=10000
Official=no
EndOfGame=no
FreeRadar=no
MaxPlayer=2
MinPlayer=2
SkipScore=no
TrainCrate=no
TruckCrate=no
AltHomeCell=99
OneTimeOnly=no
CarryOverCap=0
NewINIFormat=4
NextScenario=
SkipMapSelect=no
CarryOverMoney=0.000000
AltNextScenario=
MultiplayerOnly=1
IceGrowthEnabled=yes
VeinGrowthEnabled=yes
TiberiumGrowthEnabled=yes
IgnoreGlobalAITriggers=no
TiberiumDeathToVisceroid=no

[CellTags]

[Lighting]

[Map]
Size=0,0,50,50
Theater=TEMPERATE
LocalSize=2,4,46,44

[SpecialFlags]
Inert=no
FogOfWar=no
IonStorms=no
MCVDeploy=no
Meteorites=no
Visceroids=yes
FixedAlliance=no
TiberiumGrows=yes
InitialVeteran=no
HarvesterImmune=no
TiberiumSpreads=yes
TiberiumExplosive=no
DestroyableBridges=yes

[Tags]

[Units]

[Waypoints]

[Digest]
1=pDWv4xQRNgcxu/4nw+PMVAeUNiE=

