; Map created with FinalAlert 2(tm) Mission Editor
; Get it at http://www.westwood.com
; note that all comments were truncated

[Header]
Width=60
Height=60
StartX=226
StartY=38
Waypoint1=231,47
Waypoint2=231,66
Waypoint3=231,87
Waypoint4=281,47
Waypoint5=281,66
Waypoint6=281,86
Waypoint7=0,0
Waypoint8=0,0
NumberStartingPoints=6
NumCoopHumanStartSpots=4

[Basic]
Name=
Theme=No theme
Percent=0
Briefing=Brief:ALL01md
GameMode=standard
InitTime=10000
Official=yes
EndOfGame=no
FreeRadar=no
MaxPlayer=6
MinPlayer=2
SkipScore=no
TrainCrate=no
TruckCrate=no
OneTimeOnly=no
CarryOverCap=0
NewINIFormat=4
NextScenario=GDI2A.map
SkipMapSelect=no
AltNextScenario=GDI9C.MAP
MultiplayerOnly=1
IceGrowthEnabled=yes
VeinGrowthEnabled=yes
TiberiumGrowthEnabled=yes
IgnoreGlobalAITriggers=no
TiberiumDeathToVisceroid=yes

[GAYARD]
Name=Allied Shipyard
TechLevel=11

[General]
PrismSupportModifier=140%
DefaultMirageDisguises=TREE21,TREE22,TREE23,TREE24

[INREDLMP]
Name=Invisible Red Light Post
LightRedTint=0.5
LightBlueTint=0.2
LightGreenTint=0.2
LightIntensity=0.01
LightVisibility=4000

[NAYARD]
Name=Soviet Shipyard
TechLevel=11

[YAYARD]
Name=Yuri Submarine Pen
TechLevel=11


[Preview]
Size=0,0,130,67

[PreviewPack]
1=og0AIAjVs23Vs23Vs2zVs0gAIHAsAAPFnFqSaD0wbAIB1rFs2WAWbBYDQkRZQkVZrAQCQE
2=NZQUPNAUEpXAAD1LmD5L98rAQDp4NOlnFLrQHVeB9QCEgAIF3sA1QPIGAMAkAQSABEEUgA
3=QAFIAEABSABAAQpsz7Bsz6xayJRTjHNFkCZ8AgzjuW3ivHV5gV9WX11PVltALkgATzFBQ1
4=hUMKwBWAECTFJa3L5cLw164754kHpKi3RPuoxVtXlBJxwBIG4sBnwdIHtsAgAGyKZetZNa
5=n3RGlnlC575zvLGBa3plUlpdQC5IAEAuXC9gYZxfWAEGTFNa1rqE4sGBXC8JdGE/p4RHr3
6=5Ky5JQIHeMA2hLLWwCKrwPKiwAmAQgW7wGC4pqOc2xcsKrcdKzeFljaDBALkSSKvwLSGMD
7=2L6L4sKEXy+FbEK/j7B1P5AXsB1IGEABSABAAUgAQAFIAEABSAAEbc2mXMifVSBdjAwD17
8=Fs37VrSAAG4bpw5r9y575wrAFbAdewazZvAtaxa0AHA922bt61a5gEAW3Zs21YNza8ALwC
9=Ataybty1egTXslAgSQBsXAg2rAQMim0z0LBvyK50r6FxbXxjWC6RL1hAYUgAbDEABUVZQE
10=NYSlBacXtg37x7lHtHln1IfWM5IAn8EQfZt2/gwHLQqmDWcMV+EcqiSMxAAUgAQDRYEwJs
11=27Zu2vzRiBV8AoABzAQ5LABIJFApWNlEIy88BbgHVABJAGxcrVAvSABcL0gAQAFIAEABSA
12=BAB6wBXAg2rAFAMQPlvHLctm5IADaPAM6nXlguSABMHENPzKJZQAFYAVAyiwZs17FEEagA
13=bxx3VzO8AgzGrXN5jmh7iGiDjmZTXV5QL0gAfi9EWUABAAxSWlxyf2NKUVpOVVtbZ16Zm2
14=fjw4V2XDaagEp/XTS8PrwIrAFIIZA+SAworwHgv3InjwDlvG9YEzBcDFAgWBxeTdiyK+wA
15=gAdICVACfDVYJYBSWQFtvC9IMEwHSABQKUsA5bxxiAZABEgAQAdIAEABSABAAUkAbEgMUA
16=VIAFAFSABAAUgAQAFIAEABSABAATYMAlhbkAt8CLwdmAFQC0gAUAJIAAds58R94Lxv6MV9
17=QAFcLwnKoVfjwnvjvnDTr2mQBWwErAcGzqllv41LiGM4WQQUgAAL0rd9wKlw47x20LR9UF
18=hwkkiQBoOHam51YseuckDBDM+3g4aKZ9u5eLycY8mnZU86k2E5mApAEEgAdG+BSWxAJUgA
19=rCVAYbwRvA5YEwPiwXnVsWtTRMmeVYETbCecCEwEQwfet3BQC0wBkAvMFlA7vCNMLkwEJy
20=wAQAFIAFwmSABAAUgDvA7sB7gHVABIAFAUSVFsWARQBUgAQAFIAEABSABAAUgAQAFIAFAI
21=SDmAMUkGbUgkSAAtPAL8C0AEbEOsB5gfQA1IAHwCUC+YBGwBgAHcAicsAEAvKowkDJZ6Rs
22=SZVcqUUJl/St67eEwuA9vAiXuCYUDBA7ybYqyKVVwFSGADel02eF44RAInXhjGkyhcHl99
23=+voAJwgAQBOsAVgiJzwCSEJQMlgBQwHku29cEVgrMOwMXAKIAHwXQF5ICVAjSABAAUgAQA
24=FIAEABSABAAUgAQAFIAEABSABAKCfsAIABzB85HAGscEwHUAhIAEABSAAq7AAqLABAFryS
25=QAFIAKwHTENABz9cFVQ5WARQC0wiJzwCTAEJxqVovZ1jxKRmwZ9kKrwkTC4DfGU9e2E7TE
26=AnLCQDnWw+xqJZrGEtXBhMCqwuMBQASEtADVwITBCsFpgBKIwbUF+YHGwugAHcJkwBWApA
27=HFgWUBdIAEABSABAAUgAQAFIAEABSABAAUgAQAFIAEABmFhQCKgAWAp8WVBESANABEgAQA
28=FIAFApSAxAE0gAUAKsEy1cAIAEXAhQaFQABG3YtG7dtm9IACdcAE8H3bdumAFBDWwnLACZ
29=eW3Mf2jezBBYGTCIBEQCXwi9nGC8CAO+ml6/h0ZIPFBrA6VxPbyTU1s0u5pgIS8kw6JnWA
30=QDwJxhw6FjUAWsBEwHTCtQCDwIACp8CifsA1yzXAiJAGxQCIABRB1sGUwBRAIw3ARMJUgA
31=QCVIAEABSABAAUgAQAFIAEABSABQPlgNgDFICUAKSABAAWCRJ4wAQAFYEFDsmARABEgAbA
32=RAMSrsAKxASCFQHbwFTChME0SDSABMH0wBiABsB4AB3AhM30gGTHxIfkx/WuLXtWgDXAsz
33=oAQtzAJItEDQTD1Qa0gAJNwiUC+IDMwNJzwIJwwLiQZuJ3wBTBwnLABAASrsALwLrGEqXA
34=AzLABMFkgAUDVMK0wKSABAAUgAQAFIAEABSABAAUgAQAFIAEABSABAAUgAgApAH0gAWBbc
35=UFwCQARIAEABSADsBEAESABEBUkAbEwZJ1wAWEBQBUgAUAVINidcADn8BUwESDBQrUjeQA
36=euOuDAInAivEpAIjYIAEwHiQBsWF5AjqwBTA1MNLwgXEFAQ1tt2LNsNjwCTBY2fQHZJowq
37=TAqQC3wdSDxARkgMkDIoHAQqjABMAUwZSABcIEgAQAFIAEABSABAAUgAQAFIAEABSABAAU
38=gAQAGsH0wHJ6wBTAFcAkgAQARIAEABSABAAUgPCdSybNKxa9CtaMypZSq8AFAmrB9YBFAU
39=rB9cICqMAC0sAFgZX1/Jn1Yn7ABPJc6nXpgEQRxsKnwEQBAqOAAnjACAAXwjTBYBw6Jov3
40=CPQRNscBEy3CKUctwFTAdIDzAgBkB5SANACogAUAVIAHwRkAJsAVg6UG5IElAdMIwDrApI
41=A0AESAlQGkgAXBFIADmMDEwE/AtoDEwBKhwBSAlACkgAQAFYK0AxTBMD07Fs/wAASwDOq2
42=dcBYgAfBRQLycsAIABoApIA0ABSQBsWC4qXABMGa8KyqJZTIVLMNCqYJiR3HEq5AUqLAAt
43=bBQqTAFQwpkBbFzFgAF8DkwWNiwAJ8wCSCRQJpgEQBZIAEAHSABCAWx44AAqHAFYNye8AL
44=zaJ+wAQC5YJVAmSABQAkAlSABMBypcAEAESABABEgAQGFYBEAEiABQDkgAfA5ABEgAQARI
45=AEABSABAAUgAUCZACi0KAMKfoFjMB0AKvFwtTAFQs0gDkAJJDG28rVy5XC/eArFrgAHcCE
46=wWSABQIyr8BUwBKowALSwABsalZ8CeZLqXXS1cAAOIcUWKdUiID1ALSABAEEgAQAFIAEAB
47=SADcES18B/gvKxwAXAhMnawiWFJQHVgiQAFcAifcAUy1XDstoARYAUw3QAdIAFApSAAnHA
48=dADOwHaBJAYawfXAJQBUgAUAVIAEABSABAAUgAVAknCAAG0a9py6llt5NTWJT8CFEabCht
49=BbMrjDMqjAAgAywAUA5EL6gAJ8wCvB0qbAUGiGc6mXtEdlgzXPIDims8fV0xrAQPjnM+mX
50=9GnH9KlHtGhWs9fF84vAIDlHE9hGc5rAGYEGwWgAFwICpcAFwgKggAJ4wAXJJcLJgBImw7
51=QDFIAC0sBlwIJ6AEQAGQBXwLSEtcGkgkkGhID1ACSABAAUgAQAFIAEABfKpIDEANTC5cBU
52=gAQAFIACccBEgDJ0wBTA0FupZW0rBr1bFsBypcACADLAAnjANcCDO8AC2sAUwEAAOSdE+D
53=Zkh+aEKZfEaggUR8Zz5/ZT4nPB0DlXtMemE5S/bJp2VMAVwFsDhPuJl8R1gBQw2XekghcE
54=kDdlw2eGE8WAGQAswfLcwOiANwkjPMCyrsAEwrJ3wEmCtACkgAbCJMVbwIKrwANSwAqAZU
55=AEgAbAeAB2wBKnwBMOwASPYCv5xbxKAuXBKYByscAS3sACf8BSogAFhJJzwFLbwAXO8Dw6
56=Jm0K1qXwJ1YTxYIoDNKxwfUA5cAkMuwJxhXHq8LyoUALwLWPRIAF8ImoBKIVtDr3Y/TAFc
57=BaxPLVwSJ/wRTOhM2ayFSAxMDYgAbBw27ABAhQXDn1zPrGfSr1gWUClIAHwFgAcgASwArB
58=lME1wFTAG8HUwBSxLftWusEFglSANMBASxjU/IpmLUYLtIDFALSABAAUgAQAFIAEABSABA
59=AUgAQAFIAEABSABsTCoIBkAcMxwEXA4OwZ9kuZdgw6Fjn4FIw6Jnu5siaEhcBSqEBSAMLA
60=BMCgaVfEuIbUCAVy5MAYgAQBNIAEATSABAASgsFVxQQI4nDBEnzAtMH4AH3AUqLAAJx6Vj
61=wZxazqtn0a1oKlwATAEnDAVUJ7yMQAFcAugAIkg4SBtQDlyPQARID1BHTA1MATCMA0wEoA
62=cCyaVixqMkMDsxPAJMBFQMvDhAASdMAVwCiABsMYABNOwAiQNsWO4GuJBWgWA5iGM4TAFQ
63=YlhPUN0wVAK4Oi1cAC3/AuW8cYBeAWyqhE68C0wcgAExDAJUZicIADaMACpfAMyqZVwvQu
64=XQrHwvJ6wKTB9YEFAmWFgqeAJQEZgHfD6AAcwQUAUnmAAqLAAnUACgASc8BQbGo1/PrWjP
65=q2eYYSKcKUgkLVwDUFyIDGzZLSwJrBwtvACQBdwRJywADL+NS49zRJxzRKWDTNS0cUBGrA
66=e8EZgEK4ASvAIzFAAJlH1NlXxDmHVGyJtagAcurAFcEbALLRQAXAI2vAB8AgOybcSgXceM
67=UqxeTC5cAqwBSDAzMAII2LJs1bNt17Jt1bMRAADUDwAgCm3Vs2zXsm3mv3LnvnBLAPr6AD
68=8IAAAD4bpw5bxx2LJsz6tny6ll1rRu1bFsXAgJ1bNt17Fs37Vr17BrTAGIAHwCBdeybdu2
69=btqzbQEUMgAAKuwAA9mzbNaxbEgMkQhsWAUACdS1btGyaNGvZty6c+rGfunGfufEfeC8b+
70=jFfUABTAdcCz/MAkAWBpR7R5F+RU06KEATWApIAEwHTA0nbAInXABIAyoIAFwCiAB8F0MB
71=2bNtVAZMB0wBiAB8Agm7l1fOrGjVsWvjuW0/MAJABEAcSBJMKCocAU8H5r9yVAMgBggAXD
72=VAEFwvA8mlYM2qZUwBiAAEbNy1bd22bkgJQASIDFQ8SAB/FN63cCpoAycsAEAHrAGsEKwH
73=WAdcFEoG17F4Bwbevnngv3LXtW1IMEAxSAC8L3ICsm1AB0g/OeQCA+W8cty2blwRBpuCT7
74=eGS6hxPawfUinWsUFGbEAxvA6kESoUAFgTkAVIGM9M3bZvUwLWsm5QHUwKTAEG1LJsyKRh
75=yKViXEFbH961a1ARQApUADkIAEwcTAfpAGwn7ABcAjnUADBoAEwQCcyoZNCsZ8WfXsqmYi
76=dAAVgTQCiYAVAXSABEKUgAQAFsWyqMAycsAJAFbAQD2LNs3bdumAF8BYABfwLgwHJMAUtg
77=4sF5rDEGwaRlnIZV1rdzQB9IAKwfUBRYHzAgA08HjnRCQ2GYdUZMAbwIWCtcL6wHXDhAB0
78=gPQBBYB0ATWARABKABrHxcAkBYvAJIA4ABbBNMAQG9m1nTRICMOkwQPwgATA1ICUAoTAcq
79=HAFcAjPsADZcAExVJxwBCdKvatGuaMOdWsKeXCpMATMsAFwaKggAM4wALWwCTAQG0K5q0K
80=5p475wQJEP4sJ8xalmrZJYd2Y9aVM4ln1KXAUz8AJQAkwHiAAMbIhtQMurWtCsZsmfVuS7
81=Y5rjwntAClg6UC+sBFwIgAHMK0wBvC9MNEBqWAGABFhDQARIAEABCmzTsWy6llbQrGjSrm
82=pABKxkXDVIDzwIAEwEXAXoAEgJQApJAGwnOAkw+AAtLAZIEkx8KRwBUAgHbNOwar+cWrKN
83=TUABKXABSQNtWG1IAEgYUBpICUAHQDEtjAAnfBAtXAAHzKlmuZZWxqNg03STfBReCMClqG
84=8EbI5oPpl7STDAAqQCJ5wIBpp8SsefWcibWk8HyZ5VrCVIz1C8A86nXtCqYFidJ9wBWJRQ
85=EaxkXI82jAYJx6VjtZJSx6NhvplYJ+wAXAtMAVgcQDesEDMUAEAoWASQBXwjKiwAM7wAUA
86=JYXkAWSAZAE1gHMPwFUAgJzapnuZdXvZlYwZ1bWAFQBUgARC9IfrzykAJsKEw9UAiZAWyY
87=vlACSABQES4sEgnQrWnHpGLCn17JpWG8BS1/B5+BSLwCTA1cFDMIAIAEfwt/XTQnLAAGyq
88=JZzaZc1rNtXOlIMG4ut25MkQLZs2zYtCg8FFA4iAZsE4ABfAhMDQnSsGrFoV7RrWjQq2Yq
89=XABcCKxMPAgGvBSYkUAKqABIDCchAGygBDAUACc8Aky+KtwBbAEIsm3UsWy+mljGoV54AS
90=MsJIABWApRC2wnzAVcFypcADksAAnKqGS1j0/CoF7Go1+YBHwIQAEJwZ9kuZdgyadljnM+
91=SB5QVkwKLbQCWARQAkw9gAHMEAaXfUmnhUzGk1BIAypcADksAFgxQGEprARsEALLqWbHoy
92=JDIs+rZzPsAFwOQDFIAFx9SAAtbAInOABAW0gqkAtYClAUSABAAVhSNwgGrAdYYUAfWAdA
93=AawZWAG8IAbTsWvLqGTJpGBYQypsAkB/mAF8C0ABCcmnZLSRUsmnY8ajYVRmAALFn13PrG
94=fPrWi4llauiUzBnl29mkCaBVCmgkW7llXBKUwNTAcPxqVnwJ5ku5tjuJBWgWA5iGM4TBAz
95=DCBcawAFoIVN1JNLpXE9e2E7mH5KkXtNsHU/r35YxyWcI0xeUBcqLANIDEAKiABAIksAbO
96=O5VACoAHwXCcyqZcGcWtCtaNGtaJAFSAN8AjMsACosBrQnKhQAJ4wG7AeoCVQASQBsSHJQ
97=BYgDxDK8BVACQAFIAFA7SABQOKwEThblvCLoIkABSABM9Eh1A86rZsunY4AEbApcAkwBA8
98=uoZcOdWV6nvZqoqARs069q0rBrSANABAHKpGHMyAYBbMijX/gHzBxYJaw9AAO9nWO/nGHD
99=oWW/jUuOdEVvWT2WeUJQngbDomi9nGDAnGFMZAmaglCzjFDLklC6jFUqXACADXwRTCtYGT
100=AIAJhSIiAwrA1Auy2PBsSgXVRgJxwBWBYnLABMEEgAvCOIVMw9TCVQAkgAQAFIAEABSABA
101=AUgAQAFYKJAOWBxAE0gAQAFIAEABSABAAUgAfOlAFlwFJ5wFvDs27AAD0a9p0q9pTBNUk0
102=RcA7uUUsypZF8U0a5pIeAkV6jMqWNYAUAESABMFqwBiB5QDkgAUA5IAEABSABAAUgAKEwE
103=QCK8JkxYQDEAD8GeZL6aXp90RpNwP7yBRJ1sPnheOJmATsGaV7V5QZZxS0zuvAtMDYABzA
104=qwCDAUAFwLJ1wDTN9IJEAfSAAqXwC5llVVeNQjLCpMNFgiXOMqzAVMwUAHSABAB0gAQAFI
105=CVAmrAFYAUABSABAAawHTAHsE7gTbC6EIyvcOjNsIFxl7AdAJUgABm3LqWW9mFfOqiucGl
106=9Zw6BfIQsnvptaVGCIBlAFSABsK1ApXCNMGUgMQApMGUBeSB5AAVwCkAWgE8hyLdwEWARc
107=BViRUI8tvAAq7AAqLABMDSoQAUghUCAqRABIKie8AFhPQASsJdwCBbJtvppZvZdWJ4wAWB
108=YqLABALkgAJ8wFJ2wCXAhIAEwNSABAAUgAQAHNCrPMHCccAawZQDFAEEw6QCInbAgDz61p
109=zatnVI2sBA+5llayi0vJpWLRr2rBnlyyikpOuMOfJJgwUCxIAARt0K5pzKllS2DAnVpYUk
110=QmTAdcIKwQWBBAASecAkwQWMdQ/lwCUA5YAVAFiADceiqsBCosAKwEJ7wAVAy8IIg8QBxI
111=AFARSQBtvOxcCyr4ACosAC3cASe8AJAL3wi/m1khjULUdKhsCogDQAFIAEAESABAAS6MJ6
112=wEXDVQTScvANu2brw7QBaQAkwHSABYB1QASABBAWxcI0gAQBZcNQbUsm26llW+mlpHjP8A
113=ACcLAMGdWZgHAWzDn11MXqwBrCIJxaNgsYxNvZpZsI5PvAJYK4ABfAtIRUAQmAFsDYABfA
114=KsB6wxiKVsc7xBKqwEKiwATAesJVxiQAFYAZAIKB0E2iM8SlgfcCAjzEGsTCoQAawBvB1c
115=CJAIfBEqzAKZbW0jjEIBYMGeXSeMAJgNUAVIAC4sAyegBEABSC1YLlARvAWsEF9ceHh4TA
116=FIALwCmAp8CFwCvBFIMCcsDAnAnVm2k1K+mljRrmpMCkgAJ7wAgAFsEK6707AimCQCwZ1a
117=w54ovDAnjAAtrAEgA1wAQFu0JDYUAFxEKhwBJhg4bBkqXAAqLAAzTAFcCFwCKmwOSAmoAC
118=rvALaUVCEdKNWcwipcAEwBSC2AcEgPQCJJAGxAJUgASAOBH2wqfAFAQydcAIABXAVIAGwH
119=UDJMT1wvQDFIAEABSADvBGzSrljuKDwXJ1wASAwqHQrAKWwpQAqYBEDNJCAkoA1sDbwCTA
120=eAAdwCQGGYAUAESABQAkgAIqwoNggGkAVsBC0cAVwCSA9IADBcAEgDUAJYHEwKeiK1a1wv
121=UC+8AkgDQAEnfElAKyoPC9WybSGOJMikJPA43A5MBKwlTFsqTBMG07FrxqRhxqNhiDZQBU
122=gAUBpIAEABSABsIlyzSAaAfyhcAEwQQApYhUATXC9MAUgAQAFcdCqsAUxkSABQAlwFTBaI
123=AFEIbEQOBsumYtOvadOwaie8AFhDJ4wGXHqEI2wQoAFYLkB/TASQCHwCLUwBXAJEBbAmXC
124=asE0ABSABIA5AFSA9AB0gAQAFIAEABSABAAUgAQAFIAEABSABAAUgAQAFIAEABSABAASLw
125=XCqcBSd/SePCe6/Z58R9UDW8DlglJ+xaSA9MKLwjSCRABDA8AgLHo1/JpiWMRVwFgATcDl
126=AaWGFcpEwH/AKpA22sIkgw/AIiTElADUgAUAVIAEABSABAAUgAUDiYBGwZQ6a8mVkhIS3Q
127=KSwzSCdQBVgTQApcF5AFoA1IBkABSABAAUgAQAFJAGxMNDaMAEAWiAMiLDOAAXwFLVwDIB
128=tcAFBKSAC/SsmeVUgkUBdbFtm3byLZXLUi2FxcC1gcQWHII/BKrARcIEwcSGmQFygsA08T
129=y6llIWQuInBPeZdtrDpcAlwIiABQBUgAQBlIAEABSABAAUgAQAFIACh4YpAFfAIqPB1MAV
130=wOSABAECpsBUp10rAiOFGADXwIvBRMGSccAYgDQApIAEAESABAAUgAQAFIAEABSABAAUgA
131=QAFIAEABSABAAUgAQAFIAEABSABAAUgAQAFIAEABSAAAAW1/aDabgEt9XTF0XTaUe0aJZz
132=usDQOGWS52WDOsAQWKbTOcf0qKdSTQSSjsALwUWBknXwnKollAZEgAXOkkLF2IGEANAWy9
133=m1kimDlgKygMILwLJ48AzapnIRtH0KxoIbRfUAJIZlCVXAtMAUh4SABcJlAOQAFIAEg/QD
134=RIA4gASAxAE0gAIoxmVAOoAFwFlAN8AqwNJ0wBUEcoDAgCsm3Go2BwRHgTUAVIAEEKbEAE
135=mAdsAYAB3AItLACsCjxcEogG3AgGimo5kXVEhGc5UAIIRj0rf2U+lXtFxqUl7DwPwZ9khW
136=s9kHVGlXtMmXtEg2tAzAEKf0bDomjDoWS6l119Y2wHWAeQGis/BeW8b0gkSABIA1wXK6xV
137=BLJtyaRhyaYoXBiYBFAaSABsEwe+m1jOq2XSrWfRjOi8C1hqsCkwFABQWUgAQDQwnAUwsA
138=BcEYAKbA1MYVCMmAF8DoABfAJIdfiRK1wATAfoFXzRXAWsLkxATMdICVBlSEVAAUgDUAWI
139=AEAKSADcCCo8C69ek3VAfCkEombQrWp8ZyJAT6wWXDigAVQAvAhAAUgATg3PrWjVQwTAnG
140=Eh0D0GlYBOhHBCh18ukA5vDRQUFCcsAExhUC+ZAWwtbx23lFQhjGMnbHfMBAizbM2qZsij
141=XtKuaCNINSj8EVQPPwgA7HB4EIAKYAE27AZMGSeMAEh1JywAfB0Csm25lldwRCwsDCuNAL
142=Pczkg/QEBYLlwvSABMBFtP5LtvIZxlTAGIANwvA3VhPJd+TSo8C0xeXCmsBFwpXDgqjANY
143=ClALKkQAKiwASANcd0gAQBkDkX5FsYxQvAh8FyIAO2wfPSwAArJtxaFfIqQqKb8Ay6hlIV
144=tG0a1oIVgiQApITkAoXEpMASr0ATMsAEAWCuW8cdiybNWzbNWzbdURAACGDgAgC7Nt1bNs
145=1bNs17Fs+voAPAgATAQD4bpw17BriAZAB0gABWzJpGHPrGjV/QjZYAF8AiqMACovANizbF
146=AFBtCsZsmfVuS7b1wFAA7Zt2/gwHLXtW3PrWq4kFbEh0uGaj/Xsm3lvHLctm7YsiABYAI8
147=2AID5r9y575wSAAJ5bxxxqVou5pghmE0TBCIAFARSABAFkgAQAFIAEABSABAAUgABG3Dom
148=DHo2BcFwa9mVi8mVnKpmNMAQnRrmnDnVnQqmXPqmWQCNwFORgCrBAqgABcEewHuQdtSx7j
149=uW1cAiqYADYsAEAxWBlQI1wRXAgFwp5cy6hk1bFsFrwIiANEC0gAUAJKAG0UMgMAzKJZSA
150=AGyqJZ17Ft4L9ySAlACgmsilWBYDmOdEWCbENIEjYMAiAPXABTIN23bkBAS0jBnmSuDX9d
151=NywGABLJp2S9mljJpGKsh0quiUvHpGG/mlm8l1ewjU7Lp2PSrmnQq2aQCCiMA6wfIAZgAl
152=wRWChQEUgeKhwBXAIqBAFYATxQBmwHBrJt0a1pxKBd03Rj3BED27Zu3rdwQCsqfAEyEAZs
153=Ak0E1insDEBVD7+cYcOhZbN8R29ZPXBdO5F7SipUAkwBQBNUACAJCABcFAPEnFixlFpcDQ
154=ADoIVN1JNLpXE9e2E7l31Jp4VMxpNQXD5MBIgAQEYKbMelY8GcWs6rZ9GtaEgGqABfFMCd
155=WycsAFAFAdaxbNlwekgGQB9IAEABbHasPSADeAJYK1BZSAmIAFgHUAhIAAFs3rVrIAP4AE
156=wEoAdILQXHpGDSsGrUsSuMEkwWgARsCkwBsBcwFAAqjAAqLAAMw6Fkw6Jm0K1qpHZE1rJu
157=WA0gEggAXA4ABuC8b+jFeufFe9SuY0c/M7KQUZR0Qal4RUw9Bb2cYMCcYcmnKzwRQxnFoV
158=5SL9CsKPwFKtsCxKBeXBSvXt+1a1BZSEJQKZgxUB1IAFApSQBtKsACrAQqRABMAVACSDCQ
159=hnwFWApAFkgATL5UAzMIALyzqAOsAZgHBG3IpWLOqmWIMEAQSABBCmxQFCdMAYAB3AJYGU
160=jASEhAAUgAQQHWjDczvAAMxKRmzq5oz7BszZdVh2w+qA85FwB4eHgqdwDlvG8n3BkD48J7
161=5r1vSAADknNGv5JOiBJ8FAXRr2q6mFfNqkCLAWzLqWZRv81evKtnQARYEzAIAAOxjU/Ipm
162=KRHWxAXlgEUCZcVkAirAFMUoAB3B1cEUgtTDRL2922bkgAUAVQAicIAEgD/AWoBlQASAA3
163=LAxcCP0FbEirTAFYRgPCn169mFcqLBJeAti0WQ1vRCxMAYgAfB1YAbwRXEeQAmwNSBgnLA
164=lABCpcACcsAEiTCc+sWsCdXK5+S5N8TVwXiANgf0wBMwgAQAQJupZV2rVp069pyZ5VUi/k
165=u2gwQAFIA1AOSAADzqxov5xaTLsJwJxatpNSvppY0a5qSGCABGwTWEMwFAZFAsZ49EAESA
166=B8Gie+ANqzVJNQAkgAK1wATCVQs5gEfAIn7AZEF0AiSAOAN0gDQAdIAEABSADM9EwESABI
167=PFAvQAGQCCiMAFhGA8KgXsekYlB3iANAB0gAQARLAGzctVQAqABQAkgAzApcL1wOrApcaF
168=yMrActnAKQAlgHQAdJAG1UM0AiXCYAA39bNMCKTM+TT5l/SpZ6RsSZVcqUUEwBWBMqCACY
169=Bwpswp9dmHlHspFP0K1jsC9IY0wxXDJTR8ypZV53zaig9GwNWDGAB2wBTA1ULUgVQFVIAE
170=wBvIZDAcyoZCETIsKeW1TzKrwAIAMsAEAZSE4nLB5YAbwa7AeoD1QASABAHyisDVwj7AR8
171=AkwBBsyqZbyZWLWPT1B3WAFAFogAQAdIAGwEM2wRTAQnDAgwTAEwHAFYE1AUJ8wCQAFIAL
172=wXJzwXDMGfZMalYVlGLnhdOLuaYF8Lw6JoUAJISwycg0+8k1GydT2Xe0q9m1S/C+O+cIAB
173=fxTTsGpMAUgMkLlYFlACSABAAUgAQAFIAHx9TApYBFAXLcwCBtCtaNSxbMSgXfAgfAVYBJ
174=AFMSwAQA2sOlxQQBlIAKwZUDuIBlAOSABAB0gAQAFIAEABSABAAUgAQAFIAEABSABAAUgA
175=BGzOq2bBnFogFewAOZwCgAp8C0wEO20acVBoTAQnvAAJupNTknVFg2I5jHNFXMhA+okDbC
176=T8KVRXSAAqvABMAS1MBLwjWDFcAlgiLXwBXAVACiqMFbzaXAJAaldpu5VWmMpQF0gAQCVI
177=AEABSABBAWxMGazBTGpADUgAQAFIAEABSABAAZgNUAWoAEgGJyAAOCwABrJtuZZXyaZh1W
178=jqIAK8ACn8KUwZiABQC0gAN+wAWBZARiqEES0sAJAIWAdQCEgA3JUMyJRTk3A/vIFEnWw+
179=eF44J/wpTCUtvAC8C1gfKlgBQCK4AVwCLbwAmwFs47lFDm2sB1gTUAInLAYIxaFdyKRfu5
180=VSzakrrCVMBIgAURRsXAtIAFALSABAAUgAQAFIAFA+J4wAgAFUDHwFKiwAUA5IclBxKbwG
181=Low8XEcnfA0q7AAgAy0AeCkAACe8AFwdoCInFACsFic4AEABKjwCXCxA3JgHAWysilUnvB
182=It/CmABGwcMHwBQAonCACsDS18ASfsAEghQCKYASIMI4ABbApMEFPF0q9qIXErzSN8JYgD
183=3ClItFAOTC5QC0gAQAFIAEABSABAAYiTUAioAEgGJyAAOi8A/wAAqABQC7wISAlAAUgAQA
184=E2/AJcFIATSAxRC2wp+AUrKAAnjAAnWAQwIAAgA/wIJxwBLdwBXEowQAFYFipQACp8AUCR
185=iAlAi0QXqAB8F1wIWDFQMqwoJ1wMXP5cxVRjUDK0JLQAUJK8I0wNQAFIAEABSABQH7wLLZ
186=wCkAJYDWwNMywAuAonFABACkgAQApIAFBiSBiAMVgHzIVcCzO8DFzvTBAnCAAqrAEqTAQt
187=LAAnfAEnfSXaIug6QBZIAFAOSABAAUgAQAFIAGwQQL5MEH4mtm4trC4tcAFYAST8JqwriB
188=JQCEgAQApIAEABSABAAUgAQAFIAEABSAAuXwzOq2ch0zHKpmK0JLwIWGFAJUgAQCVIAEAN
189=vAJME4ABXAhIAChMAUQj/AJQAkgAVANIAEABSQBtR9HRrmlcC0xhSDxcGkwKUAtIAEABSA
190=Aq7ABQAlsN3LZuSAAn3BBcDkwHSANQBUgAQAGsBJg3QA1IAHywTCIqCABYBFAFXAgqfAEq
191=LAZMPbwIWC4nDAtYVVBWiAZQFyKIMbwIKmQBKiwASAyQBWwQXBQgGy0A0yNITZAISGlow1
192=ALSABAELwUKrwDmARQDkgAfBQq3AFcGkgGQAdcGlBuiAMCbNGvatIpvEhABEgATARIAEAB
193=MHwBXCCABy5/Ady1bVA4SABcOC1sBSq8ACcMBVgEQGGIAy6cApACfAs2rAEqjAOcCCXMUE
194=wBKggGUBeICS58AVhSqAAqHAEgCSwAWHBA+rwjSCRAAUgAgA1sFikcAbgBVABIAGwQLawK
195=rActnA4tjABIGFApNXwBbAoy3AF8AkxkA82mXMifVVwRQAEkfFVMATa8ACAnXABcF0g8QD
196=dMFkAcSDyQU0gSUCBIAEABNPwaTFI5DAKsLiqMAC0sEkwNSABQDpgNQA1IAGwNLUwBWBNA
197=B1g3UAVIAFwFSABAAUgAQAFMMSeMDC2MAC0cAZgBMXwBKlwAJE9h0KpgIUxVA+C8b+LBeV
198=YPyZ5EMjRsAgOUcT2EZzkqjAYtXBgnbAIqHAQqvAAwLABYmkBzSEiAEy7cAbRgJxQAUCBY
199=31AgLRwBWBa8ekgkTARIAEABWARQMqwBWAFAAUgAQAFIAFA+mA0qfASoD1QASAB8AlAFSA
200=BQBUgAQAFIAEABSABAAUgAQAFIAEABSABAAUgAQAGsYVwOkAvcCCADLAAM6MV948J7475w
201=5r1v4L9yWBlLAMqiWS3sAA+Ocz6Zf0acf0qUe0aFaz18XzhcIEAomARsFoABfA5cjFARmA
202=HcAgOGWS52WDNcBZACbAQgDywAVDBMHEgAUB1IAEABSnjXsagJVABIAGwNXAJIAEAESABA
203=AUgAQAFIAEABSABAAUgAQAFIAEABIAOsBEwZUAVIAFwFSABAAUgAQAFIAEABSABAAUgAQA
204=FIAEABMCwJSMlEUyq8AyMYO0AWSABsFjNPBOfEfSHAR4gDzAQGn4FIk3VAkXVEWAcPf4Ff
205=dn9h4cCBnIBKmHpDj24+XwuIcUVLM4lnO0wBgAcofwGKajlABwOZe0SDa0AqjwCKbTNAOp
206=hqUAVIAMwNSFdAfC0cDVACP+wSREe8IEghQAFIAEABSABAAUgAQAFIAEABSABAAUgAQAFI
207=AEABKSwGuBBUAEgAfBFMCircATCsDVgHUAhIAEABSAAyfA0inCNMIkgYMFwDVDOsB0ABTA
208=1IV1A4MJwUJ9xzABLcuHh/km1dal9QWFxPVlx4eV9/g2DjvniQdUbkvXTcvYDjwoVAZFgB
209=BpV7TH1dMXRdNqwBWDdABAOPj2mLj2tMNyeMAFtqvJtiIYg9A4BXLq92P1wUiABsFkATvB
210=0pfARsIoAEfCNIySctANUpnCxYuEwHSABAIkgAQAFIAEABSABAAUgAQAFIAEABSABAAUgA
211=QAFIJ4AfSAxQC0gAQAFIAEABSABAAUgAQAFIAEABIqAlrBOsB1gHQAFIAEAoiBJsBIAB3A
212=VQLzaMAFguQBZMB0CsrApYNCrsAExemAFvCoFgOSGYSAAMh2w+2byEc35jcX5lVF5cQkVa
213=TlVbT1Zbe4dj0bJyUCxMAQN4fF3lv3dYOlQzD9W5guC+feK8dXJ+YkxUWk1UWirsBlB0CZ
214=h+SoZjN2hYPKeFTCesAYAB3BdQUJgBbBCAAdwCLSwASAlEDkwxXB2sGVwaQB9IAEABSABA
215=AUgAQAFIAEABWCVcTawBWAFAAUgACdWzbdWzbdWzbdWzbBEAAIwCEgYI1bNt1bNt1bNs1b
216=NIADQsAAzdtm7dt27Ys2znvnDmv3KuAdiyK7wAAdi0btVpCWxYBEAErAEtTAEqXABMCgPh
217=unDXsGstjACAB1gQAA1szZdVg2I5k3REk3xNzrN5cX1kWWReQURZQUNZTlZaVAAADEJFWk
218=JFWVFUWk5VW5KOYRQUFH+EYWh0Y1FZXk5WXIMEWUJEaABABFQDSAADkX5FkXtNiAxQF0gA
219=QA1IAEABSABAAUgAQAECbM2mXNZMGQKxa8ifVZAF3gLWsiiMAypcAEwZSwDetWu8I0gkQA
220=FLAOW8cpgEbCKAAXwIWARABEsD3LZuLQwFJ4wANkwEIDNfANy1bSpcBjMMAg6ufkvXsm3n
221=vnPUt39xg2lDR3QwTytBQ1hkMlEsRUQCAVhrcl+YLnwyQAFIA0A0SAAGP0JXWmZdmJ1wSD
222=AJlXxLqoROtIZQqHE9M6wBTBwG2bdv6MV958R9TAEnjwDKolknLAAqXAAtLABMKyosBgLe
223=t3DXsXguKuwATBlIHkBVSDD8Ai6MAPwCfEEgYywAD8igXcalYaR2RJF7StS2db6vfUAxRC
224=yoAFAsSAAqzAUnXABsNAAFQ1lMU1p5gmZzemLXvoqUfU1/Zj5gSDAgA1wDBuC/cuC8b+LB
225=ebwsBuW8b+S7b9OvaSAD7ABQLJgEIGcMBZARoD1IEkABSABAAUgAQAFIAEABSABAAUgAQA
226=FIAEABSABAAUgAQAFIAEABAWxZRi68klthd4ZnS5NXYl18LAFEWUBDQGFsji38BQlPVluD
227=h2pudWLWuoQn7w+VfEOIEmwKgAHcCzMsAAPjvnDjwnuJA2xMAYABOrwAvDWYBCAEfAEG1b
228=Ns1bNt1bNtEQAA

[AITriggerTypesEnable]
043F40BC-G=yes
043F521C-G=yes
043F874C-G=yes
044082BC-G=yes
05C56EDC-G=yes
05FC088C-G=yes
05FC0C9C-G=yes
05FC13EC-G=yes
05FC1A8C-G=yes
05FC1C5C-G=yes
05FC333C-G=yes
05FC37CC-G=yes
05FC3C9C-G=yes
05FC50EC-G=yes
05FC747C-G=yes
05FC75CC-G=yes
05FFA7DC-G=yes
05FFB18C-G=yes
06002BFC-G=yes
0611A1EC-G=yes
0612B11C-G=yes
0612CD8C-G=yes
0612EAEC-G=yes
0612F46C-G=yes
0612F9AC-G=yes
0616004C-G=yes
06C551AC-G=yes
078F4B2C-G=yes
07C0372C-G=yes
07C04C7C-G=yes
07C04EDC-G=yes
07C0B14C-G=yes
07C30A5C-G=yes
07C310BC-G=yes
07C3266C-G=yes
07C329FC-G=yes
07C330CC-G=yes
07C33DDC-G=yes
07C4853C-G=yes
08B902EC-G=yes
08B90B1C-G=yes
08B911BC-G=yes
08B9154C-G=yes
08B9213C-G=yes
08B9305C-G=yes
08B9356C-G=yes
08B940EC-G=yes
08B9423C-G=yes
08B9483C-G=yes
08B9586C-G=yes
08B9641C-G=yes
08B9708C-G=yes
08B9767C-G=yes
08B97C6C-G=yes
09242C3C-G=yes
0924484C-G=yes
092471BC-G=yes
0A2B845C-G=yes
0A2C0AEC-G=yes
0A31295C-G=yes
0A44F17C-G=yes
0A44F2CC-G=yes
0A452C6C-G=yes
0A452E5C-G=yes
0AA845AC-G=yes
0AA846FC-G=yes
0ABC484C-G=yes
0AD2BAEC-G=yes
0C0C7AEC-G=yes
0C0D184C-G=yes
0C0D251C-G=yes
0C1245AC-G=yes
0C1246FC-G=yes
0C32599C-G=yes
0C32D84C-G=yes
0C87B45C-G=yes
0C87B99C-G=yes
0C87E5AC-G=yes
0C8B81BC-G=yes
0C8BC5AC-G=yes
0C8C2AEC-G=yes
0C8C2C3C-G=yes
0C8C430C-G=yes
0C8C4C3C-G=yes
0C8C51BC-G=yes
0C8C56FC-G=yes
0C8C645C-G=yes
0C8C6EDC-G=yes
0C8C71BC-G=yes
0C8E2C3C-G=yes
0C8EE1BC-G=yes
0C8EEAEC-G=yes
0C8EEEDC-G=yes
0C91D45C-G=yes
0C92C1BC-G=yes
0C92C45C-G=yes
0C955AEC-G=yes
0C955C3C-G=yes
0C9561BC-G=yes
0C9565AC-G=yes
0C96F45C-G=yes
0C96F5AC-G=yes
0CA1F84C-G=yes
0CA24D8C-G=yes
0CA2A04C-G=yes
0CA2B06C-G=yes
0CA5945C-G=yes
0CA6621C-G=yes
0CA6AEDC-G=yes
0CAD0B2C-G=yes
0CAD130C-G=yes
0CAD145C-G=yes
0CAD25AC-G=yes
0CAD2AEC-G=yes
0CAD2C3C-G=yes
0CAD5AEC-G=yes
0CADD99C-G=yes
0CADDEDC-G=yes
0CB29EDC-G=yes
0CB2CEDC-G=yes
0CDF899C-G=yes
0CDF8D8C-G=yes
0CDF8EDC-G=yes
0CE2395C-G=yes
0CE23AAC-G=yes
0CE26B5C-G=yes
0CE26CAC-G=yes
0CE2E8DC-G=yes
0CE2EA2C-G=yes
0CE44D0C-G=yes
0D022B1C-G=yes
0D052AEC-G=yes
0D0803CC-G=yes
0D08461C-G=yes
0D0848BC-G=yes
0D084A0C-G=yes
0D084B5C-G=yes
0D0873DC-G=yes
0D087D8C-G=yes
0D0B3B9C-G=yes
0D2769BC-G=yes
0D2C41EC-G=yes
0D2C448C-G=yes
0D2C45DC-G=yes
0D53099C-G=yes
0D53430C-G=yes
0D535EDC-G=yes
0D62145C-G=yes
0D6215AC-G=yes
0D6216FC-G=yes
0D62199C-G=yes
0ECCB2BC-G=yes
0ECCB40C-G=yes
0ECCB55C-G=yes
0ECCB7FC-G=yes
0ECCBC3C-G=yes
0ECCF14C-G=yes
0ECCF68C-G=yes
0ECCFA7C-G=yes
0ECCFCAC-G=yes

[Actions]
0988AF3C=10,99,7,_Amb_CricketDesert,0,0,0,0,I,99,7,_Amb_CricketDesert,0,0,0,0,J,99,7,_Amb_CricketDesert,0,0,0,0,K,99,7,_Amb_CricketDesert,0,0,0,0,L,99,7,_Amb_CricketDesert,0,0,0,0,M,99,7,_Amb_CricketDesert,0,0,0,0,N,99,7,_Amb_CricketDesert,0,0,0,0,O,99,7,_Amb_CricketDesert,0,0,0,0,P,99,7,_Amb_CricketDesert,0,0,0,0,Q,99,7,_Amb_CricketDesert,0,0,0,0,R

[Africans]
IQ=0
Color=DarkRed
Allies=Africans
Country=Africans
Credits=0
NodeCount=0
TechLevel=1
PercentBuilt=0
PlayerControl=no

[Alliance]
IQ=0
Color=Gold
Allies=Alliance
Country=Alliance
Credits=0
NodeCount=0
TechLevel=1
PercentBuilt=0
PlayerControl=no

[Americans]
IQ=0
Color=Gold
Allies=Americans
Country=Americans
Credits=0
NodeCount=0
TechLevel=0
PercentBuilt=0
PlayerControl=yes

[Arabs]
IQ=0
Color=DarkRed
Allies=Arabs
Country=Arabs
Credits=0
NodeCount=0
TechLevel=1
PercentBuilt=0
PlayerControl=no

[British]
IQ=0
Color=Gold
Allies=British
Country=British
Credits=0
NodeCount=0
TechLevel=1
PercentBuilt=0
PlayerControl=no

[CellTags]

[Confederation]
IQ=0
Color=DarkRed
Allies=Confederation
Country=Confederation
Credits=0
NodeCount=0
TechLevel=1
PercentBuilt=0
PlayerControl=no

[Events]
0988AF3C=1,13,0,0

[French]
IQ=0
Color=Gold
Allies=French
Country=French
Credits=0
NodeCount=0
TechLevel=1
PercentBuilt=0
PlayerControl=no

[GDI]
IQ=0
Color=Gold
Allies=GDI
Country=GDI
Credits=0
NodeCount=0
TechLevel=1
PercentBuilt=0
PlayerControl=no

[Germans]
IQ=0
Color=Gold
Allies=Germans
Country=Germans
Credits=0
NodeCount=0
TechLevel=1
PercentBuilt=0
PlayerControl=no

[Houses]
0=Americans
1=Alliance
2=French
3=Germans
4=British
5=Africans
6=Arabs
7=Confederation
8=Russians
9=YuriCountry
10=GDI
11=Nod
12=Neutral
13=Special

[IsoMapPack5]
1=dA0AIAFBAAEAgAACAgBAAAKEAVkAQUwAjwECAEIoKwA/AAOQAkUCQCgpAEEoKQBCKCkAQy
2=grAD4ABPkGPygpAEAoKQBBKCkAQigpAEMoKQBEKCsAPQAF8Qk+KCkAPygpAEAoKQBBKCkA
3=QigpAEMoKQBEKCkARSgrADwABukMPSgpAD4oKQA/KCkAQCgpAEEoKQBCKCkAQygpAEQoKQ
4=BFKCkARigrADsAB+EPPCgpAD0oKQA+KCkAPygpAEAoKQBBKCkAQkkB1287AgBDSQHPqQFE
5=SQHRqQFFSAGbDQIARigpAEcoKwA6AAicA1k9OygpADwoKQA9KCkAPigpAD8oKQBAKCkAQU
6=gB2RFCSQHNrRBDKCkAREkB0LUCRUgBhA9kEycNAkcoVQBIKCsAOQAJiAVRFDooKQA7KCkA
7=PCgpAD0oKQA+KCkAPygpAEAoKQBBSQHWuRFCSAEnvgIJAMkBRChVAEVIAd0rRkgB3StHSA
8=GLEwIASCgpAEkoKwA4AAqcA0kXOSgpADooKQA7KCkAPCgpAD0oKQA+KCkAPygpAEAoKQBB
9=SAEnFQMK6RdDVAInFAMnVQBFKFUARigpAEdIAcEaSEgBgxYCAEkoKQBKKCsANwALnANBGj
10=goKQA5KCkAOigpADsoKQA8KCkAPSgpAD4oKQA/KCkAQCgpAEFIASdtAwsobAMnKQBEQATZ
11=HEUoKQBGKCkARygpAEhIAck4SUgBxR5KSAGHGgIASygrADYADJACWRw3KCkAOCgpADkoKQ
12=A6KCkAOygpADwoKQA9KCkAPigpAD8oKQBAKCkAQUgBJ8UDDCjEAycpAERABCfEAydVAEYo
13=VQBHKCkASCgpAEkoKQBKSAHRH0tIAZ8cAgBMKCsANQANkAJRHzYoKQA3KCkAOCgpADkoKQ
14=A6KCkAOygpADwoKQA9KCkAPkkB26lvP0gB2TJAKCkAQUgB2RxCKCkAQygpAEQoKQBFKCkA
15=RigpAEcoKQBIKCkASSgpAEooKQBLSAHJIkxIAZcfAgBNKCsANAAOkAJJIjUoKQA2KCkANy
16=gpADgoKQA5KCkAOigpADsoKQA8KCkAPSgpAD4oKQA/SAHdQUBIAckiQSgpAEIoKQBDKCkA
17=RCgpAEUoKQBGKCkARygpAEgoKQBJKCkASigpAEtIAdm2TEgBgCF0IydJBE4oVwAzAA+cA0
18=ElNCgpADUoKQA2KCkANygpADgoKQA5KCkAOigpADsoKQA8KCkAPSgpAD5IAdHPP0gBwSVA
19=KCkAQSgpAEIoKQBDKCkARCgpAEUoKQBGKCkARygpAEgoKQBJKCkASigpAEsoKQBMSAHRS0
20=1IAZsjAgBOKCkATygrADIAEJwDWSczKCkANCgpADUoKQA2KCkANygpADgoKQA5KCkAOigp
21=ADsoKQA8KCkAPSgpAD5IAclOP0gBJyUFEPWRQShVAEIoKQBDKCkARCgpAEUoKQBGKCkARy
22=gpAEgoKQBJKCkASigpAEsoKQBMSAHBUU1IAYQlZCknzQRPKFUAUCgrADEAEYgFUSoyKCkA
23=MygpADQoKQA1KCkANigpADcoKQA4KCkAOSgpADooKQA7KCkAPCgpAD0oKQA+SAEnfQUR8S
24=pAVALJLUEoKQBCKCkAQygpAEQoKQBFKCkARigpAEcoKQBIKCkASSgpAEooKQBLKCkATEgB
25=J3wFJ80ETlQCnycCAE8oKQBQKCkAUSgrADAAEogFSS0xKCkAMigpADMoKQA0KCkANSgpAD
26=YoKQA3KCkAOEgB1Xs5SAHZaTpIAZsNAgA7KCkAPCgpAD0oKQA+SQHa5c4SKNQFJykAQUAE
27=wTBCKCkAQygpAEQoKQBFKCkARigpAEcoKQBIKCkASSgpAEooKQBLKCkATEgBJ9QFJ/kETl
28=QCzRtPKCkAUCgpAFEoKQBSKCsALwATlAZBMDAoKQAxKCkAMigpADMoKQA0KCkANSgpADZI
29=AdUuN0kB07knOEgBwSU5SQHStQI6SAHZ+DtJAdW1AjxIAZ8RAgA9KCkAPigpAD9IAdFhQE
30=gB3QpBKCkAQigpAEMoKQBEKCkARSgpAEZIAdkRRygpAEgoKQBJSAHJDEooKQBLKCkATCgp
31=AE1IAdUYTkgB1RhPKCkAUCgpAFEoKQBSKCkAUygrAC4AFIAIWTIvKCkAMCgpADEoKQAyKC
32=kAMygpADQoKQA1KCkANkkB3KktN0gBjwwCADhJAdi1AjlIAdUCOkgBzQU7SAHVAjwoKQA9
33=KCkAPkgBJ30mFCi0DCcpAEFABMUpQigpAEMoKQBEKCkARUgBwVxGSAHBD0coKQBIKCkASU
34=gB2XRKSAHVOUsoKQBMSQHUrRtNSAHRCU4oKQBPKCkAUCgpAFFJAdm5BlJIAdkGUygpAFQo
35=KwAtABWcA1E1LigpAC8oKQAwKCkAMSgpADIoKQAzKCkANCgpADUoKQA2KCkANygpADhIAc
36=U0OUgBkxACADooKQA7KCkAPCgpAD0oKQA+KCkAP0gBxSlASAHFKUEoKQBCSAHJOEMoKQBE
37=KCkARUgBJ9wGJ0kER1QCxRNIKCkASSgpAEooKQBLKCkATCgpAE0oKQBOKCkATygpAFBIAd
38=2OUUgB0RRSSAHBv1NIAc0QVCgpAFVJAd2vPCwAFpwDSTgtKCkALigpAC8oKQAwKCkAMSgp
39=ADJJASFvCAIAM0kB470KNEkBIrUCNUgBZAFJDDYoKQA3KCkAOCgpADkoKQA6KCkAOygpAD
40=woKQA9KCkAPigpAD8oKQBAKCkAQSgpAEJIAdk9Q0gBzSZEKCkARSgpAEZIAcUpR0gB1RhI
41=KCkASSgpAEooKQBLKCkATCgpAE0oKQBOKCkAT0gByThQSAHZEVEoKQBSKCkAU0gB2RFUSA
42=HZEVUoKQBWKCsAKwAXnANVLiwoKQAtKCkALigpAC8oKQAwKCkAMUgBwTsySQEleAlsPN8K
43=AwA0VQLluT01SAHNBTZIAdFAN0gB0UA4SAFgCFkROUgByaY6SAHJxztIAcEEPCgpAD0oKQ
44=A+KCkAPygpAEAoKQBBKCkAQigpAENIAdk9REgB1XtFSAHJLUZIAd2kR0gBzRBIKCkASSgp
45=AEpJAfJnBAIAS0gBZAFBGkwoKQBNKCkATigpAE9IAc33UEgBwQ9RKCkAUigpAFMoKQBUSA
46=ElpSBVSAHFP1ZIAcEPVygrACoAGJACWRErKCkALCgpAC0oKQAuKCkALygpADAoKQAxSQHg
47=oTsySAGBCwNUe8gMZz8YACZ7AgIANUAEyUM2SAFwAgEAAwA3SQHmpQg4SAGXAgIAOSgpAD
48=ooKQA7SAHVkTxIAc0FPSgpAD5IAcEEP0gBwQRAKCkAQSgpAEIoKQBDKCkARCgpAEVIAcnH
49=RkgB0QlHKCkASCgpAEkoKQBKSAFlPwJmPxgAaAEBAwIATFQCxQhNKCkATigpAE9IASflBx
50=gmeSBRVALRQFIoKQBTKCkAVCgpAFUoKQBWSAHRQFdIAcEPWCgoAAIpABkAP1gCAQECACpI
51=AUUBAJ1BGYQBSQEsKFUALSgpAC4oKQAvKCkAMCgpADFJASRvCAIAMkkBKKkBM0gBZAFZPT
52=QoKQA1SQEnewICADZJAemxQDdJASO1AjhIAWQBWRE5SAElrSE6SAHVAjsoKQA8KCkAPSgp
53=AD4oKQA/KCkAQCgpAEEoKQBCKCkAQygpAEQoKQBFKCkARigpAEcoKQBIKCkASSgpAEpIAX
54=FABH1BGZ1BBXxBJ6kFTUAEwRpOSAHJvE9IAcU/UCgpAFEoKQBSKCkAUygpAFQoKQBVKCkA
55=VigpAFdIAclDWEgBwQ9ZKCsAKAAaiEMBAgYAKcgBXVcqSAHNBSsoKQAsKCkALSgpAC4oKQ
56=AvKCkAMCgpADEoKQAySAHBiDNIAYgMdoYaAMlDNVQC3UE2SAHVIzdIAcGeOCgpADlJAdK5
57=SDpIASe9GBqYCllIPFQCjAEi7DQnVQA+KFUAP0gByQxASAHJDEFIAdEJQkgBxQhDKCkARC
58=gpAEUoKQBGSAHRCUdIAcUISEgBxQhJKCkASkkB7HgCdkQaAGgBTXNMVAJwAkkXTSgpAE5I
59=AcHVT0gBJ5UIGijUECcpAFIogQBTKCkAVCgpAFUoKQBWKCkAVygpAFhIAcFGWUgB2RFaKC
60=gAAicAGwB0WAIBAQYAKEkBQUkBAG5HGwBqAQECRYwbbAKkjCcpACxMBZsCAgAtKCkALigp
61=AC8oKQAwKCkAMSgpADJIAdGNM0gBwYg0SAHBRjVIAckMNkgBzSY3SAHVRDhIASU5LjlIAc
62=0FOigpADsoKQA8SAHVOT1IAclDPkgBJRE/P0gBzTFASAHdCkFIAd0KQkgBxQhDSAHFCEQo
63=KQBFKCkARkgBxQhHSAHFCEgoKQBJKCkASkgBYEaFzhuMR0V2TFQC2QZNSAHVp05IAdUCT0
64=gBJ8UZGyjsCCcpAFJABMEaUygpAFQoKQBVKCkAVigpAFcoKQBYSAHVGFlIAcEPWigpAFso
65=KAACJgAcAHFlBAZIf6gBhUocmEiUkagBTRsqTAVoBV1iKygpACwoKQAtKCkALigpAC8oKQ
66=AwKCkAMSgpADJIAcU0M0gBxTQ0SAHEYAU1ABwAAAAAABEAANcOACAFAAIANgAcAABgAAIC
67=ADcAHGEBAFUCOEoB2gFXAQIAOUkBz6kBOkkB06kBOygpADxJAdK1Aj1JAdSpAT5IAVwHcQ
68=k/SAHRCUBJAc2hBEFIAd0KQkgB1QJDSAHRCUQoKQBFKCkARkgBzQVHSQHRsQlISAHVDUko
69=KQBKSQHsWAIBBAIAS8gBAQUCAExIAVACZRNNSQHWpQhOSAHZEU9IAckMUCgpAFEoKQBSKC
70=kAUygpAFQoKQBVKCkAVigpAFcoKQBYKCkAWUgB1RhaSAHFE1soKQBcKCgAAiUAHQAgXBUB
71=AwYAJkoBcQBTGAYAJ8gBVQIoSQFAVAIBAAYAKcgBAQECACpIAXACAQACACsoKQAsKCkALS
72=gpAC4oKQAvSQHbVA1ZBjBIAdUjMSgpADJIAcElMygpADQoKQA1SAHZBjZIAdkcN0gB2RE4
73=KCkAOUkB3LUNOkgBwQQ7KCkAPCgpAD0oKQA+KCkAPygpAEBIAcE7QUgB0RRCSAHZU0NIAc
74=kMRCgpAEUoKQBGSAHRVkdIAdkGSEgB2QZJKCkASkkBlngCfkwdAGgBVS5MVAJwAlknTUgB
75=2RFOSAHZEU8oKQBQKCkAUSgpAFIoKQBTKCkAVCgpAFUoKQBWKCkAVygpAFgoKQBZKCkAWk
76=gB2TJbSAHZMlxIAd0VXSgoAAIkAB4AHnsyBgAlyQEBd08eAHJwBXRPqAFVAihBBEBVAgJ2
77=Tx4AaQEDdU8eTAJIAHRPJykALEwFTAICAAACAC0oKQAuKCkALygpADBIAdknMUgB2ScyKC
78=kAMygpADQoKQA1KCkANkkB0HQYdJwnDQI4VALNEDkoKQA6KCkAOygpADwoKQA9KCkAPigp
79=AD8oKQBASAHNR0FIAc1HQkgB1Q1DKCkAREkB3aUTRUgBwQRGKCkARygpAEgoKQBJKCkASk
80=gBaU4CdU8elE9VLkxVAtpUCUFRTWgBqQxOSAHZJ08oKQBQKCkAUSgpAFIoKQBTKCkAVCgp
81=AFUoKQBWKCkAVygpAFgoKQBZKCkAWigpAFsoKQBcSAHBUV1IAUQXaUNeKCgAAiMAHwAiVB
82=hVnCRIAWxSXUwlyAFVAiZIAWxSVQInyAFVAihJAT90CW5SHwBoAUkiKlQCcQIAbVIfhAFJ
83=ASwoVQAtKCkALigpAC9JAddMEE0FMEgBxSkxKCkAMigpADMoKQA0KCkANSgpADZIASdMCi
84=cNAjhVAtmpDDlIAYsTAgA6KCkAOygpADwoKQA9KCkAPigpAD8oKQBAKCkAQSgpAEIoKQBD
85=KCkARCgpAEUoKQBGKCkARygpAEgoKQBJKCkASigpAEtIAWBRUfBMyAFR8E3IAQEGAgBOaA
86=GlHk9IAdX/UEgB3StRKCkAUigpAFMoKQBUKCkAVSgpAFYoKQBXKCkAWCgpAFkoKQBaKCkA
87=WygpAFwoKQBdSAHZU15IAdkyXygoAAIiACAAH3cYBgAjyAFFoiRKASEBVAV0pwMgACEBAA
88=BUAgImACAAc1ACVfQnyAFVAihJAT9UAl1XKcgBXXgqSAFQAnFhKygpACwoKQAtKCkALigp
89=AC9IAcmQMEgBxSkxKCkAMigpADMoKQA0KCkANSgpADYoKQA3SAHJxzhIAd1XOUgB0RQ6KC
90=kAOygpADwoKQA9KCkAPkgBzV0/SAHFCEAoKQBBKCkAQigpAENIAdVwREgB2TJFSAHFCEYo
91=KQBHKCkASCgpAEkoKQBKKCkASygpAExIAXBWAQkCAE3JAQpmVSAAdAIBCwIAT1QC1Q1QSA
92=HJLVFIAcktUkgByVlTSAHVAlQoKQBVKCkAVigpAFcoKQBYKCkAWSgpAFooKQBbKCkAXCgp
93=AF0oKQBeSQHVSE5ZlV9IAd0VYCgoAAIhACEAI0AEXaQiSQEfSAFVTyPIAVUCJEoBIQFQT3
94=xXVAVIAVUCJlQCfFdNBSfIAVUCKEkBWGwMZ60hAEmpASpUAmgBQVwrSQFFtQIsyAFJsS1I
95=AXACURQuKCkALygpADBIASf2HyEAxSkyVALJATMoKQA0KCkANSgpADYoKQA3KCkAOEgBJ/
96=0KIYgQTRA6VAKPAQIAOygpADwoKQA9KCkAPkgBJckqP0gB2QZASAHZU0FIAdVlQkgBJe00
97=Q0gByUNESAHNEEVIAcUIRigpAEcoKQBIKCkASSgpAEooKQBLKCkATCgpAE1IAXFWDn1XIZ
98=1XD39XIQCpWA1BMFBABEQBUjwAUUgBwRpSSAHVAlNIAcEwVEgB1S5VKCkAVigpAFcoKQBY
99=KCkAWSgpAFooKQBbKCkAXCgpAF1IAckiXkoB//9XEAIAXygpAGBIAUwCfRVhKCgAAiAAIg
100=BieQIGTAKoAUlOIlUCIFBWRa0jyAFVAiRIASL8IFUCJcgBVQImSgF4AEAAIk4rIgBoAVUC
101=KFUCXFACTQUpSQF/qQEqyAFBBCtIAZNsBgAsSAFgXAEEBgAtyAEBBQIALkgBdAZRSy8oKQ
102=AwSAHRKjFIAdEqMigpADMoKQA0KCkANSgpADYoKQA3KCkAOEgB2Sc5SAHBDzooKQA7KCkA
103=PCgpAD0oKQA+KCkAP0gBJQU4QEgB0RRBSAHJDEJIAckMQygpAERIAdlIRUgBwQRGKCkARy
104=gpAEgoKQBJKCkASkgBwQ9LSAHJvExIAdEJTSgpAE5IAWlZAnVaIpRaXeZQVALNBVEoKQBS
105=KCkAU0gBwTBUSAHNG1UoKQBWKCkAVygpAFgoKQBZKCkAWigpAFsoKQBcKCkAXUgBzSZeSA
106=EnVgsiAMHgYChVAGFIAckXYigoAAEfACMAmYoGXbcjjF1cr1y3iAFdryJBBCBMXVUCI8gB
107=VQIkSAFsXVUCJcgBVQImSAFgXFUCJ8gBVQIoSAFsXVVaKUgBbF1BBCrIAUEEK0kBjkgMUW
108=EsSgE/AEAAbl0jAGgBTYkuVAJMAm1zLygpADBIAcXkMUgByS0ySAHZoDNIAdUCNCgpADUo
109=KQA2KCkANygpADhIAdEqOUgBwQ86KCkAOygpADwoKQA9KCkAPigpAD8oKQBASAHJQ0FIAc
110=UTQkgB0blDSAGPfgIAREgBwQ9FKCkARigpAEcoKQBIKCkASUgBxT9KSAHFCEtIAcFnTEgB
111=1QJNKCkATkkB6ngCbl0jAGgBVS5QVAJwAkWMUSgpAFJIAYNGAgBTSAHVGFQoKQBVKCkAVi
112=gpAFcoKQBYKCkAWSgpAFooKQBbKCkAXCgpAF0oKQBeSAHV3l9IAdE1YEgBxWBhSAEl+Tti
113=SAHVGGMoKwAeACSQAklOH0gBmEhnYCQAZnwCdL2oAVFWIkAEdAJRViNJAR+lVSTIAUEEJU
114=kBILUCJsgBVQInSgFwAEMABgAoyAFVAilJAX5QAkEPKsgBVQIrSQGRpQgsSQE/QARVDS3I
115=AV2OLkgBUAKkYMsXAgAwKFUAMUgBzTwySAHNBTNIAY8bAgA0SAHdYjVIAd02NigpADdIAc
116=EEOCgpADlIAd2kOkgB3Qo7KCkAPEgByU49SAHBBD4oKQA/KCkAQEgBJwYMJADVDUJUAiUx
117=Q0NIAcUIRCgpAEUoKQBGKCkARygpAEgoKQBJSQHYZykCAEpIAdEJSygpAEwoKQBNKCkATk
118=gBeF6VvSSEYFUuUFQCxQhRKCkAUkgB0SpTSAHVGFQoKQBVKCkAVigpAFdIAdUuWCgpAFko
119=KQBaKCkAWygpAFwoKQBdSAHBJV5IAc1dX0gB0SpgSAHRNWFIAcEEYkgBxTRjSAHBGmQoKw
120=AdACWQAk1SHigpAB8oKQAgSAFkYE21IcoBBAZNyCWVZQUibzolAB9ULlFWJEAEaAFNBSVJ
121=ASC1AibIAVUCJ0gBfGJNBSjIAVUCKUgBfGJVAirIAVUCK0oBOQBAACIWJCUAaAFBky1UAp
122=zFIhQkyxcCAC9UAsGTMEgBwakxSAFcB2FnMigpADMoKQA0KCkANUgBwTs2SAHJLTdIAcUI
123=OCgpADlIAd1tOkgBwQQ7KCkAPEgBwVE9SAHBBD4oKQA/KCkAQEgB0QlBSAHNBUIoKQBDKC
124=kARCgpAEUoKQBGKCkARygpAEgoKQBJSAHVREpIAdVES0gB1Q1MKCkATSgpAE5IAX1iBGXD
125=JZxiAQUCAFBUAtkGUSgpAFIoKQBTSAHVT1QoKQBVKCkAVigpAFdIAcUTWEgByWRZSAHFa1
126=pIAdUCWygpAFxIAcU0XUgB1Q1eKCkAX0gB1TlgSAHNBWFIAc0FYkgBwQ9jSAHJImRIAc0b
127=ZSgoAAIcACYANXsCBgAdyAFZth5JATa1Ah/IAVUCIEkBV7UCIUkBZKkBIsgBQQQjSAEi8C
128=RdbSTIAVUCJUgBYGdVAibIAVUCJ0gBIlA8VQIoyAFVAilIAXgKVQIqSQFSbwEGACtIAWhk
129=UZgsSQGMSG9N9y1JAYWpAS5IAWgFVQIvSAHZUzBIAdUCMSgpADIoKQAzKCkANCgpADUoKQ
130=A2KCkANygpADgoKQA5KCkAOigpADsoKQA8SAHNMT1IAc0xPkgBxRM/KCkAQCgpAEEoKQBC
131=KCkAQygpAEQoKQBFKCkARigpAEcoKQBISAEldTBJSAHJTkpIASWBIUtIAdkRTCgpAE0oKQ
132=BOSAF1ZQZ1ZSaVZQd1ZSaUBlUuUUAEjwECAFIoKQBTKCkAVEgB0ZhVSAElYShWKCkAV0gB
133=xRNYSAHFE1lIAd0KWkgB2V5bSAHZXlxIAdleXSgpAF5IAcXDX0gBwQRgKCkAYUgBySJiSA
134=HBD2MoKQBkSAHFrWVIAc0QZigrABsAJyEGeAAAVekcSAFsaFlTHcgBVQIeSAFsaFUCH8gB
135=VQIgSQFTdAkiJyYnAGGpASJUAmgBRWAjSAFsaF3FJMgBXcUlSAFsaFUCJsgBVQInSAFsaF
136=UCKMgBVQIpSQGSf2IGACpJAUCpDCvIAVnMLEkBi2AEIi9pJwCJqQEuVAJpBQBmzicAJw0N
137=J5ACVQIxKIEAMigpADMoKQA0KCkANSgpADYoKQA3KCkAOCgpADkoKQA6KCkAOygpADxIAc
138=U/PUgBxT8+SAGLEwIAPygpAEAoKQBBKCkAQigpAEMoKQBEKCkARSgpAEYoKQBHKCgAAkgA
139=JwAAEQAA6Q4AIAkAAAAAAgBJACcA1gGIAQJKACcA0KkBS0gBTAJhBEwoKQBNKCkATkkB62
140=cEAgBPyAEBAQIAUEgBcAIBAAIAUSgpAFIoKQBTKCkAVEkB2rUNVUkBzakBVigpAFcoKQBY
141=KCkAWUkB1a0FWkgB1Q1bKCkAXEkB26EEXUkB06kBXkkB0qkBX0gBxQhgSAHFCGEoKQBiSA
142=HFE2NJAdS5BmRIAc0FZSgpAGZJAdmhBGdIAcMEGgAohAFdIBsoKQAcKCkAHSgpAB4oKQAf
143=KCkAIEkBU0wIAQEGACFJAWFIAQECBgAiyAEBAwYAI0kBbVQCAQAGACTIAU0FJUkBabUCJs
144=gBVQInSQF9tQIoyAFVAilIAXACRQgqSQFATAFJDCvIAQEDAgAsSQGNrRstSAFcA31BLkkB
145=17UCL0gBwUYwSAHBBDEoKQAyKCkAMygpADQoKQA1KCkANigpADcoKQA4KCkAOSgpADooKQ
146=A7KCkAPCgpAD0oKQA+KCkAPygpAEAoKQBBKCkAQigpAEMoKQBEKCkARSgpAEYoKQBHKCkA
147=SCgpAElIASdlDSgoZA0naQhMQATNJk0oKQBOSAFlawJmaygAaAFNMVBUAs0FUSgpAFIoKQ
148=BTSQHduTJUSAHNBVVIAc0QVkgB0WxXKCkAWEgByThZSAHZBlooKQBbKCkAXCgpAF0oKQBe
149=KCkAXygpAGAoKQBhKCkAYigpAGMoKQBkSAHFSmVJAc+1GGZIAd0VZ0kB0bUCaEgB0xQZAC
150=mEAQEAAgAaKCkAGygpABwoKQAdKCkAHigpAB8oKQAgSQFUeAl/bSkAe6kBIlQCaAFVZSNI
151=AXxtSWQkyAFVcCVIAXxtVQImyAFVAidIAXxtVQIoyAFVAilJATq9CirIAUmmK0kBkK0bLE
152=kBiakBLUgBaAVNGy5IAck4L0gB1ZEwSAHBBDEoKQAyKCkAMygpADQoKQA1KCkANigpADdJ
153=AU53CQYAOEkBSakBOcgBUR86SQFFtQI7yAFJFzxIAXACURQ9KCkAPigpAD8oKQBAKCkAQS
154=gpAEIoKQBDKCkAREgB3UFFSAHdQUZIAdFAR0gBwQ9IKCkASUgBwSVKSAHBJUtIAc0FTCgp
155=AE0oKQBOSAFxbAR9bSmdbQVk2SdxCVFABMUIUigpAFMoKQBUKCkAVUgBzRBWSAHFzlcoKQ
156=BYSAHFE1lIAd0KWigpAFsoKQBcSQHiRARJLV1IAUQBfa9eKCkAXygpAGAoKQBhKCkAYigp
157=AGMoKQBkSAHd22VIAdFsZigpAGcoKQBoSAHVLmlIAc8QGAAqhAFFPxkoKQAaKCkAGygpAB
158=woKQAdKCkAHigpAB8oKQAgSAF0cElOIUgBaG9NaCLIAU1oI0gBdXAEdt4qAGgBAQUGACVV
159=AlJjEgYAJkkBNqkBJ8gBUQkoSQE4tQIpSAF0cFmrKkgBcAJVGCsoKQAsKCkALUgBwVEuSA
160=HdpC9IAdkGMCgpADEoKQAyKCkAMygpADQoKQA1KCkANkkBT3cJBgA3yAFdFThIAXACSfM5
161=KCkAOkkBkn+DBgA7SQFFRARdIDzIAQEFAgA9SAFQAnVEPigpAD8oKQBAKCkAQSgpAEIoKQ
162=BDSAHFHkRIAclDRSgpAEZIAd1XR0gB1Q1IKCkASUkB2HMUAgBKSAHBBEsoKQBMKCkATSgp
163=AE5IAXVwBnVwKpVwB3RwJ50JUUAE0QlSSAHRFFNIAd2DVEgBJbEnVUgB0RRWSAHZBlcoKQ
164=BYKCkAWSgpAFooKQBbSAFob1GCXMgBXStdyAFRFF5IAd0KXygpAGAoKQBhKCkAYkgBJUUq
165=Y0gB2WlkSAHFCGVIAdWGZkgB1S5nKCkAaEgB1U9pSAHZBmooKwAXACuQAklZGCgpABkoKQ
166=AaKCkAGygpABwoKQAdKCkAHigpAB8oKQAgSQExcAxl5CthAQBZUyJUAoyJIkYqKwCULm1z
167=K0hUTARsc6gBUZgmTAVsc0lvJ8oBAwJd+StWzgAAQQQpVALBOypIAdU5KygpACxIAdk9LU
168=gB2asuKCkAL0gBJW0vMEgBRBBxYTEoKQAyKCkAM0kBTWcEBgA0SQFIqQE1yAFVcDZIAWxz
169=SZA3SAF8A0UeOEgBI8cvBgA5SAHVAjooKQA7SQFDewIGADzJAQFsc88mAgA+VAJ8A1E1Py
170=gpAEBIAdVEQUgB0R9CKCkAQ0gByUNEKCkARUgBly4CAEZIAd0KRygpAEhIAdEqSUgBzSZK
171=SAHBUUtIAdkGTCgpAE0oKQBOSQGWZARucysAaAFBGlBUAnACVRhRKCkAUkgByVlTSAHRVl
172=RIAc0FVSgpAFYoKQBXKCkAWCgpAFkoKQBaKCkAWygpAFxIAXh0AQkCAF3IAQEKAgBeyAEB
173=CwIAX0gBwQ9gKCkAYUgBizgCAGJIAcEEY0gByRdkSAHdTGVIAdUuZigpAGcoKQBoKCkAaU
174=gB0SpqSAHdCmsoKwAWACyQAk0mFygpABgoKQAZKCkAGigpABsoKQAcKCkAHSgpAB4oKQAf
175=KCkAIEgBZHYBAgIAIcgBSegiSQE1dBBmdiwAaAFNXSRVAjtUAk0FJUkBjKW4JkkBhKkBJ0
176=kBiqkBKEgBSAVlaylIAdW9KkgB1QIrKCkALEkB3LkGLUgBwQQuSAHJDC9IAd0KMEgBwQQx
177=KCkAMigpADNIASJ4IFVwNEgBjQUGRhgsAINcBgA2VAKcNnbpLADJAThUAog4ZHYnVQA6VA
178=KRNQZIldgyZnYsAHB3Qes9QARpAQVkdsMEAgA/VAKDDwIAQCgpAEEoKQBCKCkAQ0gBxUpE
179=SAHRYUVIAcUIRigpAEdIAdl/SEgBzQVJSAHNBUpIAYetAgBLSAGLFwIATEgBwQRNKCkATk
180=gBeHRVOU/JAQN36SwA2FAFUXdRVAJFAQBBUVJIAd0KU0gBzYlUSAHBBFUoKQBWKCkAVygp
181=AFgoKQBZKCkAWigpAFsoKQBcKCkAXUgBcXcOZnYsAGkBD2d2LACpRA9RFGBABMkiYUgBiD
182=hkdss4AgBjKFUAZCgpAGUoKQBmKCkAZygpAGgoKQBpKCkAakgB0SprSAFIEHUjbCgrABUA
183=LZACTSYWKCkAFygpABgoKQAZKCkAGigpABsoKQAcKCkAHSgpAB4oKQAfKCkAICgpACFIAW
184=h6TVIiSAFwd008I8gBTTwkSAElOTklSQGHqW8mSQGJqQEnSAGYGGTvJ0EDKVQC2XQqSQGO
185=rQUrSAHNBSxIAcV2LUkBiKEELkkBhakBL0gBzQUwKCkAMSgpADIoKQAzSAF8eF2ONEgBmA
186=Z9eC0kJFJ+eC0AmD18eCcpADhMBdUCOSgpADooKQA7SAGIOH94LQBEYwsGAD1UAmgBRUo+
187=SAFwAkk4PygpAEAoKQBBSAHJTkJIAdHwQ0gB3eZESAHJZEVIAdEJRigpAEcoKQBISAHRo0
188=lIAc0FSigpAEtIAcEETEgBwQRNKCkATigpAE9IAXF3BH14LZx4UUBR1AIBBgIAUkgBxQhT
189=KCkAVCgpAFUoKQBWKCkAVygpAFgoKQBZSAGPqgIAWkgBkyoCAFtIAckMXCgpAF0oKQBeSQ
190=GpRARNUl/IAU1SYEgBUAJ5aWFIAcWiYkgBlDl8eM88AgBkKFUAZSgpAGYoKQBnKCkAaCgp
191=AGkoKQBqKCkAa0gBj8ACAGxIAdUYbUgB2xEUAC6EAV1BFSgpABYoKQAXKCkAGCgpABkoKQ
192=AaKCkAG0gBzUccSAHBDx1IASVFKh5IAZsNAgAfKCkAICgpACEoKQAiSAHBMCNIAdEJJEgB
193=1RglSAHRCSYoKQAnKCkAKCgpAClIAdGCKkkBiaV2K0gBxQgsSQGRtQItSAHVAi5JAY+1Ai
194=9IASUhIDBJAYa1AjFIAc0FMkkBTEwBSXozSQFRSAGV9C7p8zVUApg9dXsuKHQPJykAOCiB
195=ADkoKQA6KCkAO0gBmOJ0e9w2dXsugH1B9j5BBERAD11iP0gBRAFpTkAoKQBBKCkAQigpAE
196=NJASdxBQFDCS4A6W8bAQBFVAIjp1YBAEZIAXwDVURHSAHZMkhIAcWBSUgBwQRKKCkAS0gB
197=wetMSAHdNk1IAc0FTigpAE8oKQBQSAFhfQkiDWUugX0KdHuoAQELAgBTQATFCFQoKQBVKC
198=kAVigpAFcoKQBYKCkAWUgB1XBaSAGQKnR70yoCAFxUAskMXSgpAF5JAe14Anb0LgBoAU2q
199=YFQCcAJVI2FIAcUeYkkBzWQpdHvMPHR7JykAZSiBAGYoKQBnKCkAaCgpAGkoKQBqKCkAay
200=gpAGxIAdUYbUgB2RFuKCsAEwAvkAJRFBQoKQAVKCkAFigpABcoKQAYKCkAGSgpABpIASWp
201=XRtIAYMLAgAcSAHJ6B1IAdUCHigpAB8oKQAgKCkAISgpACJIAdkyI0gB2SckKCkAJUgBxY
202=EmKCkAJ0gB0UsoSAHBDykoKQAqKCkAKygpACwoKQAtKCkALigpAC9IAdl/MEgB1YYxSAFg
203=fQECBgAyyAEBAwYAM0gBI9AgIi49LwCQQGb6LwCUGGx+JykAN0wF1QI4KCkAOSgpADooKQ
204=A7KCkAPEgBmBxvfi8AWH8cBgA+VQJGqQE/yAFNUkBIAXACWT1BSAHVe0JIAdV7Q0kBI2QE
205=bn4vACMwOG9+LwDgcFZufi8A0blHTAXBfUhIAXQGXQpJKCkASigpAEsoKQBMSAHVOU1IAd
206=02TigpAE9IAYAaZPoneQpRVAJ5fw5tfi+Zfw9sflAURA9NG1RCBP//TwECAFVIAUABdZxW
207=KCkAVygpAFhIAdmVWUgBlC5l+i8mNWpbVALFCFwoKQBdKCkAXkkB7UQEhvovAGgBhPonvQ
208=JhQARcA20QYkgBxR5jSQHNZClsfsc/AgBlKFUAZigpAGcoKQBoKCkAaSgpAGooKQBrKCkA
209=bCgpAG1IAcUpbkgB2RFvKCsAEgAwkAJdNhMoKQAUKCkAFSgpABYoKQAXKCkAGCgpABlIAY
210=BGItxpJ10BG1QC0YIcSQEhfw0CAB1JASKpAR5IAWQBTRAfKCkAIEgBxTQhSAHVRCJIAdkn
211=IygpACQoKQAlKCkAJigpACcoKQAoSAHJIilIAcAPCioAMAAAAAAAAAIAKwARAADIDgAgAT
212=AAAABAAAECACwAJykALSgpAC4oKQAvSQFLSgUABkIBMABoAQEBBgAxUQFRtQIySgGQAU8B
213=BgAzSQGJqQE0SAFNAgBZBjVJAda1AjZJAc2pATcoKQA4KCkAOSgpADooKQA7KCkAPCgpAD
214=1JAdGxCT5JAUR7DQYAP8gBAQECAEBIAXACAQACAEFJAeZvBQEAQkkB26kBQ0kBz6kBREkB
215=1KkBRUkB4KkBRkgBxQhHKCkASCgpAEkoKQBKKCkASygpAExIAZMfAgBNSAGTHwIATigpAE
216=9JAdB3DQIAUEgB1Q1RKCkAUkkB2VgCAQQCAFPIAQEFAgBUyAEBBgIAVUgBXQMAWRxWKCkA
217=VygpAFhIAc0QWUgBzRBaSAHBD1tIAcUIXCgpAF0oKQBeSQHpZwQCAF/IAV0rYEgBcAJBD2
218=EoKQBiSQHaoRpjSAHVDWQoKQBlKCkAZigpAGcoKQBoKCkAaSgpAGooKQBrKCkAbCgpAG0o
219=KQBuSAGLQwIAb0gB0RRwKCkAEURY1QISKCkAEygpABQoKQAVKCkAFigpABcoKQAYKCkAGU
220=kB3LEfGkkBIW8MAgAbSQHjtQIcSQEttQIdSQEjqQEeSAFkAUUpHygpACBIAcUpIUgBxSki
221=KCkAIygpACQoKQAlKCkAJigpACcoKQAoSAHFPylIAcEPKigpACsoKQAsKCkALSgpAC4oKQ
222=AvSAFxggJ/gzEA2XgcfYMxmAoBAAYAMkAEjAF/gzEA16EENFQCi28GADVIAY8bBgA2KCkA
223=NygpADgoKQA5KCkAOigpADsoKQA8KCkAPUgBmxwGAD5IAc0QP0kBREwBAQQGAEDIAVlpQU
224=kBJlUCAH+DMQAiqQFDVAKXOQEAREgBlzkBAEVJASWhBEZIAWQBXTZHKCkASCgpAEkoKQBK
225=KCkAS0gBi5ACAExJAdJoIn6DMQCcIHyDJykAT0AElBh8g9MqAgBRVALBD1IoKQBTSAFphQ
226=l8g0wxRQQKfIOoAQELAgBWQARRAgBdFVcoKQBYSAEnfBAn4QFaVALZEVtJAdWxFFxIAcUI
227=XSgpAF5IAX2DAn6DMQBoAQEDAgBgVALNBWFIAYtDAgBiSAHVAmNIAcEPZEgB1Q1lKCkAZi
228=gpAGcoKQBoKCkAaSgpAGooKQBrKCkAbCgpAG0oKQBuKCkAb0gBzRtwSAHFE3EoKQAQRFjV
229=AhEoKQASKCkAEygpABQoKQAVKCkAFigpABcoKQAYSAGHSgIAGUgB3YMaSAGQS3eGMgDddy
230=4DABxUApvXAgAdSAHZER4oKQAfKCkAICgpACFIAd0rIkgB3SsjKCkAJCgpACUoKQAmKCkA
231=JygpACgoKQApSAHZqypIAdkRKygpACwoKQAtKCkALigpAC9JAVBdBgF2hjIAkBR2hjIA0Y
232=IyQATJATNIAYsXBgA0KCkANSgpADYoKQA3KCkAOCgpADkoKQA6KCkAOygpADwoKQA9SAGc
233=bXWGMkgUSAAiVyEyAENEAV2ZQEAEaAFB4EFIAXACWWlCSAHBiENIAZQ5doYyAJQ5dIbTCQ
234=IARkAE2QZHKCkASEgBk6MCAElIAd0rSkgBzQVLKCkATCgpAE1IAdHETkgBzYlPSAGMJneG
235=MgDTeEh2hjIAzV1SQATdClMoKQBUSAFhiA52hjIAaQEPd4YyANpQBUUeV0AERAFhiFhIAc
236=EPWUgB1Q1aSAGbJwIAW0gBzQVcKCkAXSgpAF5IAWmFBHWGMpSGSbFgVALZBmFIAYhDdIbL
237=QwIAY1QC1Q1kKCkAZSgpAGYoKQBnKCkAaCgpAGkoKQBqKCkAaygpAGwoKQBtSAHRKm5IAS
238=OMKCJUISc1B3BUAt0VcSgpAHIoKwAPADOcA1VEECgpABEoKQASKCkAEygpABQoKQAVKCkA
239=FigpABcoKQAYSQHgrTwZSAHVhhpJASdoD2+JMwDpoQQcVAIl2SEdSAF8A0UTHigpAB8oKQ
240=AgKCkAIUgB2T0iSAHJIiNIAc0xJCgpACUoKQAmKCkAJygpACgoKQApSAHBRipIAdkRKygp
241=ACwoKQAtSQFNZwQGAC5IAWCIAQIGAC/JAQNtiTMoLREztOkiBCInKQAzTAWcFWyJJ1UANS
242=hVADYoKQA3KCkAOCgpADkoKQA6KCkAOygpADwoKQA9SAGMG2yJ0EBsiScpAEBABGyJAQQG
243=AEHIAUVgQkgBdBxZMkMoKQBEKCkARSgpAEZIAdWGR0gBi6YCAEhIAZgcbInbHAIASlQCwQ
244=RLSAHFjExIAdUNTSgpAE4oKQBPSQHYrUdQSAHNBVEoKQBSKCkAUygpAFQoKQBVSAFgiEF9
245=VsgBWRxXyAEBBgIAWEgB3QpZSAHdTFpIAd1tW0gBwQRcKCkAXSgpAF5IAWyJUQlfyQEHIg
246=Qiyy0CAGFUAt0KYkgB1SNjKCkAZCgpAGUoKQBmKCkAZygpAGgoKQBpKCkAakgB3WJrKCkA
247=bEgB1RhtSAHVGG4oKQBvSAElNShwSAHZMnFIAc0FcigpAHMoKQAOVOHBBA8oKQAQKCkAES
248=gpABIoKQATKCkAFCgpABUoKQAWKCkAFygpABhJASR4DSK1IjTtiRpUAs2JG0gBfANRVhwo
249=KQAdKCkAHigpAB8oKQAgKCkAISgpACIoKQAjSAHNwCRIAd02JSgpACYoKQAnKCkAKCgpAC
250=koKQAqSAHdKytIAd0VLCgpAC1IAYS7Z4w0AFdkBGWMNGABIjFDMEAEmBEitSI0KIQRJykA
251=M0AEkBRkjCdVADVUAohDIowzJ1UAN1QCzQU4KCkAOSgpADooKQA7KCkAPCgpAD0oKQA+SA
252=GMG2SMJ70CQFUCWHAXZ4w0AEWpAUJUAmgBRfpDSAFwAl02RCgpAEVIAdmKRkgBkxQCAEco
253=KQBIKCkASSgpAEooKQBLSAGMnyKMM9gRIowzJykATkAEwQ9PSAEjnDUitCIngQBRVALBBF
254=IoKQBTKCkAVEgB0RRVSAGQHyK1IjQjtiIJAlg3qQEKZIyoAQELAgBZTAXdClooKQBbSAGf
255=5gIAXEgBwQRdKCkAXkkB6HgCIrYiNABoAVknYFQCcAJZJ2EoKQBiSAHRjWNIAdknZCgpAG
256=UoKQBmSAGLQwIAZ0gBzQVoKCkAaUgBxSlqSAHVDWsoKQBsKCkAbSgpAG4oKQBvKCkAcEgB
257=n1cCAHFIAc0mckgB3QpzKCkAdCgrAA0ANZwDWRwOKCkADygpABAoKQARKCkAEigpABMoKQ
258=AUKCkAFSgpABYoKQAXKCkAGCgpABkoKQAaKCkAGygpABwoKQAdKCkAHigpAB9IASNDJAEA
259=IEgBI0MkAQAhSQEodxsBACJIAWQBWRwjSAHJOCRIAdkyJSgpACYoKQAnKCkAKCgpACkoKQ
260=AqSAHJOCtIAckMLCgpAC1IAXyORUouSQFWZAR+jjUAhMMiZiM1AJREfY41KNwRJykAM1gG
261=kBR+jjUAlA0ibEUBNQD//1QJfo41AIMaBgA3KK0AOCgpADkoKQA6KCkAOygpADwoKQA9KC
262=kAPigpAD9IAYRKImxFwEZ8jicpAEJABHyOAQQGAEPIAQEFAgBESAFIFCJRMUVIAdlTRkgB
263=gBp8jtgcImQjJykASSiBAEooKQBLKCkATEgBmBF8jswQImxFJykAT0AEwQ9QKCkAUSgpAF
264=JIAYAwIu1VNSYZNVRUAowxIpQ0yC18jiddAVdABCK9Iw58jlQuTQwPfI5UOUgBTTxaQARE
265=AWUeWygpAFwoKQBdKCkAXkgBcI0jbUU1nY4DImQjJ7UBYUAE0QliKCkAY0gBmz0CAGRIAd
266=0VZUgBJTEiZkgB2QZnSAHNBWhIAdUuaSgpAGpIASXhOGtIAdkGbEgB1SNtSAElaSluKCkA
267=bygpAHBIAd0KcSgpAHJIAcU0c0gB3Qp0KCkAdSgrAAwANpwDTXMNKCkADigpAA8oKQAQKC
268=kAESgpABIoKQATKCkAFCgpABUoKQAWKCkAFygpABgoKQAZSAHRzxpIAdUYG0gBlxQCABxI
269=AcEEHUgB2SceSAHJkB9IASPwJHWRNiTkVHaRNgAjoCV2kTYAwZMjTAXdCiRIAdE1JUgB0S
270=omKCkAJygpACgoKQApKCkAKkgB0UArSAHdCiwoKQAtKCkALkkBU2QEd5E2AI4iHDB0kcwx
271=dpE2AIR2Ip01NuGTM1gGhBN2kTYAlA11kTYoNBInKQA3TAXFCDhIAdkGOSgpADooKQA7KC
272=kAPCgpAD0oKQA+KCkAPygpAEBIAYAwdJEn6QJCVQJArRtDyAFNc0RIAXACAQACAEVIAckt
273=RkgBhBN0kdgcdJEnKQBJKIEASigpAEsoKQBMKCkATUgB1WVOSAHNR09IAcEPUCgpAFEoKQ
274=BSSAHNR1NIAdnXVEgB1URVSAHdFVZIAYQeIhQkxB53kTYA200MBHSRqAFdr1pMBXUCBiLM
275=RietAFxUAkgFbZRdKCkAXkgBdJFFCF/IAUUIYEgBzQVhKCkAYigpAGMoKQBkKCkAZSgpAG
276=YoKQBnKCkAaEgBwRppSAGbSAIAakgB1Q1rKCkAbCgpAG1IAYdKAgBuSAHdNm8oKQBwKCkA
277=cSgpAHIoKQBzSAHFNHRIAcU0dUgBwQ92KCkAC1zp1QIMKCkADSgpAA4oKQAPKCkAECgpAB
278=EoKQASKCkAE0gBJc1cFEgByQwVKCkAFigpABcoKQAYSAHVshlIAdEfGigpABtIASVBUBxI
279=AdEqHUgByQweSAEjt1kBAB9IAZAJbZQ3tHtulDcAiCJulDcAI+dJAQAjTAXFCCQoKQAlSA
280=HJOCZIAd3QJygpAChIAdEUKUgBI+MiAgAqSAHRCSsoKQAsSQGMa5ACAC1JAYapAS5IAW2U
281=AW+UNwCLdAJulDcAgARtlDcm6SMyTAWMECI1ajfhkzRUAoVrBV3NNyR1OwVFPDe9rwVYAy
282=cFAThQAcUIOSgpADpIAZcYBgA7KCkAPCgpAD0oKQA+KCkAP0gBhB4ixSQ3gR4AbJQnKQBC
283=QQRAXQICIsYkNwBoAVX/RFQCUgIAAGyUzAUiXVk3qLFslNA1bJQnKAAHSQA3AM0BAAAAAh
284=EAAOMOACAKAEoANwDNAQAAAAIASygpAEwoKQBNKCkATksB0gEAbQVPSQHVqQFQSAFMAnUC
285=UUkBJ28BAQBSSQEjqQFTSQHZbwUBAFRJASS1AlVJASipAVZIAWQBTRBXKCkAWCgpAFlJAd
286=tEBAEJAgBayAEBCgIAW8gBAQsCAFxIAVwDbRBdKCkAXkkB6FgCAQYCAF/IAQEHAgBgSAFQ
287=Am0FYSgpAGIoKQBjKCkAZCgpAGUoKQBmKCkAZygpAGgoKQBpKCkAaigpAGsoKQBsSQHXay
288=ICAG1JAc2pAW4oKQBvKCkAcCgpAHEoKQByKCkAcygpAHRJAdCxCXVIAdkcdigpAHcoKwAK
289=ADicA1UuCygpAAwoKQANKCkADigpAA8oKQAQSAHVGBFJAc+hDxIoKQATSAHZERRIAZsNAg
290=AVKCkAFigpABcoKQAYKCkAGUkB1r0KGkgB0QkbSAHRCRwoKQAdKCkAHkkBJmcEAQAfSQEi
291=qQEgSAGTCQEAIUgBkwkBACJIAc1SI0gBzVIkSAF0BlUjJSgpACYoKQAnKCkAKEkB2rEUKU
292=kB1KkBKkgBxQgrKCkALEkBj6EELUkBhakBLkkBMXMFBgAvSAGDBAYAMEkBiWMEBgAxSQFk
293=SAEBAQUAMsgBAQIFADNJAehUAgEABQA0SAGfbQUANUgBbAlVAjZIAY0bBV8+OABlrQU4VA
294=JoAVEJOUoB//9XBQYAOkgBlxgGADtIAY9SBgA8KCkAPSgpAD4oKQA/SAGTggYAQEgBk4IG
295=AEFJATpYCgEABgBCyAEBAQIAQ0kBjm8QAgBESAF8A10rRSgpAEZIAYc0AgBHSAGPEAIASC
296=gpAEkoKQBKKCkASygpAEwoKQBNSAGPPAIATkgB1Q1PKCkAUCgpAFFJAeZkE2eXOADbqQFT
297=VAKECGSX12UBAFVUApMqAQBWSQHprQVXSAHNR1hIAdUNWSgpAFpIAXGYDmSXSAxFBA9nlz
298=gA3UgBVSNdQARFAQBJIl5JAZdsAWaXOABoAUEEYFQCcAJBBGEoKQBiKCkAY0gBwXJkSAHB
299=cmVIAZsyAgBmSAHFCGcoKQBoKCkAaSgpAGooKQBrKCkAbEgBxTRtSAHFNG4oKQBvKCkAcC
300=gpAHEoKQByKCkAcygpAHRIAYstAgB1SAHRFHYoKQB3KCkAeCgrAAkAOYgFSSIKKCkACygp
301=AAwoKQANKCkADigpAA8oKQAQSAHNGxFIAZdaAgASKCkAE0gB0RQUSAGED3yZJw0CFihVAB
302=coKQAYSAGHSgIAGUgB3QoaSAHJhRtIAdEJHCgpAB0oKQAeKCkAH0gBxVUgSAGEdn6ZOQCc
303=Cn6ZOQCbPQEAI0EE4LlTJEgByQwlKCkAJigpACcoKQAoKCkAKSgpACooKQArKCkALCgpAC
304=1JAY13DQIALkgBfpkCAl2ZOVeXAAADfpk5AHCYSQExQARpAQR8mbYCBQRfmTkAIHUUBFyZ
305=JykANUwFl5wEADZIAcEEN0gBcpgDBFVBOYibUQk51QIFf5k5AFdwCX6ZOQCAJX6ZOQCTVg
306=YAPUwFyQE+SAGDOwYAP0gBdQYAf5k5AFJtAQZdmTlApElzAl+ZOQCMuRxDTAWAtHyZJxEI
307=RVQCdAZNUkZIAcVKR0gBlA18mc8QAgBJKFUASigpAEsoKQBMKCkATSgpAE5IAY88AgBPSA
308=HVDVAoKQBRSAHB4FJIAcHgU0gBnCB/mTkA03QYfJknKQBWQASdCgFLJzkA4KEEWFQCyQxZ
309=KCkAWigpAFtIAXCYWT1cyAEBAwIAXUkBtVwGRZdeyAFBBF9IAXyZQQRgSAFcA1YqAGFIAc
310=WXYkgBxZdjSAHNJmRIAYc0AgBlSAHZBmZIASNrKQIAZ0gB1QJoKCkAaSgpAGooKQBrKCkA
311=bEgBxTRtSAGPaAIAbkgBwQ9vKCkAcCgpAHEoKQByKCkAcygpAHRIAd0VdUgBxRN2KCkAdy
312=gpAHgoKQB5KCkACIBOQwcCAAkoKQAKKCkACygpAAwoKQANKCkADigpAA9IAcmQEEgB3Y4R
313=SAFADGEwEigpABNJAdxnPwIAFEgBwQQVKCkAFigpABdIAcEwGEgBzQUZKCkAGigpABsoKQ
314=AcKCkAHSgpAB4oKQAfSAHdVyBJAeN4EXacOgDJASIoVQAjSQElZw8BACRIAWQBSW8lKCkA
315=JigpACcoKQAoKCkAKSgpACooKQArKCkALCgpAC1IASN8JnecOgCKZBN1nDqUnAEFAgAwQA
316=RqmwYCRQI6gJ4BBwIAMtYCCANVnDq1nANXnDoA52cIAwA1QASJmwNUnCeBADdVAmVCBAYD
317=VZw6lJxQCWyRdgIIAlsDOgBTaB50nCPGJQAAdpw6AJRadZw64Z4+VAWAXHWcOrDEdZw6WJ
318=tICHScqAFFdkJNBZFAD0UpQ0gBWAN1REQoKQBFKCkARkgBmIoi1CbUDXWcOqjSdJwnVQBK
319=TAXFa0soKQBMKCkATUgBwWdOSAHBD08oKQBQKCkAUSgpAFJIAcFGU0gB1URUSAHNn1VIAZ
320=AJItcmOgAhbAF2nDoAzUdY4wQCAFkoKQBaKCkAWygpAFxIAWibUZhdyAEBBAIAXskBBSLU
321=JswxIrw5JykAYUAEmzICAGJIAd0gY0gBmzICAGQoKQBlSAGAtCLWJjoAxXZnVAJkF1kyaC
322=gpAGkoKQBqKCkAaygpAGxIAcl6bUgBxQhuSAHdNm9IAdkRcCgpAHEoKQByKCkAcygpAHQo
323=KQB1SQHRoUZ2SAHJDHcoKQB4KCkAeSgpAHooKwAHADuUBk0bCCgpAAkoKQAKKCkACygpAA
324=woKQANKCkADigpAA8oKQAQKCkAESgpABIoKQATKCkAFCgpABUoKQAWSAHBqRdIAcVVGEgB
325=jBcihCcnFQMaKFUAGygpABwoKQAdKCkAHigpAB9IAckMIEgB0UAhSAHZ4iJIAZf0AgAjSA
326=HBDyQoKQAlKCkAJigpACcoKQAoSAHZtilIAcUIKigpACsoKQAsKCkALSgpAC4oKQAvKCkA
327=MCgpADFJAWRdQQptnzuaoAsCTp87ACOVNAJMn8Albp87ACPdSAJNnzunogIAN0UIZUYICQ
328=JNnzuMn1EJOVQC3RU6SQFTTQEBbJ/QCW2fOyaxJz1ABINnBgA+SAFIBXGjPygpAEBJAUFZ
329=AgJtnzuYoEl6QlQC1SNDSAFcA6yfywwCAEUoVQBGKCkAR0kB2FwVXVdISAHZBklIAdFsSk
330=gBwX1LSAHdbUwoKQBNSAHBBE5IAdk9T0gB0UBQSAHVAlEoKQBSSAHJb1NIAcEPVEgBJaEw
331=VUkB3WQTb587AOCpAVdUAs0FWCgpAFkoKQBaKCkAW0kBvXAFIsY6OwBpAQEihic7AHigSd
332=JeQARoAUnSX0kB2EwFQQRgSAFEAXknYUgB3SBiSAGbMgIAY0gBwQRkKCkAZSgpAGYoKQBn
333=KCkAaCgpAGkoKQBqKCkAaygpAGwoKQBtKCkAbigpAG9IAcUTcEgBwTBxSAHFNHIoKQBzKC
334=kAdCgpAHVIAcWBdkgBwRp3KCkAeCgpAHkoKQB6KCkAeygoAGRYxwgHADyEAUVKCCgpAAko
335=KQAKKCkACygpAAwoKQANKCkADigpAA8oKQAQKCkAESgpABIoKQATKCkAFCgpABUoKQAWKC
336=kAF0gBxWAYSAGMF2SiJxUDGihVABsoKQAcKCkAHSgpAB4oKQAfKCkAICgpACFIAdUNIkgB
337=1Q0jKCkAJCgpACUoKQAmSAElqTEnSAHZaShIAdk9KUgB2WkqSAHdCisoKQAsKCkALSgpAC
338=4oKQAvKCkAMCgpADEoKQAyKCkAM0gBIzRJZqI8ACM3SQIANVQCIzhPZqI8ACOITmSiJyUF
339=OEAExRM5KCkAOkkBVHgCZKLMBXxJJykAPUAEfQMAZKInVQA/VQKOcIIiNyg8AD9kBGSiqA
340=FdeEJABCX9IENIAXwDTVJEKCkARSgpAEYoKQBHSAHFNEhIAdkGSSgpAEooKQBLSAHVcExI
341=Ad2DTUgB2QZOSAHNEE9IAdUCUEgB2QZRSAHJOFJIAcFyU0gBzQVUSAEljShVSAEljShWSA
342=ElCShXSAHNBVgoKQBZKCkAWkkBnGQEIg5PPABoAVUjXFUCvVQCScddSAFEAWGeXkgBeaAE
343=IjYoPABpAQUiNCioAQEGAgBhQATNBWIoKQBjKCkAZCgpAGUoKQBmKCkAZygpAGgoKQBpKC
344=kAaigpAGsoKQBsKCkAbSgpAG4oKQBvKCkAcCgpAHFIAcktckgByS1zKCkAdCgpAHUoKQB2
345=SAHRbHdIAcVreEgB0R95KCkAeigpAHsoKQB8KCsABQA9lAZUTyJoM48BAgAHKFUACCgpAA
346=koKQAKKCkACygpAAwoKQANKCkADigpAA8oKQAQKCkAESgpABIoKQATSAGM7CLUPCeRAhVU
347=AtEUFigpABdIAd1iGEgBwQQZKCkAGigpABsoKQAcKCkAHSgpAB4oKQAfKCkAICgpACFIAc
348=FnIkgB1Q0jKCkAJCgpACUoKQAmSAElsTInSAHZPShIAcXkKUgB2XQqSAHdCisoKQAsKCkA
349=LSgpAC5IAd2vL0gByUMwKCkAMUgBJXkrMkgB3QozKCkANCgpADVJAfFkBH6kPQBoAUFyN1
350=QCcAJVRDgoKQA5KCkAOkgBfKQj5Sg9JLhffaQ9JlE8PUAEhAh9pD0kvE8i1zw9AIn9pD2c
351=pCPkKKgBWX9C+AYirGMnEQhEKFUARSgpAEZIAd0gR0gBxSlISAGADyLUPCcFAUooVQBLKC
352=kATCgpAE0oKQBOKCkATygpAFAoKQBRSAHdeFJIAcEPU0gBwQ9UKCkAVSgpAFYoKQBXKCkA
353=WCgpAFkoKQBaSAFxowJ9pD2cpFUjXFQCyQxdKCkAXigpAF9IAX2kCX2kPYmmCnykqQELIt
354=Q8J0kEY0wF0QlkKCkAZSgpAGYoKQBnKCkAaCgpAGkoKQBqKCkAaygpAGwoKQBtKCkAbigp
355=AG8oKQBwKCkAcSgpAHJIAc1oc0gBzWh0KCkAdSgpAHYoKQB3KCkAeEkB0WtOAgB5SAHFHn
356=ooKQB7KCkAfCgpAH0oKwAEAD6UBlFhBSgoAAQGAD4AAAAAEQAAIg4AIAYAAAIABwA+AABg
357=AAICAAgAPmABdQIJKCkACigpAAsoKQAMKCkADUoB1wFHBwIADkkBz6kBD0kB0akBEEgBWA
358=N9ChEoKQASKCkAEygpABRJAdu5BhVJAdWpARZIAcUIF0kB1rUCGEgBwQQZSAHBBBooKQAb
359=KCkAHCgpAB1IAckMHkgB0RQfSAHFCCAoKQAhKCkAIigpACMoKQAkKCkAJSgpACZIAdEUJ0
360=kB1L0VKEgByQwpKCkAKigpACsoKQAsKCkALUgB3SsuSQHNsQkvKCkAMEkB0LUCMUgByQwy
361=KCkAMygpADQoKQA1SQHxUAUBAwIANsgBAQQCADfIAQEFAgA4SgH//0cEAgA5SQGOqQw6SQ
362=ExUAIBAAYAO0gBZAFJATwoKQA9SQHdbQUGQwE+AJGpAT9RATlzBQYAQMgBAQECAEFIAXAC
363=QVFCKCkAQ0gBxR5ESAHFSkVJAdNzCQIARkgB0SpHSAHFCEgoKQBJKCkASigpAEsoKQBMKC
364=kATSgpAE4oKQBPKCkAUCgpAFEoKQBSKCkAUygpAFQoKQBVKCkAVigpAFcoKQBYKCkAWSgp
365=AFpJAexnGgIAW8gBQSVcSAFwAkElXSgpAF4oKQBfKCkAYEkB2FAFAQ4CAGHIAQEPAgBiSQ
366=GjVAJRCWNJActIAVEJZMgBVQJlyAEBAgIAZkkByqEEZ8gBQQRoyAFBBGnIAU1HakkBya0F
367=a8gBTQVsyAFNBW3IAU0FbkkBz60Fb8gBTQVwyAFNBXFIAXwDRRNySQHauT1zSAHZXnQoKQ
368=B1KCkAdigpAHcoKQB4KCkAeUgB2Uh6KCkAeygpAHxJAdG1DX1IAc0QfigrAAMAP5ACRRME
369=KCkABSgpAAYoKQAHKCkACCgpAAlIAdVaCkgB2RELKCkADCgpAA1IAcUeDigpAA8oKQAQSA
370=HFCBFIAckXEkgBlxQCABMoKQAUKCkAFSgpABZIAdkRF0gBwYgYSAHFCBkoKQAaKCkAGygp
371=ABwoKQAdKCkAHkkB2KUpH0gB0QkgKCkAISgpACIoKQAjKCkAJCgpACVIAc21JkgBzX4nSA
372=HdCigoKQApKCkAKigpACsoKQAsKCkALUgBwbQuSAHJLS8oKQAwSAHVDTFIAdUNMigpADMo
373=KQA0KCkANUkB8VEFBm6qPwBpAQdsqiftCDhABF0DAFlIOUkBjaElOkgBbKpFYDvIAQEDBg
374=A8SQE2cwUGAD3JAQFtqj9Es1gCYU4/RLNPCQIAQEAETQIAXQpBKCkAQkgBzTxDSQHStQ1E
375=SAHNG0VIAdkGRigpAEcoKQBIKCkASSgpAEooKQBLKCkATCgpAE0oKQBOKCkATygpAFAoKQ
376=BRKCkAUigpAFMoKQBUKCkAVSgpAFYoKQBXKCkAWCgpAFkoKQBaSAFsql0rW8gBVZFcSAHR
377=H10oKQBeKCkAXygpAGAoKQBhSAFgqVEJYsgBUQljSAFsqkkBZMgBVellyAFV6WZIAWyqVQ
378=JnyAFVAmjIAUFGacgBQUZqSAFsqk0Fa8gBTQVsyAFNBW3IAU0FbkgBbKpBD2/IAVkGcMgB
379=WQZxSAHZHHIoKQBzSAHFYHRIAcVgdSgpAHYoKQB3KCkAeCgpAHkoKQB6KCkAeygpAHwoKQ
380=B9SQHRtU9+SAHZEX8oKABkWNcCAwBAhAEBAAIABCgpAAUoKAAiBCGEBCL1KkCFAQAi9SpA
381=6QEJTAXNGwpIAc0bCygpAAwoKQANKCkADigpAA8oKQAQKCkAESgpABJIAcEaE0gBhw8CAB
382=QoKQAVSAHJbxZIAc0QF0gBJ6QVJ70CGVQCzQUaSAElTSsbSAHdChwoKQAdKCkAHkgBJ6QV
383=JzEBIFQC2QYhKCkAIigpACMoKQAkKCkAJSgpACYoKQAnKCkAKCgpACkoKQAqKCkAKygpAC
384=woKQAtSAHZ+C5IAcmQL0gByZAwSAHdFTEoKQAyKCkAMygpADQoKQA1SQHrfAZmrUAAaQEB
385=ZK0nHQQ4QAR9AwAi9ypAAIu1TzpVAoapATtIAXCuSWQ8SAFkrUl6PcgBWWk+SQE4SAhdCj
386=9IAUUBAFMJQABAhQEAIvUqQOkBQlQCzTFDSAGbAgIARCgpAEUoKQBGKCkARygpAEgoKQBJ
387=KCkASigpAEsoKQBMKCkATUkBTXsNBgBOSQFKqQFPSQFJqQFQyAFJx1FJAUa1AlLIAU0bU0
388=gBcAIBAAIAVCgpAFUoKQBWKCkAVygpAFgoKQBZKCkAWkgBZK1JkFvIAV0rXEgByQxdKCkA
389=XigpAF9IAcVgYEgBxWthSAHZBmIoKQBjKCkAZCgpAGUoKQBmKCkAZygpAGgoKQBpKCkAai
390=gpAGsoKQBsKCkAbSgpAG4oKQBvKCkAcCgpAHEoKQByKCkAc0gBxWB0SAHFgXUoKQB2KCkA
391=dygpAHgoKQB5KCkAeigpAHsoKQB8KCkAfSgpAH5IASWNKH9IAdEqgEgB0yoBAEGEAUQ/cF
392=mPAQIAAyhVAAQoKQAFKCkABigpAAdIAd02CEgB1Q0JSAHZHAooKQALKCkADCgpAA0oKQAO
393=KCkADygpABAoKQARKCkAEkgBwakTSAHJFxQoKQAVSAHNwBZIAdkRFygpABhIAd0VGUgB1Z
394=EaSAHRCRsoKQAcKCkAHSgpAB5JAdytiR9IAdkGICgpACEoKQAiKCkAIygpACQoKQAlKCkA
395=JigpACcoKQAoKCkAKSgpACooKQArKCkALCgpAC0oKQAuKCkALygpADAoKQAxKCkAMigpAD
396=MoKQA0KCkANUgBcK5JpjbIAUmmN0gB3SA4KCkAOUkBj6ElOkkBh6kBO0kBiKkBPCgpAD1J
397=AYq1Aj5IAdFLP0gB2eJASAHJDEEoKQBCSAEn/BUnVQtEVALNBUUoKQBGKCkAR0gBI69CAg
398=BISAHNBUkoKQBKKCkAS0gBJTlETEgBzQVNSQFUbAF/r0EAjGsXBgBPVQKEqQFQSAGDGgYA
399=UUkBQq0FUsgBAQECAFNIAXACVXBUKCkAVSgpAFYoKQBXKCkAWCgpAFkoKQBaSAF4MlEJW8
400=gBSQxcSAHJDF0oKQBeSAHdK19IAclkYCgpAGFIAdWGYkgBxQhjKCkAZCgpAGVJAdlkHiL1
401=QEGIBU0QZyhVAGhIAZsCAgBpKCkAaigpAGtIAcUIbEgBzQVtKCkAbigpAG8oKQBwKCkAcS
402=gpAHIoKQBzKCkAdEgB0YJ1SAHFHnYoKQB3KCkAeCgpAHkoKQB6KCkAeygpAHwoKQB9KCkA
403=figpAH9IAdmVgEgBzRuBKCoAAgCBQwBNJgMoKQAEKCkABSgpAAYoKQAHSAHBGghIAcEaCS
404=gpAAooKQALKCkADCgpAA0oKQAOKCkADygpABAoKQARKCkAEkgBwRoTSAHBGhQoKQAVSAHV
405=3hZIAcUTFygpABhIAcUIGUgBxQgaSAHBchtIAdUCHCgpAB0oKQAeKCkAHygpACAoKQAhKC
406=kAIigpACMoKQAkKCkAJSgpACZIAcFRJ0gBzRAoKCkAKSgpACpIAd0VK0gBzQUsKCkALSgp
407=AC4oKQAvKCkAMCgpADEoKQAySAHNEDNIAd0KNCgpADVIAWF9BCL9K0Ij/SsFIvwrJxkJOE
408=AE2QY5KCkAOigpADtIAdl/PEgBzeE9KCkAPkgBxTQ/SAHRCUBIASVJRkFIAdkGQkgByehD
409=SAHNBUQoKQBFKCkARigpAEcoKQBIKCkASSgpAEooKQBLKCkATCgpAE1IAX2vAX2vQiSYL3
410=+vQgCJd5EGAFBABJgRf69CAFhvAQYAUlQCJa0sU0kBR7UCVMgBUQlVSQFFtQJWyAEBAQIA
411=V0kBkn0KAkAJJ6kFWVQCaAVRd1pIAXkyAiL0VrgyWeJcVALBBF1IAdknXkgB3WJfKCkAYC
412=gpAGFIAdEqYkgBxQhjSAHJQ2RIAdUCZUgBxYFmSAHZMmdIASXJNWhIAdUCaSgpAGpIASVR
413=XWtIAc0FbEgB2e1tSAHJDG4oKQBvKCkAcCgpAHFIAcVKckgB1Q1zKCkAdEgBxR51KCkAdi
414=gpAHcoKQB4KCkAeSgpAHooKQB7KCkAfEgByRd9KCkAfkgB1Q1/SAHJWYBIAcEagSgpAIIo
415=KwADAEOcA1U5BCgpAAUoKQAGKCkAB0gB1S4ISAHVDQkoKQAKKCkACygpAAwoKQANKCkADi
416=gpAA9IAcEaEEgB3QoRSAHVAhIoKQATSAHV9BRIAY8XAgAVKCkAFkgBybEXSAHFCBhIAdFL
417=GUgB2QYaKCkAG0gBxVUcSAHdQR1IAc0FHigpAB8oKQAgKCkAISgpACIoKQAjKCkAJEgBwU
418=YlSAHBRiZIAdE1J0gB1Q0oKCkAKSgpACooKQArKCkALCgpAC0oKQAuKCkALygpADAoKQAx
419=SAHFHjJIAdUjM0gBzRA0KCkANUgBYX0Gfa9Dna8HfK8n7Qg4QATZBjlIAd0KOkgB2Rw7SA
420=HBOzwoKQA9KCkAPigpAD9IAc08QEgB3QpBSAEl0StCSAHVAkMoKQBEKCkARSgpAEYoKQBH
421=KCkASCgpAEkoKQBKKCkAS0kBS28MBgBMyAFdpE1JAVG1Ak5IASW1b09IAYA7fq9DAIQefK
422=8nKQBSQASDGgYAU0kBkG+qBgBUSAElrSxVSAF4CgEABgBWSAFqsQQGXq9DAGkBBXyvJ6kF
423=WUAEjwUCAFpIAXgyWeJbyAFNBVxIAcEEXSgpAF5IAdF3X0gBzTFgSAHFP2FIAdkGYigpAG
424=NIAdUuZEgBwQRlSAHRCWZIAcUIZ0gBwQRoSAHBBGlIAcEEakgBwQRrKCkAbCgpAG0oKQBu
425=KCkAbygpAHAoKQBxSAHJDHJIAcEacygpAHQoKAABdQBDABEAADEOACAIzQEAAAACAHYAQw
426=DJAXcoKQB4KCkAeSgpAHooKQB7SQHQpQh8SAFICQIAAAIAfSgpAH5JAdqhBH9JAdSpAYBI
427=Ac0FgSgpAIIoKQCDKCsABABEiAVdCgUoKQAGSgH//0MDAgAHSAHJDAhJAdKpDAkoKQAKSA
428=HNGwsoKQAMKCkADSgpAA5IAcEaD0gBQAxhGhBJAdy9ChFIAdUCEigpABNIAcEEFEgBwQQV
429=KCkAFigpABcoKQAYKCkAGSgpABooKQAbKCkAHCgpAB0oKQAeKCkAHygpACAoKQAhKCkAIi
430=gpACMoKQAkSQHWrRslSAHZJyZIAd0gJ0gBwRooKCkAKSgpACooKQArKCkALCgpAC0oKQAu
431=KCkALygpADAoKQAxKCkAMigpADMoKQA0KCkANUkBl2sTAgA2yAEBAQIAN0gBcAJBRjgoKQ
432=A5KCkAOkgBxR47SAHJQzwoKQA9KCkAPigpAD8oKQBASQHPrSZBSAHBJUJIAcEPQygpAEQo
433=KQBFKCkARigpAEcoKQBIKCkASSgpAEooKQBLSQFLTAwBAgYATEkB228QBgBNSAGbEQYATi
434=gpAE9IAY8bBgBQKCkAUSgpAFIoKQBTSAHFCFRJAdW9ClVJATpUDQEABgBWyAFdK1dJAY5j
435=BAIAWEgBfANJLVkoKQBaSQHrWAIBBgIAW8gBAQcCAFxIAVACeWldKCkAXkgB0XdfSAHdg2
436=BIAc0FYSgpAGIoKQBjSAHZBmRJAdO5EWVIAcUIZkgBxQhnKCkAaEgB2XRpSAHBBGooKQBr
437=KCkAbCgpAG0oKQBuKCkAbygpAHBJAdetEHFIAZcuAgByKCkAcygpAHQoKQB1KCkAdigpAH
438=coKQB4KCkAeSgpAHooKQB7SAHFHnxIAcEafSgpAH4oKQB/KCkAgCgpAIEoKQCCKCkAgygr
439=AAUARZgKTTwGKCkAB0gB3a8IKCkACSgpAApIAdFsC0gBySIMKCkADSgpAA5IAc1oD0gBmw
440=0CABAoKQARKCkAEigpABMoKQAUKCkAFSgpABYoKQAXKCkAGCgpABkoKQAaKCkAGygpABwo
441=KQAdKCkAHigpAB8oKQAgKCkAISgpACIoKQAjSAGHdgIAJEgB3TYlSAHFHiZIAdVaJ0gB1V
442=ooSAGDcgIAKUgBzQUqKCkAKygpACwoKQAtKCkALigpAC8oKQAwKCkAMSgpADIoKQAzKCkA
443=NEkBu0QPWX81yQECcq5FAH2vA3CuJ5UIOEAESAVhfTlIAcUeOkgB0UA7KCkAPCgpAD0oKQ
444=A+KCkAPygpAEAoKQBBSAHBRkJIAdUNQygpAEQoKQBFKCkARigpAEcoKQBISQFMSAgBAQYA
445=SUkBSEgBQZ5KyAFVAktJAVG1AkxIAWQBQQRNSAGAXHGuRSTzJAYAT1QCmBxwridVAFEoVQ
446=BSKCkAU0gBk0AGAFRJAVJjCwYAVUgBcK5dK1ZJAZC5ildJAYmpAVhJAaFvBQIAWcgBWTJa
447=SQGYtQJbyAFVAlxIAXACUXddKCkAXigpAF8oKQBgKCkAYSgpAGIoKQBjKCkAZCgpAGUoKQ
448=BmKCkAZygpAGgoKQBpKCkAaigpAGsoKQBsKCkAbSgpAG4oKQBvKCkAcEgB1WVxSAEl4SJy
449=SAGDMAIAcygpAHQoKQB1KCkAdigpAHcoKQB4KCkAeSgpAHpIAclOe0gB0Sp8KCkAfSgpAH
450=4oKQB/KCkAgCgpAIEoKQCCKCsABgBGmApRNQcoKQAISQHdpT8JSAHRrgpIAZdPAgALSAHF
451=HgwoKQANKCkADigpAA9JAdGxCRBIAZsNAgARKCkAEkkB0nsCAgATyAFZSBTIAU1SFUkByK
452=EEFsgBQQQXyAFBBBjIAVGCGUkBpq0FGsgBTQUbSAFwAlkcHCgpAB0oKQAeKCkAHygpACAo
453=KQAhKCkAIigpACMoKQAkKCkAJSgpACYoKQAnKCkAKCgpACkoKQAqKCkAKygpACxIAd38LU
454=gBI8ckAgAuKCkAL0gBzbUwSAHZHDEoKQAyKCkAM0gBbKpBJTTIAQEEAgA1yQEFeKsnPQg3
455=VALRCTgoKQA5KCkAOkgB0WE7SAHdQTwoKQA9KCkAPigpAD8oKQBAKCkAQSgpAEJIAcFGQ0
456=gBzRBEKCkARSgpAEYoKQBHSAFsqgECBgBIyQEDe6tGAIx3TwYASlUCiqkBS0gBnAoiTitG
457=AJwrIk0rRu2qTkAEgBp4qydVAFAoVQBRKCkAUkgBzapTSAGUZXurRgBnVA1RuVVUAmgBRV
458=VWSAGDDwIAVygpAFhIAXirQQRZyAFFNFpIAXirVQJbyAFVAlxIAcUIXSgpAF4oKQBfKCkA
459=YCgpAGEoKQBiKCkAYygpAGRIAZ8gAgBlSAHFSmZIAdUNZygpAGgoKQBpKCkAaigpAGsoKQ
460=BsKCkAbSgpAG4oKQBvKCkAcCgpAHEoKQBySAHdjnNIAZsyAgB0KCkAdSgpAHYoKQB3KCkA
461=eCgpAHkoKQB6SAEneBUn2Qt8VALFHn0oKQB+KCkAfygpAIAoKQCBKCsABwBHgAhRjQgoKQ
462=AJSAGLQwIACkgBwRoLSAHBGgwoKQANKCkADigpAA9IAd0VEEgBjAxgqSe1ARJUAmCpVUQT
463=yAFVexTIAVV7FUgBYKlVAhbIAVUCF8gBAQYCABjIAQEHAgAZSAFgqVVPGsgBXQobSQHYRA
464=9NqhxIAUQBIs0lHSgpAB4oKQAfKCkAICgpACEoKQAiKCkAIygpACQoKQAlKCkAJigpACco
465=KQAoKCkAKSgpACooKQArKCkALEgB1S4tSAHVLi5IAdEqL0gBwRowKCkAMSgpADJJAbhEBE
466=kiM8gBSSI0SAFsqk0mNUgBXANpIjYoKQA3KCkAOCgpADkoKQA6KCkAO0gB0RQ8SAHRFD0o
467=KQA+KCkAPygpAEAoKQBBKCkAQkgBg5MCAENIAcUTRCgpAEUoKQBGKCkAR0kBVXAFYqlHAC
468=M0KGKpRwAjNChhqUfppktMBYjSYalH9adNVAKIFyKcKidVAE8oVQBQKCkAUUgBgzAGAFJI
469=AYtkBgBTSQFnVKcBBAUAVMgBAQUFAFXIAUVVVsoBBwJBqUd0FXUuWFUC9HABIp4qRwBoAU
470=VVWlQCcAJBclsoKQBcKCkAXSgpAF5IAdmgX0gB3dBgSAHFCGEoKQBiKCkAYygpAGRJAdhI
471=F1UNZUgB2QZmKCkAZygpAGgoKQBpKCkAaigpAGsoKQBsKCkAbSgpAG4oKQBvKCkAcCgpAH
472=EoKQBySAHB9nNIAYQ0YKnHNAIAdShVAHYoKQB3KCkAeCgpAHkoKQB6KCkAe0gBycd8SAHR
473=H30oKQB+KCkAfygpAIAoKQAIVPfZBgkoKQAKSAHJFwtIAckXDCgpAA0oKQAOKCkADygpAB
474=BIAYRVaqZIAMkBElQCzTwTSAHBDxQoKQAVSAHdQRZIAc0FF0gBzQUYKCkAGSgpABpIAXyk
475=Ra0byAFFrRzIAV1XHUgBxQgeKCkAHygpACAoKQAhKCkAIkgBJXU7I0gB1RgkKCkAJUgB0R
476=QmSAHJDCcoKQAoKCkAKSgpACooKQArKCkALEgB1S4tSAEluTMuSQHUoVwvSAHJDDAoKQAx
477=SAF8pEUeMsgBRR4zyAEBBwIANEgB2QY1KCkANigpADcoKQA4KCkAOSgpADooKQA7SAEnyR
478=RIq5ACAD1UAtVEPigpAD8oKQBAKCkAQUgBi5ACAEJIAcUTQygpAEQoKQBFKCkARigpAEdI
479=AWmmAWimIzY/AABppkj9pEpABJsRBgBLKCkATCgpAE0oKQBOKCkATygpAFAoKQBRSAGcFW
480=qmSAAnyxRIAGdZMghopqoBCQRIpqgBAQoDAFZYBmEEC2im0xQCAFhVAvRIHlHaWcgBUdpa
481=SAFQAm2qWygpAFwoKQBdSAHdYl5IAY8bAgBfKCkAYEgB2VNhSAHNUmJIAd0KYygpAGRIAS
482=WNVGVIAcEEZigpAGcoKQBoKCkAaSgpAGooKQBrSAHFE2xIAcEPbUgB3QpuSQHZQCVBtG9I
483=AdUCcCgpAHEoKQByKCkAc0gB0WF0SAHFHnUoKQB2KCkAdygpAHgoKQB5KCkAekgBizgCAH
484=tIAc0QfCgpAH0oKQB+KCkAfygrAAkASZQGVRgKKCkAC0gB0RQMSAHRFA0oKQAOKCkADygp
485=ABAoKQARKCkAEigpABNIAdU5FCgpABVIAckMFigpABdIAdUuGEgBlBQiPCknvQIaKFUAG0
486=gBfKQBCQIAHMgBAQoCAB3IAUVVHkgBxQgfKCkAICgpACFIASWtQiJIAc0FI0gB0YIkSAHF
487=lyVIAd0VJkgBwdUnSAHZBigoKQApKCkAKigpACtIAdUNLEgB2QYtKCkALigpAC8oKQAwSA
488=FkogEIAgAxyAFFHjLIAUUeM0gB0Qk0KCkANSgpADZIAdVaN0gBzTE4SAHJLTlIAcUIOigp
489=ADtIAd1BPEgB3SA9SAHdID4oKQA/KCkAQCgpAEFIAcVVQkgByQxDKCkARCgpAEUoKQBGKC
490=kAR0kBUFwGkqNJAJjXcaNJrLUiPCknKQBLTAWEEyI8KSdVAE0oVQBOKCkATygpAFAoKQBR
491=SQHUdHtzo0kAJ0APAQAFAFNVAitrAQQAVEkBI6kBVUkBH2gBc6NJAOR4BnGjSWwCbZ9YQQ
492=T0UAFZ+FnIAVHaWkgBUAJhBFtIAdkyXEgB2TJdSAGXGAIAXigpAF8oKQBgKCkAYSgpAGJI
493=AdU5Y0gByQxkKCkAZSgpAGYoKQBnKCkAaCgpAGkoKQBqKCkAa0gB3WJsSAHRFG1IAckXbk
494=gB1QJvSAHJZHBIAdkRcSgpAHIoKQBzKCkAdEgByQx1SAHITgl2AEkA0gEAAAACAHcRAABo
495=DgAgCABJANIBAAAAAgB4SwHNAQBpAXlJAdKpAXpJAdSpAXtIAVgDYQR8KCkAfSgpAH4oKw
496=AKAEqIBV0KCygpAAxJAdqxCQ1IAdUNDigpAA8oKQAQKCkAESgpABIoKQATKCkAFCgpABUo
497=KQAWKCkAF0gB1RgYSAGLEwIAGSgpABooKQAbKCkAHEkB2FAFAQ4CAB3IAQEPAgAeSQHlVA
498=IBAQIAH8gBAQICACBIAVACdSMhKCkAIigpACNJAdyxHyRIAc0FJUgB1QImSAHVAicoKQAo
499=KCkAKSgpACpJAdmxCStIAdkGLEgB1QItSAHVAi4oKQAvSQGcewICADDIAVUYMUkBuFQCAQ
500=0CADJIAUQBdRgzSQHbqQw0SQHPqQE1KCkANkgB1UQ3SAHVOThIAdUCOUkB0bkGOkgB3Qo7
501=KCkAPCgpAD1IAclDPkgBxQg/SAHdCkAoKQBBSAHVOUJIAd0KQygpAEQoKQBFSQFOZwQGAE
502=ZJAVBIAQECBgBHyAEBAwYASEgBUwIAAAZXV0oA1n0VBk4CSgCDDwYAS1AByQFMKCkATSgp
503=AE4oKQBPKCkAUEkB0LEJUUoB//9TDAYAUkkB5XcCBQBTSQHkawEEAFRIAVgDAgAABABVSA
504=GDBAMAVkkBJnsCAgBXSQEiqQFYSQH0SAEBBgIAWcgBAQcCAFpIAVACfTZbSAGXGAIAXEgB
505=ixcCAF0oKQBeKCkAXygpAGAoKQBhKCkAYigpAGNIAdFAZEkB1WsXAgBlSAHBD2YoKQBnKC
506=kAaCgpAGkoKQBqSQHXpQhrSAHRFGwoKQBtKCkAbkgBhykCAG9IAdUNcCgpAHEoKQByKCkA
507=cygpAHRIAdFsdUgBxQh2KCkAdygpAHhIAc0FeUgBzQV6KCkAeygpAHwoKQB9KCkAC0hG2Q
508=YMKCkADUgBwVwOSAHFHg8oKQAQKCkAESgpABIoKQATKCkAFCgpABUoKQAWSAHBJRdIAc0Q
509=GCgpABkoKQAaKCkAG0gB1YYcSAHZBh1IAXWcBWKeSwBoAUlOH9QCSU4gyAEBCAIAIcgBAQ
510=kCACJIAcUIIygpACQoKQAlKCkAJigpACcoKQAoKCkAKSgpACpIAdknK0kB061HLEgBxR4t
511=SAHBDy4oKQAvSQGcWAJBtDDIAQEDAgAxSAFQAnVlMkkB3bEJM0gB1QI0SAHNaDVJAdShBD
512=ZIAcEEN0gB1UQ4SAHVAjlIAdUCOkgB1QI7KCkAPCgpAD0oKQA+KCkAP0gB2RxASAHBD0FI
513=AdEJQigpAEMoKQBEKCkARUkBU3AFY55LAIxoF2OeSwCGqQFIQAScumGeS/WcSlQCjFJgni
514=dVAEwoVQBNKCkATigpAE8oKQBQKCkAUUgBgL9gnkxHYA9inksAnJlhnktERVQUYp5LAJig
515=YZ5LSAJJAANDnksA5nsGAgBYUAlMAnE1WSgpAFpIAcGIW0gBiBdgnsgXYJ4nKQBeKIEAXy
516=gpAGAoKQBhKCkAYigpAGNIAdFLZEgBzRBlKCkAZigpAGcoKQBoKCkAaSgpAGpIAcVKa0gB
517=3RVsKCkAbSgpAG4oKQBvSAGHKQIAcEgBzRBxKCkAcigpAHNIAd14dEgBzQV1KCkAdigpAH
518=coKQB4KCkAeSgpAHooKQB7KCkAfCgrAAwATIQMAQACAA0oKQAOSAHdVw9IAdkcECgpABEo
519=KQASKCkAEygpABQoKQAVKCkAFkgBzTEXSAGHDwIAGCgpABlIAd1BGkgBwdUbSAHNEBxIAc
520=UpHUgBxQgeSAFpmwsiLSdMlZwMIiwnqQENaJupAQ5rm0wAo1wGAQECACNZBsdIAVEfJMgB
521=VQIlyAFRjSbIAVGNJ0kBqK0FKMgBTQUpSAFwAkUIKigpACsoKQAsSQHYpWAtSAHNBS4oKQ
522=AvSQHoeAIiLidMAGgBXQoxVAJwAl0KMigpADMoKQA0SAHdCjVIAc0FNigpADcoKQA4KCkA
523=OSgpADpIAd1MO0gBxQg8KCkAPSgpAD4oKQA/KCkAQCgpAEEoKQBCKCkAQygpAEQoKQBFSA
524=FpmwFrm0wAi3Qja5tMAImpAUhABJgRaZtMKC0nTPWcS0AEnUEGQAEnVQBNUAHVAk4oKQBP
525=KCkAUCgpAFFIAYBRaZtMvJlpm0y/mQUAVEEEH3AQaptMAIgBa5tMACd0AiItJ0xcR0wBaZ
526=tMXABIACIsJycpAFpECM1oW0gBhxMCAFwoKQBdKCkAXigpAF8oKQBgKCkAYSgpAGIoKQBj
527=KCkAZEgB3WJlSAFQEWWtZigpAGcoKQBoKCkAaSgpAGpIAd0Va0gBJekubEgByRdtKCkAbk
528=gBwQRvSAHd23BIAcEPcSgpAHJIAcl6c0gBzQV0SAHNBXUoKQB2KCkAdygpAHgoKQB5KCkA
529=eigpAHsoKwANAE2YCkFnDigpAA9IAc0bEEgBwRoRKCkAEigpABMoKQAUKCkAFSgpABZIAY
530=9HAgAXSAGYDXCYJ+EBGVQC0cQaSAHVDRsoKQAcKCkAHUgB1ZweKCkAH0gB1TkgSAHJDCFI
531=AWSXQZMiyAFBkyNIAXCYAQQCACTIAQEFAgAlygEGAlJbTQBgBAEHAgAnVAJwmEUIKMgBRQ
532=gpSAHJDCooKQArKCkALEgBJUEkLUgBzQUuKCkAL0gBZJddCjDIAV0KMUgBzQUyKCkAM0gB
533=3UE0SAHVIzVIASUtMjZIAdkGNygpADgoKQA5KCkAOkgBxRM7SAHZBjwoKQA9KCkAPigpAD
534=8oKQBAKCkAQSgpAEIoKQBDKCkARCgpAEVJAVV4DXOYTQCRpZdHVAJxAgAiQjpNAJgccZhN
535=5ZdKQASEHiJ8JidVAEwoVQBNKCkATigpAE8oKQBQKCkAUUgBgFFymE0AJW06U1UCZngRcp
536=hNAGkBAXCYqQECcJioAUU0V0wFnBVwmCf9ClkoVQBaKCkAW0gB1VpcSAGXGAIAXSgpAF4o
537=KQBfKCkAYCgpAGEoKQBiKCkAYygpAGRIAYAaIkA6JzkCZlQC0RRnKCkAaCgpAGkoKQBqKC
538=kAaygpAGxIAckXbUgByZBuSAHdCm8oKQBwKCkAcSgpAHJIAd1Mc0gB2QZ0KCkAdSgpAHYo
539=KQB3KCkAeCgpAHkoKQB6KCsADgBOmApFlw8oKQAQSAHJFxFIAdUuEigpABMoKQAUSAHVsh
540=UoKQAWSAHFHhdIAYwMeZVOuFMi/UxOu1MCABpABMkMGygpABwoKQAdKCkAHigpAB8oKQAg
541=SAHdmSFIAdGYIkgBwQ8jKCkAJCgpACUoKQAmKCkAJ0kB7X8GAgAoyAEBAQIAKUgBcAJBJS
542=ooKQArKCkALCgpAC0oKQAuKCkAL0gBeJVJpjDIAUmmMUgB3QoySAGTdwIAM0kBzXtpAgA0
543=SAHZUzVIAc0FNigpADcoKQA4KCkAOSgpADooKQA7KCkAPCgpAD0oKQA+KCkAPygpAEAoKQ
544=BBKCkAQigpAEMoKQBEKCkARUgBeJUjzCXcTCLMJdBAeJXQQHiVJykASlgGkB94lSdVAEwo
545=VQBNKCkATigpAE8oKQBQKCkAUSgpAFJIAYtDBgBTSAFtlAR5lU6YlQEFBQBV1AIBBgIAVs
546=gBWddXSAHVLlgoKQBZKCkAWigpAFtIAcn+XEgBlBh4ldcYAgBeKFUAXygpAGAoKQBhKCkA
547=YigpAGMoKQBkSAHdQWVIAcUTZigpAGcoKQBoKCkAaSgpAGooKQBrKCkAbEgB0Y1tSAHdCm
548=4oKQBvKCkAcCgpAHEoKQByKCkAcygpAHQoKQB1KCkAdigpAHcoKQB4KCkAeSgrAA8AT5QR
549=SW8QSAHdKxFIAd2OEigpABNIAd2OFEgBnwYCABUoKQAWKCkAF0gBIzBDYZNP9ZEZVALdNh
550=ooKQAbKCkAHCgpAB0oKQAeKCkAHygpACAoKQAhKCkAIkgB2ZUjSAGMUiIcJSeZAyVUAskX
551=JigpACdJAe1ZAgJik08AaAFV6SlUAlACIuEtKigpACsoKQAsKCkALSgpAC4oKQAvSAFgk1
552=leMMgBWV4xSAHdCjJIAdnBM0kBzeKTTwDBUTVUAs0FNigpADcoKQA4KCkAOSgpADooKQA7
553=KCkAPCgpAD0oKQA+KCkAPygpAEAoKQBBKCkAQigpAENJAUtrEwYARMgBVZFFSQFRtQJGSA
554=GQQGCT0EBgkycpAElABIQeImBfJ1UASyhVAEwoKQBNKCkATigpAE8oKQBQKCkAUSgpAFJI
555=AYQpYZNPJkklVFUCZkotCQZBk0+NlApgkyeVCFdABHAYXWJYKCkAWSgpAFooKQBbKCkAXE
556=gB1TldSAGMG2CTzxsCAF8oVQBgKCkAYSgpAGIoKQBjKCkAZCgpAGVIAdVaZkgB0RRnKCkA
557=aCgpAGkoKQBqKCkAaygpAGwoKQBtKCkAbigpAG8oKQBwKCkAcSgpAHIoKQBzKCkAdCgpAH
558=UoKQB2KCkAdygpAHgoKgAQACIcaEsaAgARKCkAEigpABMoKQAUKCkAFSgpABZIASUNRBdI
559=AUgJcXcYSAHZMhlIAdkyGigpABsoKQAcKCkAHSgpAB4oKQAfKCkAICgpACEoKQAiKCkAIy
560=gpACRIASU9NCVIAcUTJigpACdJAZV4AmqQUABoASNvJFAAybUCKkAEaAFVAivIAVmVLMgB
561=WZUtSQHMrQUuyAFNBS9JAa61AjDIAVUCMUgBcAJBXDJIAcG/M0gBwb80SAHVvTVIAc0FNi
562=gpADcoKQA4KCkAOUgBJaElOkgBJT1gO0gB0R88SAHRCT0oKQA+KCkAPygpAEAoKQBBKCkA
563=QigpAENIAWmQAmmQUCT/KwYARVQCiGQiKDfESmmQUCblSUhABJBAIm4kUADJAUooVQBLKC
564=kATCgpAE0oKQBOKCkATygpAFBIAZsnBgBRSAHdClIoKQBTSAGfIAYAVEkBWGAhaZBQTBZM
565=AQgGAFYAUABFAAAAAREAAOAOACAFAgBXAFAAAABAAAICAFgAUFwASwACAFkoKQBaKCkAWy
566=gpAFxKAdYBjQVdSQHNqQFeKCkAXygpAGAoKQBhSQHSrQViSAHZBmMoKQBkSAHBBGVJAdCt
567=BWZIAUwNAgAAAgBnKCkAaCgpAGlJAdetBWpJAc+pAWsoKQBsSQHRtQJtSAHRCW4oKQBvSQ
568=EhewICAHBJAeOtBXEoKQByKCkAc0kBIq0FdEgBZAFFE3UoKQB2KCkAdygrABEAUYgFTQUS
569=KCkAEygpABQoKQAVSAHBGhZIAcElF0gBzRsYSAHVAhkoKQAaKCkAGygpABwoKQAdKCkAHi
570=gpAB8oKQAgKCkAISgpACIoKQAjSAHZMiRIAYcaAgAlKCkAJigpACdJAZVEBAECAgAoyAEB
571=AwIAKUkByVQCAQQCACrIAQEFAgAryAEBBgIALMgBAQcCAC1JAcxMBUUILsgBRQgvSQGutQ
572=IwyAFVAjFJAdm9NjJIAVwDYUYzKCkANCgpADUoKQA2KCkANygpADgoKQA5SQHcvQo6SAHd
573=CjsoKQA8KCkAPSgpAD4oKQA/KCkAQCgpAEEoKQBCKCkAQ0kBVm8MBgBESQHaYw8GAEVIAZ
574=cuBgBGSAF8AwEABgBHSAHBBEhIAZ9BBgBJKCkASigpAEsoKQBMKCkATSgpAE4oKQBPSQHU
575=oQ9QSAHVDVFIAdUNUkgBwQRTSQGMrQVUSQGGqQFVSAHZBlZJAUVOAQQGUY1RRxkAAAVwjS
576=cxDFlABFwDcTVaKCkAWygpAFxIASeyEVEA3YNeVAKHHgIAXygpAGBIAYMlAgBhSAHdCmJI
577=AYsXAgBjSAGLFwIAZEgBwQRlSAHNPGZIAdUCZygpAGgoKQBpSAHZEWpIAc0Qa0gBxRNsSA
578=HJDG1IAdEJbkgBxYxvSQEleAJwjd8gAwBxVAJwAgEAAwByKCkAc0kB5nMqAgB0SAGDBAIA
579=dSgpAHYoKwASAFKcA0WMEygpABRIAc2JFUgB3RUWKCkAFygpABgoKQAZKCkAGigpABsoKQ
580=AcKCkAHSgpAB4oKQAfKCkAICgpACEoKQAiKCkAIygpACRJAdWlHiVIAYcaAgAmKCkAJygp
581=AChIAc1+KUgBzQUqKCkAKygpACwoKQAtKCkALigpAC9JAeprCAIAMMgBAQECADFIAclDMk
582=gBfANdKzMoKQA0KCkANSgpADYoKQA3SQHdoRo4SAHFCDkoKQA6KCkAOygpADwoKQA9SAHJ
583=OD5IAcXZP0gB0QlAKCkAQSgpAEJJAY6hD0NJATFwBXuKUgCSdAJ6ilIAnGJ6ilIAlC54it
584=tIBgBIWAaMXXmKUqtvBgBKVAKPXQYAS0gBh0oGAEwoKQBNSAHBBE5IAZNhBgBPSAGFCwZT
585=4lIANLkRUVUCkLkRUkkBiKkBU0kBh6kBVEkBiakBVUkBObkGVsgBRTRXSAHZHFhIAXwDRT
586=RZKCkAWigpAFsoKQBcSQHYfwoCAF1IAdkGXkgBiCJ4isceAgBgVAKUGHiKjBh5lWJUAtkG
587=YygpAGQoKQBlKCkAZigpAGcoKQBoKCkAaUgBwQ9qSAHVDWtIAckMbCgpAG0oKQBuSQHgtR
588=hvSAGPBQMAcCgpAHEoKQBySQEnZwQCAHNJASOpAXRIAWQBTSZ1KCsAEwBTkAJVAhRIAcUT
589=FUgBgzsCABZIAYc/AgAXKCkAGCgpABkoKQAaKCkAGygpABwoKQAdKCkAHigpAB8oKQAgKC
590=kAIUgBzRAiKCkAI0gBwb8kSAGMFyJcIicVAyYoVQAnSQHbrSYoSAHZBilIAdkGKigpACtJ
591=AfJ4AiJcIicxAS1UAnACVSMuKCkAL0gBYYgCYohTAGgBI1wiJ9kAMkAE2QYzKCkANCgpAD
592=UoKQA2SAHVhjdIAdkGOCgpADkoKQA6KCkAOygpADwoKQA9SAGfeAIAPkgBxR4/SAHdCkAo
593=KQBBKCkAQkkBkaElQ0gBYIhNG0TJAQNjiFMANmgIYIipAQFhiFP1e0hMBZSnYIjcIGCIJy
594=kAS0AEkEtiiFMAm14GAE1UAngKAQAGAE5JATtsAWKIUwBoAU1+UFQCYIhZEVHIAVkRUkkB
595=Na0FU8gBWRFUSQE4tQJVSAFgiFkGVkgBnI4iEjRTAISMIlwixBMiEDQnKQBaTAVgCFk9W0
596=gBybFcSAGcFWCIJ60AXlQCzQVfKCkAYCgpAGEoKQBiKCkAYygpAGQoKQBlKCkAZigpAGco
597=KQBoKCkAaSgpAGooKQBrKCkAbCgpAG0oKQBuSQEkYxYCAG9JAem5PXBJASi1AnFIAdWGck
598=gB1YZzSAF8A0kidCgrABQAVJACVQIVKCkAFkgB1U8XSAHVhhgoKQAZKCkAGigpABsoKQAc
599=KCkAHSgpAB4oKQAfKCkAIEgBwVwhSAGfEQIAIigpACNIAY9SAgAkSAHBBCUoKQAmKCkAJy
600=gpAChIAdkGKUgB2QYqKCkAK0gBaIVRSyzIAVl/LUgBzQUuKCkAL0gBfYMEaYVUiYUFIqwh
601=J/kEMkAE2QYzSAHZlTRIASUFODVIAYH2AkRwJ9kAN1QC2QY4KCkAOSgpADooKQA7KCkAPC
602=gpAD1IAdE1PkgBwVw/SAGTQAEAQEgBl0QBAEFIAZdEAQBCSAHBD0NIASODIQIAREgBdIZN
603=G0VIAWiFVSNGyAFVI0dIAd14SMgBXXhJSAHdeErIAV14S0kBM2wMaIXEHmiFIoAgWAJphV
604=Scg0kMT0wFI1syAgBQSQGKtVpRSAF0DVkRUkgBaAxNBVPIAVkRVEgBaIVFjFVIAdUYVkgB
605=QQwAVVpXKCkAWCgpAFkoKQBaSAHdg1tIAdknXEgBxQhdKCkAXigpAF8oKQBgKCkAYSgpAG
606=IoKQBjKCkAZCgpAGVJAU5vDAYAZkkBRakBZ8gBQRpoSAFwAlUYaSgpAGooKQBrKCkAbCgp
607=AG0oKQBuKCkAbygpAHBIAcGIcUgB3YNySAHVDXMoKwAVAFWQAk0QFkgBgL8i/iBVACdQEC
608=cpABlABNUCGigpABsoKQAcKCkAHSgpAB4oKQAfKCkAICgpACFIAc1oIkgBJTEtI0gBiBNy
609=glUAyTglVALNBSZIAc0FJ0gBzQUoKCkAKSgpACooKQArSAFwgkF9LMkBBSJcQycdBC5UAt
610=EJL0gBcYIGcYJVkYIHcIInrQAyQAQlTSAzSAHZBjRIASUhKzVIAdUCNigpADcoKQA4KCkA
611=OSgpADooKQA7KCkAPEgB3SA9SAHNqj5IAckMP0gBI2w6coJVACMgNnGCVVyqSARyglUA3Y
612=NDTAVMAm1oREgBxe9FSAEjxy8CAEZJAYS5dEdIASMjQQIASEgBxXZJSAHFdkrIAUV2S0gB
613=cIJdeEzIAUGITUkBPHsNAgBOSAHVDU9IAd38UEgBfANBUVEoKQBSKCkAU0gB0a5USAHFrV
614=VIAdkGVigpAFcoKQBYKCkAWSgpAFpIAcU0W0gBxQhcKCkAXSgpAF4oKQBfKCkAYCgpAGEo
615=KQBiKCkAYygpAGQoKQBlSAGEpXGCVSbZN2dVAkVQEAEEBgBoyAEBBQIAaUgBUAJlNGooKQ
616=BrKCkAbCgpAG0oKQBuKCkAbygpAHAoKQBxKCkAcigqABYAI5RLdQ0XSAHFgRhIAc1+GSgp
617=ABooKQAbKCkAHCgpAB0oKQAeKCkAHygpACAoKQAhKCkAIigpACNIAcF9JEgBzRAlKCkAJk
618=gBxWAnSAHBJSgoKQApKCkAKigpACtJAZdwBSL6MFYAaQEBeH8n8QMuQAR8A0FRL0kB92wB
619=en9WAGgBTQUxVAJwAkEEMigpADNJAde1ZTRIAd0VNUgBzZQ2SAHZBjcoKQA4KCkAOSgpAD
620=pIAc1dO0gB3SA8SAHdCj1IAdEfPkgB3Qo/SAEn+Q9WJCBBeX9WJCBBe39WAOBzFAEAQ0wF
621=2QZEKCkARSgpAEZJAY9vBQIAR0gBI+w/en9WAN2DSVQCyQFKSAHF+ktIAd0KTEgBZIEBBQ
622=IATUgB1QJOSAGDkwIAT0gB1QJQKCkAUSgpAFIoKQBTKCkAVCgpAFUoKQBWKCkAVygpAFgo
623=KQBZSAHFNFpIASUhIFtIAc0QXCgpAF0oKQBeKCkAXygpAGAoKQBhKCkAYigpAGMoKQBkKC
624=kAZUgBeH8BAQYAZkgBgw8GAGdJAUBsAXp/VgBoAV1MaVQCcAIBAAIAaigpAGsoKQBsKCkA
625=bSgpAG4oKQBvKCkAcCgpAHEoKwAXAFeEDEkMGEgBzX4ZSQHSpT8aSAHJThsoKQAcKCkAHS
626=gpAB4oKQAfKCkAICgpACEoKQAiKCkAIygpACQoKQAlKCkAJigpACdIAdlpKEgBjBci/GIn
627=FQMqVQLFWAJZJyvJAQJhfVeBfQNgfSetAC5ABEkFAFEfL0kB90wBQQQwyQEEfPwnrQAyVA
628=LBcjNIAckiNCgpADVIAcFyNkgBTAl9CjcoKQA4KCkAOSgpADooKQA7SAElmS88SAHJDD1I
629=Ad0KPkgB3Qo/SQEmbAF//FcA43A1YH0nKQBCQAQjQFtgfScVA0RUAnQGRR5FKCkARigpAE
630=coKQBIKCkASSgpAEooKQBLSAHJIkxIAc2UTSgpAE5IAdUYT0gB3TZQSAHNEFEoKQBSKCkA
631=UygpAFQoKQBVKCkAVigpAFcoKQBYSQHXfCAinkBXAM0mWlQC1Q1bKCkAXCgpAF0oKQBeKC
632=kAXygpAGAoKQBhSQFLdwkGAGLIAV14Y0kBSLUCZMgBVQJlSAEjIGFhfVckJSYGQ31XAEBN
633=BQJgfagBSU5pTAVSAgAAYH0nsQZrKFUAbCgpAG0oKQBuKCkAbygpAHAoKwAYAFiYCl0KGS
634=gpABpIAcF9G0gBwX0cKCkAHUgB3TYeKCkAHygpACAoKQAhKCkAIigpACMoKQAkKCkAJUgB
635=1Q0mKCkAJ0gBybEoSAGAFmp6WAB8eFUjKlQCaAFBcivIAUHKLEgBzQUtSAHBUS5IAd1ML0
636=gBwQQwSQH3TAEj6S5YmPgBCAIAMlQCUAJ1LjNIAckiNEgB0RQ1SAHZSDZIAc0FNygpADgo
637=KQA5SAHNEDpJAdOhUTtIAcUpPEgB3Qo9SAHFHj5IAQoAAAAAAAIAPwBYAAAAEQAAzQ4AIA
638=UAAAACAEAAWFwASAACAgBBAFhcAEsAAgBCKCkAQygpAEQoKQBFKCkARigpAEcoKQBIKCkA
639=SSgpAEooKQBLKCkATEoB1gGBD01JAc2pAU4oKQBPKCkAUEkBz6EEUUkB0akBUkgBXAdhGl
640=MoKQBUSQHXoQRVSQHTqQFWSAHFCFdIAdUCWEkB0qEEWUkB1KkBWkgB3QpbKCkAXCgpAF1I
641=AckMXkgB2RFfSAHZBmAoKQBhSQFLWAIBAgYAYkkBekgBAQAGAGPIAQEBBgBkSQFbtQJlyA
642=FVAmZJAVy1AmdIAY80BgBoSQFGtQJpyAEBAQIAakgBcAJBO2soKQBsKCkAbSgpAG4oKQBv
643=KCsAGQBZgAhFCBooKQAbKCkAHCgpAB1JAdqhJR5IAd02HygpACAoKQAhKCkAIigpACMoKQ
644=AkSQHQsQklSAGTEAIAJigpACcoKQAoKCkAKUkBxVAFAQYCACrIAQEHAgArSAFQAn1BLCgp
645=AC0oKQAuSQHYtQ0vSAHNBTBJAfdMAQEKAgAxyAEBCwIAMkgBUAJxCTMoKQA0KCkANUgB3S
646=A2SQHVvQo3SAHZBjhJAd21AjlIAdUCOigpADtJAdyhBDxIAcEEPSgpAD4oKQA/KCkAQCgp
647=AEEoKQBCKCkAQygpAERIAc0QRUgByQxGKCkARygpAEgoKQBJKCkASkkB17EUS0gBzWhMSA
648=HFP00oKQBOKCkATygpAFAoKQBRKCkAUkgBwWdTSAHFE1RIAckiVUgB1QJWSAHVAldIAdUC
649=WCgpAFkoKQBaKCkAWygpAFxIAdUYXUgByRdeSAHVT19IAd0KYCgpAGFJAVN4AnJ3WQBwd1
650=14Y1QCaQEDcndZAHB3VQJlVAJoAVUCZkgBcHddeGdJAdl4J3N3WQBDsQlpVAJoAZB3J+kN
651=a1QCfANVcGwoKQBtKCkAbigrABoAWogFTQUbKCkAHCgpAB0oKQAeSAHFrR9IAdEfICgpAC
652=FIAdmgIigpACNIAc0FJEgBwSUlSAGED3t0WgDybwECACcoVQAoKCkAKUgBeXQJenRaAGgB
653=UWwrVAJ0BkkXLCgpAC0oKQAuSAHZPS9IAc0FMEkBlmwBenRaAGgBWScyVAJwAlEJMygpAD
654=QoKQA1KCkANigpADcoKQA4KCkAOSgpADooKQA7KCkAPCgpAD0oKQA+KCkAPygpAEAoKQBB
655=KCkAQigpAEMoKQBEKCkARUgBg0YCAEZIAc0bRygpAEgoKQBJSQHbc0sCAEpIAdE1SygpAE
656=woKQBNKCkATigpAE8oKQBQKCkAUSgpAFJIAcU/U0gB2RFUKCkAVSgpAFYoKQBXKCkAWCgp
657=AFkoKQBaKCkAWygpAFxIAc2qXUkB0q0bXkgByfNfSAHNEGAoKQBhSAF4dF1tYkkBYWQEbu
658=xaAGgBVQJkVQIeUAlNc2XIAUV2ZkkBda0FZ8gBTQVoyAFBBGlIAXp0BAZN7FqQdwEFAgBr
659=VAJ0BklObCgpAG0oKQAbiIJLBAIAHCgpAB0oKQAeSAEnQg5bAN02IFQC2RwhSgH//4UIIi
660=gpACNIAdUjJEgBzQUlSAFEBWHVJkkB8k0BAmFyW4xzAQMCAChVApxUAl0VKcgBQWcqSAFh
661=cg185nyWRwQCACxUAkABcQktKCkALigpAC8oKQAwSAF0cFUNMcgBVQ0ySQHaSAhJDDNIAU
662=QBcQk0KCkANSgpADYoKQA3KCkAOCgpADkoKQA6KCkAOygpADwoKQA9KCkAPigpAD8oKQBA
663=KCkAQSgpAEIoKQBDSAHZaURIAcndRUgBxTRGSAHd/EdIAc0bSCgpAEkoKQBKSAHNPEtIAc
664=UITCgpAE0oKQBOKCkATygpAFAoKQBRKCkAUigpAFNIAcnoVEgB2RFVKCkAVigpAFcoKQBY
665=KCgAsNdBBwJUVycRCFsogQBcKCkAXSgpAF4oKQBfKCkAYEkBTEwJTWhhSQFRSQEAfeZblH
666=BZaWNUAmByVXBkSQEmQHJBBGVJASJIAUEEZkgBYHJBBGfIAUlvaMgBAQUGAGlJAUS9CmrI
667=AV1Ma0gBcAJBXGwoKgAcAGjwXwICAB0oKQAeSAHNaB9IAc1oIEgB3W0hKCkAIigpACMoKQ
668=AkKCkAJUgBQAxhXCZIAWlvBGlvXIhvSYUoVAJob0lkKcgBSWQqSAHZBisoKQAsKCkALSgp
669=AC4oKQAvKCkAMCgpADFIAXxtQQ8yyAFBDzPIAQEGAgA0SAHVDTUoKQA2KCkANygpADgoKQ
670=A5KCkAOigpADsoKQA8KCkAPSgpAD4oKQA/KCkAQCgpAEEoKQBCSAElcSpDSAHRFERIAcFn
671=RUgBxTRGSAHBBEcoKQBIKCkASSgpAEpIAc08S0gBJ+kNXOWtTShVAE4oKQBPKCkAUCgpAF
672=EoKQBSKCkAU0gB2eJUSAHFE1UoKQBWKCkAVygpAFhIAcWMWUgBJRU6WkgB3XhbSAHRCVwo
673=KQBdKCkAXigpAF9IAXxtQWdgyAFBZ2FJAWVoCGpvXABoAUFyY9QCTQVkSAFs4YpvXABoAU
674=EEZlYCIQFHWQYAZ0kBcqUIaMgBQQRpSAGQFG/hXABEQARNc2tUAmgBS04dAF1MAksAAgAe
675=KCkAH0gBxWsgKCkAISgpACJIAckiI0gB0a4kKCkAJUgBgA8iwyldAJVEDEF9J1QCaAFZfy
676=hJAZi1AinIAVUCKkgBcAJNBStIASXxLyxIAckMLSgpAC5IAckML0gB2QYwKCkAMSgpADJI
677=AXxtAQkCADPJAQpybF0AdAIBCwIANVQCxQg2KCkANygpADhIASWFJzlIAc0FOigpADsoKQ
678=A8KCkAPSgpAD4oKQA/KCkAQCgpAEFIAckMQkgByQxDKCkAREgBJYktRUgBwQRGKCkARygp
679=AEgoKQBJKCkASigpAEtIAcV2TEgB3W1NKCkATigpAE8oKQBQKCkAUSgpAFIoKQBTKCkAVE
680=gBxTRVSAHdFVYoKQBXKCkAWCgpAFkoKQBaSAHFHltIAcUIXEkBTW0BBkMBXQBIqQFeUAFo
681=AVleX0gBxdlgSAGZSAZB2l2Ea11tYlQCcGxRYWPIAUHVZEgBZGtdbWXIAU0FZkgB1d5nSA
682=FwbEEEaMgBQQRpSAGYinNsXQBAuxEeAF5gAQIAAAIAHygpACBIAdWnIUgB0WwiKCkAI0gB
683=2TIkSAHZMiVIAYgMemleAGxoVdMnVAJoAVXTKEgBeGlVAinIAVUCKkgBkBAiuiheAN0KLF
684=QC3QotKCkALigpAC9IAd02MEgBxQgxKCkAMigpADNIAW1oDnlpXplpD3tpXgDbXAZJejZA
685=BEQBfSA3KCkAOEgB1b05SAHVDTpIAc0FOygpADwoKQA9KCkAPigpAD8oKQBAKCkAQUgBxR
686=5CSAHBiENIAdUNREgB1Q1FKCkARigpAEcoKQBIKCkASSgpAEooKQBLSAHBGkxJAdJUskU/
687=TSgpAE5IAdUuTygpAFAoKQBRKCkAUigpAFNIAdEJVEgBwetVSAHJF1YoKQBXKCkAWCgpAF
688=koKQBaKCkAWygpAFxJAVZ0CXlpXiO8RFnMXlQCIrxEmGkizEVHBAYAYFQCIuhDVQJhSQFf
689=UAJNBWLIAVUCY0kBH1AfXWJkyAFBBGXIAUEEZkgBJeUoZ0kBc6UIaMgBQQRpSAGZHAZAZ4
690=AMbkcgACcpACFIAc1oIkgBzWgjSAHBMCRIAcktJSgpACZIAdFAJ0gB0UAoSAFoEFE1KSgp
691=ACpIAZSGYWdfJgUiLFQC3QotKCkALigpAC8oKQAwSAHVDTFIASUBMjJIAdUNMygpADRIAX
692=VlBGFnX4BnSfM21AIBBgIAN0gB2QY4KCkAOUgBxR46SAElXSI7SAHVDTxIAdkGPSgpAD4o
693=KQA/KCkAQEgBxfpBSAHZHEIoKQBDSAHJkERIAd0KRSgpAEYoKQBHKCkASCgpAEkoKQBKKC
694=kASygpAEwoKQBNKCkATkgB2RxPSAHFE1AoKQBRSAHJZFJIAY9HAgBTSAHRFFQoKQBVKCkA
695=VigpAFdJAU5zBQYAWEgBdMhRVlnIAU1SWkkBR6EEW8gBVQJcSAHZzF1IAXRlRcNeyAFFYF
696=9IAXRlVQJgyAFVAmFIAXBZVQJiyAFVAmNIAdnMZEgBbGhBBGXIAUEEZkgBwQRnSAFgZ0EE
697=aMgBQQQgVHNsFElZISgpACJIAdVlI0gB1WUkSAHRoyVIAdEqJigpACcoKQAoSAHJWSkoKQ
698=AqSAHZBisoKQAsKCkALUgB2TIuKCkAL0gB2QYwSAHFSjFIAckXMigpADMoKQA0KCkANUgB
699=dGUBCQIANskBCmlkYIBnAQsCADhUAtEJOSgpADooKQA7KCkAPCgpAD0oKQA+KCkAPygpAE
700=AoKQBBSAHZJ0JIAcEaQ0gB1U9ESAHNEEUoKQBGKCkARygpAEgoKQBJKCkASigpAEsoKQBM
701=KCkATSgpAE4oKQBPSAHVZVBIAdkRUUgB2RFSKCkAUygpAFQoKQBVKCkAVigpAFdJAVRoCG
702=tkYAB5qQFZVAJoAVFhWkgBIzNCBgBbyAFVAlxIASNEP23LYFABXQYGQLyoAUEEX0wCIswl
703=XFdsAnheSW9hVAJoAUEEYkgBYARVAmPIAVUCZEkBIFjMVQJlyAFVAmZJASe1AmdIAdZlIQ
704=Ai/UIAdcgiKCkAI0gBJzIMYQDVOSVUAtU5JigpACcoKQAoKCkAKSgpACooKQArKCkALEgB
705=wVwtSAHVDS4oKQAvSAHBDzBIAc0FMUgBVBV9FTIoKQAzKCkANCgpADUoKQA2SAF9Yg5xYW
706=GRYQ9zYWEA5lQJAQECADlABEQBfQo6KCkAOygpADxIAcmFPUgBzQU+KCkAPygpAEAoKQBB
707=SAHJTkJIAclOQ0gBxQhEKCkARSgpAEYoKQBHKCkASCgpAEkoKQBKKCkASygpAEwoKQBNKC
708=kATigpAE8oKQBQKCkAUSgpAFIoKQBTKCkAVCgpAFUoKQBWKCkAV0gBcGFJTlhIAWRgSbFZ
709=yAFIWSIMW3BhVAIiIE1oAVUCXEAEcGFZBl1JAWBYI0EEXsgBQQRfSAHQVgtgAGEAHwEAAA
710=IGAGEAYREAAEcOACAKAB8BAAADBgBiAGEAHkgBAQIGAGPIAQEDBgBkSQEgtQJlyAFVAmZJ
711=ASZUAgEABgAiQQcAYwACACMoKQAkSQHaYwQCACVJAc2pASYoKQAnKCkAKEkB0qEEKSgpAC
712=ooKQArKCkALEkB1K0FLUoB//9HDwIALkkB27UCL0gB0QkwKCkAMUkB06EEMkkB0akBM0gB
713=XAcCAAACADQoKQA1KCkANigpADdJAeZQBQEDAgA4yAEBBAIAOUgBUAJlCDooKQA7KCkAPC
714=gpAD1JAdmhDz5IAdkGPygpAEAoKQBBKCkAQigpAEMoKQBEKCkARSgpAEYoKQBHKCkASCgp
715=AEkoKQBKKCkASygpAExJAdexFE1IAcElTkgB3RVPKCkAUCgpAFEoKQBSKCkAUygpAFQoKQ
716=BVKCkAVigpAFdJAVNvDAYAWEkBZKkBWcgBAQEGAFpIAQEhAQAASQFbSAHVT1woKQBdSQEn
717=QARNUl5IAcEEX0gBdFpVAmDIAUUIYUkBIK0FYsgBVQJjSAEBIQEAAE0FZMgBVQJlSAHRCS
718=NEY1gDeT0kKCkAJUgBzV0mSAHNXSdJAdBzCQIAKEgBxVUpKCkAKigpACsoKQAsKCkALSgp
719=AC5IAcEPLygpADAoKQAxKCkAMkkB1qEPM0kBz6kBNCgpADVIAcE7NkgB3Qo3SAFhXAZiXG
720=MAaQEHYFyoAQEIAgA6QATNBTsoKQA8KCkAPUkB2LUNPkgBzQU/KCkAQCgpAEEoKQBCKCkA
721=QygpAEQoKQBFKCkARigpAEcoKQBIKCkASSgpAEpIAclZS0gB3SBMSAHFNE1IAcU0TkgB3R
722=VPKCkAUEkBIXsCAgBRSQHjrRtSSQEitQJTSAFkAUGIVCgpAFUoKQBWKCkAV0gBYFxFSlhJ
723=AXx/BgYAWcgBVQJaSQFptQJbyAFVAlxJAWy1Al1JAW6pAV7IAUEEX0gBYFxZtmDKAQMGW7
724=NjACBcFVUCYlQCaAFVAmNKASEBWFd8ugNjACEBAABVAiRRvABgAGy1gG9GBAAmVALVWidI
725=AcElKEgBJyoLZADdKypUAt0rK0gB0UssSAHNBS0oKQAuSAHZBi9IAdkGMCgpADEoKQAySA
726=HRNTMoKQA0KCkANSgpADZIAdEJN0kB1UwbWTI4SAFpWQppWWSVWgtoWSeZAztABGwfTQU8
727=KCkAPUkB3KUIPkgBwQQ/KCkAQCgpAEEoKQBCKCkAQygpAEQoKQBFKCkARigpAEcoKQBIKC
728=kASUgB0dpKSAHdIEsoKQBMKCkATUgBxTROSAHdFU8oKQBQSQHgoRpRSQHdawEDAFJJASZz
729=BQIAU0kB43cCAgBUSAHBXFVIAXwDVSNWKCkAV0kBMXgCbrVkAGhZXUxZVAJpAQNutWQAaF
730=lVAltUAmgBVQJcSAFoWVFWXUgBaFlBBF7IAUEEX8gBAQAGAGDIAU0FYUgBIogiSQFiSAHJ
731=sWMoKwAlAGVwEbBWJykAJ1QCyTgoSAHBUSlIAdGjKkgBJaUgK0gB3SssSAHZSC0oKQAuSA
732=HBBC8oKQAwKCkAMSgpADIoKQAzKCkANCgpADUoKQA2SAHdNjdIAZgYfa9lhVUNcFapAQ5z
733=VmUAqUQEAQECADsorQA8KCkAPSgpAD5IAY88AgA/SAFUBnUjQCgpAEEoKQBCKCkAQygpAE
734=QoKQBFKCkARigpAEcoKQBIKCkASSgpAEpIAcGIS0gB2SdMSAHVLk0oKQBOSAHFdk9IAdGu
735=UEkBJWwXf69lACepAVJVAiipAVNIAZkcA1BWQCW9V1VUAnwDkFYnPQhXVAJwVgECAgBYyA
736=FJTllJATVwBXJWZQBoAV1MW1UCM7UCXEgBlxgGAF1IAXBWAQQGAF7IAQEFBgBfyAFJWWDI
737=AV0KYUgBbF1JWWJIAdNWJgBmdAptMScoKQAoKCkAKUgB0VYqSAGTBQIAK0gB0VYsSAHFKS
738=0oKQAuKCkALygpADAoKQAxKCkAMigpADMoKQA0KCkANSgpADYoKQA3SAHdujhIAcUTOUgB
739=bFJRKjrJAQN4UyeZAzxUAs0FPSgpAD4oKQA/KCkAQCgpAEEoKQBCKCkAQygpAEQoKQBFKC
740=kARigpAEcoKQBIKCkASSgpAEooKQBLSAHVLkxIAd0VTSgpAE4oKQBPSQHgvUxQSAHVT1FJ
741=AeW1AlJJASRoCG+qZgDptQJUVQIjtQJVSAFkAZhTJ6EEVyhVAFhIAWRVAQUCAFlIAWxSXS
742=tayAFdK1tIAXhTVQJcyAFJTl1JATRgC3pTZgDRVl9UAtFWYMkBBSJ6IGYAeFNPXScAZ3AG
743=bVIoKCkAKSgpACooKQArSAEnIgpnACcgCicpAC5ABNUCLygpADAoKQAxKCkAMigpADMoKQ
744=A0KCkANSgpADYoKQA3SAHJpjhIAYwXf6RnAOtsAXykqAGcpCdtAzworQA9KCkAPigpAD8o
745=KQBAKCkAQSgpAEIoKQBDKCkARCgpAEUoKQBGSAElkSNHSAHBykhIAdWcSUgBeBVRQEooKQ
746=BLKCkATCgpAE0oKQBOKCkAT0gB3UxQSAHdTFFIAd1MUkgByQxTKCkAVCgpAFUoKQBWKCkA
747=VygpAFgoKQBZKCkAWigpAFsoKQBcSAFsUlFWXUgBYFFZU17IAVlTX0gBYQQAcvtnAJxtAg
748=YAKABojBRdICkoKQAqKCkAK0gBi1kCACxIAdFLLSgpAC4oKQAvKCkAMCgpADEoKQAyKCkA
749=MygpADQoKQA1KCkANkgBwdU3SAEl0UE4SAGAFmlOaIhOWRw6VAJ0T01zO0gBwQQ8KCkAPS
750=gpAD4oKQA/KCkAQCgpAEEoKQBCKCkAQygpAEQoKQBFKCkARkgBzXNHSAHJZEhIAdkRSSgp
751=AEooKQBLKCkATCgpAE0oKQBOKCkATygpAFAoKQBRKCkAUkgB2V5TSAHdxVRIAc0QVSgpAF
752=YoKQBXKCkAWCgpAFkoKQBaKCkAWygpAFwoKQBdKCkAXkgBdE9BUV9IAWhORTQpIzwqVxAC
753=ACooKQArKCkALEgB2SctSAHdTC4oKQAvKCkAMCgpADEoKQAyKCkAMygpADQoKQA1SAHZMj
754=ZIAVARca43KCkAOCgpADlIAWVKBH2ZaZxMQRo7VALZBjwoKQA9KCkAPigpAD8oKQBAKCkA
755=QSgpAEIoKQBDKCkARCgpAEVIASUBMkZIAckiR0gB1RhISAHZEUkoKQBKKCkASygpAEwoKQ
756=BNKCkATigpAE8oKQBQKCkAUSgpAFJIAcWBU0gBzRBUSAHNEFUoKQBWKCkAVygpAFgoKQBZ
757=KCkAWigpAFsoKQBcKCkAXSgpAF4oKwAqAGqcDkWXKygpACxIAdEULUgBzSYuKCkALygpAD
758=AoKQAxKCkAMigpADMoKQA0KCkANUgB0R82SAGTEAIANygpADgoKQA5SAF5SAZ5SGqZSAci
759=fCYn6QI8QATFCD0oKQA+KCkAPygpAEBIAdV7QUgB1XtCSAHFCEMoKQBEKCkARSgpAEZIAd
760=UjR0gBzapISAHFCEkoKQBKKCkASygpAEwoKQBNKCkATigpAE8oKQBQKCkAUUgBJe1VUkgB
761=1Q1TSAHNflRIAcEaVUgBwQRWSAHZBldIAdUCWCgpAFkoKQBaKCkAWygpAFwoKQBdKCsAKw
762=BrjAlNRywoKQAtSAHVIy5IAc1HLygpADAoKQAxKCkAMigpADMoKQA0KCkANUgBJ8AIJ+EB
763=N1QCkBAivDknVQA5VQKWeAJiRmsAaAEjHCUngQA8QAR8A0kXPSgpAD5IAclDP0gBJb0jQE
764=gB1RhBKCkAQkgBwQRDSAHVLkRIAd0KRSgpAEYoKQBHKCkASCgpAEkoKQBKKCkASygpAEwo
765=KQBNKCkATigpAE8oKQBQSAHVGFFIAckXUkgB3RVTSAElTSBUKCkAVUgBwQRWSAHVWldIAc
766=EaWCgpAFkoKQBaKCkAWygpAFwoKQAsI4guTwgCAC0oKQAuSAHVRC9IAdkRMEgB3RUxKCkA
767=MigpADMoKQA0KCkANSgpADZIASVxKjdIAVgOddM4KCkAOUgBfEFV6TrIASO/I2wA21AFVU
768=Q8VAJEAXkGPSgpAD5IAdFsP0gB0RRAKCkAQSgpAEIoKQBDKCkAREgB3StFSAHBRkZIAdUN
769=RygpAEgoKQBJKCkASigpAEsoKQBMKCkATSgpAE4oKQBPKCkAUEgB1S5RSAHVGFJIAcVrU0
770=gB2RFUKCkAVUgBI6crAgBWSAHBBFcoKQBYKCkAWSgpAFooKQBbKCsALQBtgAhJby4oKQAv
771=KCkAMEgByS0xSAHRFDIoKQAzKCkANCgpADVIAdUYNkgBjAxgyie1ATgoVQA5KCkAOkgBZT
772=8EYcptkEABBQIAPNQCRc49SAHRCT5IAdknP0gBxRNAKCkAQSgpAEIoKQBDKCkARCgpAEVI
773=Ad0VRkgByQxHKCkASCgpAEkoKQBKKCkASygpAEwoKQBNKCkATigpAE8oKQBQKCkAUUgBwR
774=pSSAHNflNIAdkRVCgpAFUoKQBWKCkAVygpAFgoKQBZKCkAWigqAC4AIgg/RwsCAC8oKQAw
775=SAHNEDFIAcWBMigpADNIAcktNCgpADVIAd0VNkgBVApldjcoKQA4KCkAOSgpADooKQA7SA
776=FlPwl5PW6EPwEKAgA91AIBCwIAPkgB3Qo/SAHRFEBIAdkRQSgpAEIoKQBDKCkARCgpAEUo
777=KQBGSAHNlEdIAckMSCgpAEkoKQBKKCkASygpAEwoKQBNSAHVvU5IAdmKT0gB3QpQKCkAUS
778=gpAFIoKQBTKCkAVCgpAFUoKQBWKCkAVygpAFgoKQBZKCsALwBvnA5VezAoKQAxKCkAMigp
779=ADNIAdEqNEgB1Tk1SAGLCAIANigpADcoKQA4KCgACDkAbwAAAAAAAAIAEQAA9QdhEwE6AG
780=8AgwACADsoKQA8SQHbWAIBDgIAPcgBAQ8CAD5JAd9UAgEBAgA/SAFEAQIAAAIAQEoB2gFT
781=AQIAQUkB0qkBQkkBzakBQygpAEQoKQBFSQHQoQRGSAFdBwBRCUcoKQBIKCkASSgpAEooKQ
782=BLSQHZpQhMSAHFCE1JAda1Ak5IAckMT0gBwQRQKCkAUSgpAFIoKQBTKCkAVCgpAFUoKQBW
783=KCkAVygpAFgoKwAwAHCQDUEaMSgpADIoKQAzKCkANCgpADUoKQA2KCkANygpADhJAdetGz
784=lJAdGpATpIAZgNaDgn4QE8KFUAPUgBfTYEajhwAGkBBWg4qQEGaDgn2QBBTAXRCUJIAcUp
785=Q0gB1TlEKCkARSgpAEZJAc+5EUcoKQBISQHVtQJJSAHdCkooKQBLSAHNR0xIAcUITUgB1Q
786=1OSAEnCAcnkQJQVALRCVEoKQBSKCkAUygpAFQoKQBVKCkAVigpAFcoKwAxAHGYCl02Migp
787=ADMoKQA0KCkANSgpADYoKQA3KCkAOEgB2Sc5SQHUvSA6SAGMDHA1J7UBPChVAD0oKQA+SA
788=FxNQlxNXGdNgpwNakBC3xtJwUBQkwFxSlDSAHZJ0QoKQBFKCkARigpAEdIAd0rSEgBxRNJ
789=KCkASigpAEsoKQBMSAHNG01IAdUNTkgB2RxPSAHRCVAoKQBRKCkAUigpAFMoKQBUKCkAVS
790=gpAFYoKwAyAHKYCkU0MygpADQoKQA1KCkANigpADcoKQA4SQHcrTE5SAGXCQIAOigpADso
791=KQA8KCkAPSgpAD4oKQA/SAFkNF2kQMgBXaRBSAHdCkIoKQBDSAHNJkRIAc0mRSgpAEYoKQ
792=BHSAEnWAYnxQNJVALdCkooKQBLKCkATEgByQxNSAHNMU5IAdkGTygpAFAoKQBRKCkAUigp
793=AFMoKQBUKCkAVSgrADMAc5gKTTE0KCkANSgpADYoKQA3KCkAOCgpADkoKQA6KCkAOygpAD
794=woKQA9KCkAPkgBwb8/SAGQEHxiJzkCQShVAEJIAcmmQ0gB1S5EKCkARSgpAEYoKQBHKCkA
795=SEgBxa1JSAHVDUooKQBLKCkATEkB2LFLTUgBzQVOKCkATygpAFAoKQBRKCkAUigpAFMoKQ
796=BUKCsANAB0mApVLjUoKQA2KCkANygpADgoKQA5KCkAOigpADsoKQA8KCkAPUgBzSY+SAHN
797=Jj9IAcG0QCgpAEEoKQBCSAHNBUMoKQBEKCkARSgpAEYoKQBHKCkASEgB2V5JSAGfHAIASi
798=gpAEsoKQBMSAHdeE1IAc0FTigpAE8oKQBQKCkAUSgpAFIoKQBTKCsANQB1jAldKzYoKQA3
799=KCkAOCgpADkoKQA6KCkAOygpADxIAcUpPUgB1SM+KCkAPygpAEAoKQBBKCkAQigpAEMoKQ
800=BEKCkARSgpAEYoKQBHKCkASEgBJ1AFJ20DSlQCnxwCAEsoKQBMKCkATSgpAE4oKQBPKCkA
801=UCgpAFEoKQBSKCsANgB2hAxFKTcoKQA4KCkAOSgpADooKQA7KCkAPEgB3Zk9SAEn+gR2AM
802=kBPyhVAEAoKQBBKCkAQigpAEMoKQBEKCkARSgpAEYoKQBHKCkASCgpAElIAcWBSkgBkBt4
803=JyeZA0woVQBNKCkATigpAE8oKQBQKCkAUSgrADcAd5gKTSY4KCkAOSgpADooKQA7KCkAPE
804=gB1f89SAHVIz4oKQA/KCkAQCgpAEEoKQBCKCkAQygpAEQoKQBFKCkARigpAEcoKQBIKCkA
805=SUgB0c9KSAGEGmAlJ20DTChVAE0oKQBOKCkATygpAFAoKwA4AHiMCVUjOSgpADooKQA7KC
806=kAPCgpAD1IAdlIPkgB1SM/KCkAQCgpAEEoKQBCKCkAQygpAEQoKQBFKCkARigpAEcoKQBI
807=SAHdIElIAYwXfJknFQNLKFUATCgpAE0oKQBOKCkATygrADkAeYwJXSA6KCkAOygpADwoKQ
808=A9SAHJQz5IASfxA3ntaEAoVQBBKCkAQigpAENIASVVN0RIAcUIRUgB1QJGKCkAR0gBxR5I
809=SAGXFAIASSgpAEooKQBLKCkATCgpAE0oKQBOKCsAOgB6jAlFHjsoKQA8KCkAPSgpAD5IAc
810=UeP0gB0RRASAHJF0EoKQBCSAHdFUNIAY8MAgBESAHNy0VIAdUCRigpAEcoKQBIKCkASSgp
811=AEooKQBLKCkATCgpAE0oKwA7AHuEDE0bPCgpAD0oKQA+KCkAPygpAEBIAdkcQUgB1RhCSA
812=GXCQIAQygpAEQoKQBFKCkARigpAEcoKQBIKCkASSgpAEooKQBLKCkATCgrADwAfJwOVRg9
813=KCkAPigpAD8oKQBAKCkAQSgpAEIoKQBDKCkARCgpAEUoKQBGKCkARygpAEgoKQBJKCkASi
814=gpAEsoKwA9AH39FT4oKQA/KCkAQCgpAEEoKQBCKCkAQygpAEQoKQBFKCkARigpAEcoKQBI
815=KCkASSgpAEooKwA+AH7lEz8oKQBAKCkAQSgpAEIoKQBDKCkARCgpAEUoKQBGKCkARygpAE
816=goKQBJKCsAPwB/7RBAKCkAQSgpAEIoKQBDKCkARCgpAEUoKQBGKCkARygpAEgoKwBAAID1
817=DUEoKQBCKCkAQygpAEQoKQBFKCkARigpAEcoKwBBAIH9CkIoKQBDKCkARCgpAEUoKQBGKC
818=sAQgCC5QhDKCkARCgpAEUoKwBDAIPsBQhEAIMAAAAAAAACABEAAA==

[Lighting]
Red=0.850000
Blue=0.800000
Green=0.800000
Level=0.008000
Ground=0.050000
IonRed=0.200000
Ambient=0.800000
IonBlue=0.650000
IonGreen=0.300000
IonLevel=0.000000
IonGround=0.000000
IonAmbient=0.670000
DominatorRed=0.850000
DominatorBlue=0.300000
DominatorGreen=0.200000
DominatorLevel=0.000000
DominatorGround=0.000000
DominatorAmbient=1.500000
DominatorAmbientChangeRate=0.001000

[Map]
Size=0,0,65,67
Theater=DESERT
LocalSize=2,4,61,57

[Neutral]
IQ=0
Color=Grey
Allies=Neutral
Country=Neutral
Credits=0
NodeCount=0
TechLevel=1
PercentBuilt=0
PlayerControl=no

[Nod]
IQ=0
Color=Gold
Allies=Nod
Country=Nod
Credits=0
NodeCount=0
TechLevel=1
PercentBuilt=0
PlayerControl=no

[OverlayDataPack]
1=BQAAIP4AIACAegAAIP5QDACDBAcG/v0BAIQHCwoH//4BVAz//gFRDgIA//0BUhASAP/8AV
2=MSgQgB/v4DAAr/+AFWFIYGCAoLCgAABP/bAVcWggYG2DYYEfyCCgr/2wFTFAPi11gaggQH
3=BAD+BgALgQr/1gFSDIEGEeDYWBqBBmIC/6YBWRqA8AAAIP4wAACDBgoL/gQACoEG/hsAAI
4=IHCv4EAAvaNgD+uwEAhwgLCgAKCwfaFACBCAIl2jcC/rsBAIUGCggKCts2AgAlgQf/1wFa
5=AIMAAAMT3//YAVkA5QoEyjcGyzUI//IBRAaCCgr/2AFZAv4lAACBB//aAVcA5R0MggsI//
6=0BRwgCAIEE/vsBAIMICgjcRgyBA/7dAQCBBN5GDIEH//0BRhCBBMBVAv/RAUYO6EMIgQjB
7=VgD/zQFFCoIGB8A0BuVoGBog/84BZRiBBMAxAtw0AMw3Dv4EAAr/ugFpGs44GMBWAgAE5G
8=cWFAAQL/+WAWkcgEgBACD+IgAAhgQICgoIBv4MAACDBgoL/gMACoILCsonAP4aAACDCAsL
9=EC+DCwoH/rUBAIEH/gQAC8o7AAHR/gUAC4EI6PwBziMC/qkBADPuYeyEBgcICBPO52kCIi
10=+CCgj+AwAHgQT+tQEAhggLCgAKCkHsgQQVzoEAMgDJOwKCBgbXCgDoOAL/lgGOAhe/V70B
11=zgPLF8/+AwAKUfUYJNZsAAQxgQj/twFrAEHBE+9RwYEHKcgAExQGU9YX49dnCAX3gQb/tg
12=FtBGf0gQdsAoIEByAKgQYoBlQBAhXIOwj+1QEAgQPRFApR8wYjBA7/vAFoCPLwBXnWBA12
13=Dv7nAQAOGWPyCgECDv+9AWgK8AkQyUsMggYIxycE/ucBAIEEy0wM/74BZwr/VgDnFf/+AW
14=EWgggI/90BTAzgQwL/8AFMFM1PHIEK/6ABTBKAQQEAIP5cAACGBgoLCwoG/scBAIUGBwYA
15=A/4vAACEBwgKB//IAWIAhAoLCgruYQDvKwL+mAEAgQf+BAALy2ACgQb+AwAH3C0EgQH+yQ
16=EAF8zLLAYgEv/JAV8C3wcIgggKziwI/gQACsk/BoEE3j0G/74BbQCBBMsbBoYKCgAKCwj+
17=CwAAgQj/ywFeAP4jAACBCP4DAAqCCwhSFYEEC+7OKgb/3gFMCB/gYfAED88pBv7eAQCBB8
18=g/DIIGCAYNzk4MggYG/94BXw54EwP/IgDKQgoGImYg/+ABXhD+BgALyVASgQccIf/oAVAQ
19=C/z+BQALyGIWAgDMPgz/sAF9AOoTEhP+ggoKy1EYBAD/twFQDME6CoEI5mMaF/4cDoIACs
20=hiGMI6CP+4AU8QJ9CCCgjjGxoSLRv/zD0KgQgAQYIICP+dAWMagBQBACD+GQAAgQf+BwAL
21=ggoG/iMAAAAt/gMACs4cAIYGCAcAAAT+tgEAgQj+CAALAcP+IQAAgQZB/IMIBwfKIgD/tw
22=FiAIQAAwYIEdKFCgoICgjhIgAD6gAwgQrhIgL+pgEAgQcRz4QKCAAH5l0CgQbMTwL/wgFY
23=BIMKAAj/ywFMBO/oBxnS//0BHgg50//MAUwG8O0L4yAA/78BVwLaBAzZIw7LTg6DBwgI/8
24=0BIgwiAYEI2QISyk4QLDX/zwFQEIIKCNhODsFGAnHxAA7+AwAK2SIS/rIBAIIGBtwqAMgg
25=AsFGAIMACgr/6wEiDBPydCA0AOIhAv/JAXUWyksGKC//7AFRFtENEv/OAVEU7g8agQf/rw
26=FODoCDAAAg/ikIAIED/gcAAIEG/gMAB4EG/vMBAIEE/gYAB4IICv4DAAuBCv/0ATUIgQcR
27=+v4HAAuBB/70AQByAf/1ATUKMgH+AwAKggsK//UBNgwyAYUKAAoLCP75AQCBB/4EAAr/+w
28=EzEjgE//cBNQ54BP/7ATUWEgH/+wE0FMIuCIEE/ssDAIAFAAAg/gAgAIAFAAAg/gAgAIAF
29=AAAg/gAgAIAFAAAg/gAgAIAFAAAg/gAgAIAFAAAg/gAgAIAFAAAg/gAgAIAFAAAg/gAgAI
30=AFAAAg/gAgAIAFAAAg/gAgAIAFAAAg/gAgAIAFAAAg/gAgAIAFAAAg/gAgAIAFAAAg/gAg
31=AIAFAAAg/gAgAIAFAAAg/gAgAIAFAAAg/gAgAIAFAAAg/gAgAIAFAAAg/gAgAIAFAAAg/g
32=AgAIAFAAAg/gAgAIAFAAAg/gAgAIAFAAAg/gAgAIAFAAAg/gAgAIAFAAAg/gAgAIA=

[OverlayPack]
1=BQAAIP4AIP+AUQAAIP5QDP/+AwBm/wACUwr//QFSDP4FAGb/AAJVDv/7AVQQ/gcAZv8AAl
2=cS//gBVhQx/P/eAVQW2FcYQfz/3AFTFtpVGv4NAGb/9QF7Ev+wAVAcgJ0AACD+MAD//ggA
3=ZvsVAP67Af8R2dxYAP/cAVUAU97fEwL/2AFaAjIC/v0B/8s2BoIbG/79Af/+BAAb/uMB/4
4=Gu2SoK/+wBRAiBrP//ATMM0jIM/wACRg7dEwb/3gFnEOERAv66Af+Br/4VAP+BqOsIBP/e
5=AWUG4BQE/9IBZQLkNRb/vwFTAIGp/VAa/gkAZv/KAX8W4DECzVkW/5gBZxyA2wAAIP4iAP
6=/+BgBmzxYAzCUA3QgA5zkA/o8B/89mAPY0AP+1AWwAzGcC/g0AZv/kAT4CEcAgBHHNYdPJ
7=GQbnCgL/vQFzAv4OAGbJKgj+BgD/gavgEQD/tQF0BsgdCkAGzScI/gUA/4Gs0BIK2UYG/6
8=kBgAjIHAbILgj/xwFcBuADDP4JAP9D4sw6DMg7Cv7nAf/PJQT/AAJNDv/yAUwQ0zES/tsB
9=/8lRCMxLFNFLFIGo/uQB/9BRCv4HAP+BG/66Af//QwBfFv4EABv+8wH/gan//wFUGspTGv
10=+gAV4cgLoAACD+XAD//gYAG/7HAf8RytRhAIGq2UQA/8oBYgDwXgLWKwL/xAF3Av4FAGbd
11=QAT+yAH/zygG/gcAZv7oAf/VKQjJQAj/3gE9CNArBiAEzTEGgaj+6AH/yzsK0DoK/+UBXQ
12=zYMgr/5AFcDnAMzDsQUBb/3wFhENwyCv/pAU8Q/gkAZv8CAlIUgavWNAz/twGSEukmGM9R
13=Fv+2AWIY3F4aganTOhrKXhL/wwFcGuRhHEH7cDHDRAL/owFdHIC7AAAg/hkA//4KAGb+IQ
14=D/gavIGADKIAAgDd8iAP6VAf/oGQDJFwLLIQL/twFiANVFAN78A/7JAf9R0BAC5/EF/ssB
15=/zH+/80BSwbz6AP/AQIgCP/5ASAK8BoM/84BIgzgHA6BG//cATwGQgHZJBD+AwAb4hMSgb
16=D/uwFnENskEnIByh0Qgaj+DgD/gbH/uQFmEP4cAP/PPRT/7gEcCNI9FP/sASIMyj8S/9EB
17=RgT/RQDtE4Gt//ABYRr+rgH/gGEAACD+WAL/ga3+0AX/gWZQCP4EAGb/9AE2Bv4NAGb/AA
18=I2CP/1ATUG5ywMgan/3wFWDP/4ATIGEfv/+gEzEGQC//sBLwb/BgIvFP4XAP+BqP/oAUoQ
19=//0BLQb//wEzGv7OAf+ABQAAIP4AIP+ABQAAIP4AIP+ABQAAIP4AIP+ABQAAIP4AIP+ABQ
20=AAIP4AIP+ABQAAIP4AIP+ABQAAIP4AIP+ABQAAIP4AIP+ABQAAIP4AIP+ABQAAIP4AIP+A
21=BQAAIP4AIP+ABQAAIP4AIP+ABQAAIP4AIP+ABQAAIP4AIP+ABQAAIP4AIP+ABQAAIP4AIP
22=+ABQAAIP4AIP+ABQAAIP4AIP+ABQAAIP4AIP+ABQAAIP4AIP+ABQAAIP4AIP+ABQAAIP4A
23=IP+ABQAAIP4AIP+ABQAAIP4AIP+ABQAAIP4AIP+A

[Ranking]
ParTimeEasy=00:01:00
ParTimeHard=00:01:00
OverParTitle=GUI:NoOverParTitle
ParTimeMedium=00:01:00
UnderParTitle=GUI:NoUnderParTitle
OverParMessage=GUI:NoOverParMessage
UnderParMessage=GUI:NoUnderParMessage

[Russians]
IQ=0
Color=DarkRed
Allies=Russians
Country=Russians
Credits=0
NodeCount=0
TechLevel=1
PercentBuilt=0
PlayerControl=no

[Special]
IQ=0
Color=Grey
Allies=Special
Country=Special
Credits=0
NodeCount=0
TechLevel=1
PercentBuilt=0
PlayerControl=no

[SpecialFlags]
Inert=no
FogOfWar=no
IonStorms=no
MCVDeploy=no
Meteorites=no
Visceroids=no
FixedAlliance=no
TiberiumGrows=yes
InitialVeteran=no
HarvesterImmune=no
TiberiumSpreads=yes
TiberiumExplosive=no
DestroyableBridges=yes

[Structures]
1021905=Neutral,INBLULMP,256,17,78,0,None,0,0,1,0,0,None,None,None,0,0
1021906=Neutral,INBLULMP,256,36,97,0,None,0,0,1,0,0,None,None,None,0,0
1021907=Neutral,INBLULMP,256,57,118,0,None,0,0,1,0,0,None,None,None,0,0
1021908=Neutral,INREDLMP,256,116,55,0,None,0,0,1,0,0,None,None,None,0,0
1021909=Neutral,INREDLMP,256,96,35,0,None,0,0,1,0,0,None,None,None,0,0
1021910=Neutral,INREDLMP,256,77,16,0,None,0,0,1,0,0,None,None,None,0,0
1021911=Neutral,INREDLMP,256,79,78,0,None,0,0,1,0,0,None,None,None,0,0
1021912=Neutral,INBLULMP,256,53,51,0,None,0,0,1,0,0,None,None,None,0,0
1021913=Neutral,CAEGYP02,256,36,61,0,None,0,0,1,0,0,None,None,None,0,0
1021914=Neutral,CAEGYP02,256,72,96,0,None,0,0,1,0,0,None,None,None,0,0
1021915=Neutral,CAEGYP02,256,60,31,0,None,0,0,1,0,0,None,None,None,0,0
1021916=Neutral,CAEGYP02,256,104,73,0,None,0,0,1,0,0,None,None,None,0,0

[Tags]
0988F75C=0,@Sounds,0988AF3C

[TeamTypes]

[Terrain]
28084=TIBTRE02
33052=TIBTRE02
34043=TREE23
35043=TREE22
36043=TREE20
36047=TREE23
38040=TREE20
39041=TREE22
39044=TREE21
40041=TREE23
41038=TREE21
41040=TREE20
42035=TREE23
42036=TREE21
42047=TREE23
43033=TREE23
43034=TREE21
43042=TREE23
44039=TREE21
45031=TREE23
46036=TREE24
47056=TIBTRE02
47103=TIBTRE02
51038=TIBTRE02
51053=TIBTRE02
53059=TIBTRE02
55073=TIBTRE02
70062=TIBTRE02
73075=TIBTRE02
76095=TIBTRE02
78079=TIBTRE02
79074=TIBTRE02
81103=TREE23
83097=TREE23
84028=TIBTRE02
85102=TREE23
85106=TREE21
86102=TREE22
87102=TREE24
88098=TREE23
89098=TREE21
89103=TREE22
90104=TREE21
91079=TIBTRE02
91088=TREE23
91104=TREE23
92097=TREE21
93096=TREE21
93097=TREE23
94093=TREE21
95093=TREE23
96088=TREE21
96090=TREE23
96092=TREE22
98083=TREE21
100088=TREE23
100089=TREE21
101092=TREE20
102094=TREE21
104087=TREE23
105049=TIBTRE02

[Triggers]
0988AF3C=Neutral,<none>,@Sounds,0,1,1,1,0

[Waypoints]
0=72022
1=91041
2=111062
3=22072
4=41091
5=61111
8=61030
9=74043
10=87056
11=100069
12=98083
13=75060
14=37070
15=49078
16=70101
17=59072
699=65066
700=65066

[YuriCountry]
IQ=0
Color=DarkRed
Allies=YuriCountry
Country=YuriCountry
Credits=0
NodeCount=0
TechLevel=1
PercentBuilt=0
PlayerControl=no



[Digest]
1=PjO5AHZZiDmS1lpl+Pcxt8t7UV4=

