; Written by the World-Altering Editor (WAE)
; all comments have been truncated
; github.com/CnCNet/WorldAlteringEditor
; if you wish to support the editor, you can subscribe at patreon.com/rampastring
; or buy me a coffee at ko-fi.com/rampastring

[Preview]

[PreviewPack]

[Header]
Width=55
Height=50
StartX=228
StartY=36
Waypoint1=233,75
Waypoint2=278,43
Waypoint3=0,0
Waypoint4=0,0
Waypoint5=0,0
Waypoint6=0,0
Waypoint7=0,0
Waypoint8=0,0
NumberStartingPoints=2
NumCoopHumanStartSpots=4

[Alliance]
Name=Alliance
Side=GDI
Color=Allieds
Prefix=G
Suffix=Allied
SmartAI=yes
ParentCountry=Alliance
Multiplay=yes
ArmorAircraftMult=1.2
CostAircraftMult=0.8
SpeedAircraftMult=1.2
BuildTimeInfantryMult=0.85

[Americans]
Name=Americans
Side=GDI
Color=Soviet
Prefix=G
Suffix=Allied
SmartAI=yes
ParentCountry=Americans
Multiplay=yes
SpeedInfantryMult=1.15
SpeedUnitsMult=1.15
BuildTimeInfantryMult=0.85

[AudioVisual]
IncomingMessage=PsychicSensorDetects

[Basic]
Name=Epsilon MO 4
Theme=No theme
Player=YuriCountry House
Percent=0
GameMode=standard
InitTime=10000
Official=yes
EndOfGame=no
FreeRadar=yes
MaxPlayer=8
MinPlayer=2
SkipScore=no
TrainCrate=no
TruckCrate=no
OneTimeOnly=no
CarryOverCap=0
NewINIFormat=4
NextScenario=MO20R_TRN05TMD.MAP
SkipMapSelect=no
AltNextScenario=
MultiplayerOnly=no
IceGrowthEnabled=no
VeinGrowthEnabled=no
TiberiumGrowthEnabled=yes
IgnoreGlobalAITriggers=yes
TiberiumDeathToVisceroid=no
HomeCell=98
AltHomeCell=99
CarryOverMoney=0

[British]
Name=British
Side=GDI
Color=Gold
Prefix=G
Suffix=Allied
SmartAI=yes
ParentCountry=British
Multiplay=yes
ArmorInfantryMult=1.15
ArmorUnitsMult=1.15
BuildTimeInfantryMult=0.85

[CAOILD]
ProduceCashDelay=100
ProduceCashAmount=50
ProduceCashStartup=1000

[COP]
Primary=none

[Confederation]
Name=Confederation
Side=Nod
Color=DarkRed
Prefix=B
Suffix=Soviet
SmartAI=yes
ParentCountry=Confederation
Multiplay=yes
BuildTimeInfantryMult=0.85
BuildTimeDefensesMult=0.8

[French]
Name=French
Side=GDI
Color=Gold
Prefix=G
Suffix=Allied
SmartAI=yes
ParentCountry=French
Multiplay=yes
ArmorDefensesMult=1.25
BuildTimeInfantryMult=0.85

[GAAIRC]
SuperWeapon=none

[GACNST]
Capturable=yes

[GAYARD]
Name=Navy Shipyard
TechLevel=-1

[GRAV]
Owner=UriArmy,YuriCountry,Headquaters,Scorpion
Prerequisite=NAWEAP,PROC
RequiredHouses=UriArmy,YuriCountry,Headquaters,Scorpion
ForbiddenHouses=Russians House, Russians,Americans House,Americans

[Germans]
Name=Germans
Side=GDI
Color=Gold
Prefix=G
Suffix=Allied
SmartAI=yes
ParentCountry=Germans
Multiplay=yes
SpeedUnitsMult=1.25
BuildTimeInfantryMult=0.85

[INGALITE]
Name=Invisible Light Post
Armor=wood
Image=GALITE
Power=0
Sight=0
Crewed=yes
Points=30
Nominal=yes
Powered=true
Strength=6000
Explosion=TWLT070,S_BANG48,S_BRNL58,S_CLSN58,S_TUMU60
MaxDebris=1
TechLevel=-1
Selectable=no
ThreatPosed=0
LightRedTint=0.05
Insignificant=yes
LightBlueTint=0.01
LightGreenTint=0.05
LightIntensity=0.5
InvisibleInGame=yes
LightVisibility=4000
DamageParticleSystems=SparkSys,LGSparkSys

[INTRUDER]
Owner=UriArmy,YuriCountry,Headquaters,Scorpion
TechLevel=1
Prerequisite=BARRACKS
RequiredHouses=UriArmy,YuriCountry,Headquaters,Scorpion
ForbiddenHouses=Russians House, Russians,Americans House,Americans

[LIMO]
Speed=4
PipScale=none
SizeLimit=0
Passengers=0

[LTNK]
Owner=UriArmy,YuriCountry,Headquaters,Scorpion
Prerequisite=NAWEAP
RequiredHouses=UriArmy,YuriCountry,Headquaters,Scorpion
ForbiddenHouses=Russians House, Russians,Americans House,Americans

[NAYARD]
Name=Soviet Shipyard
TechLevel=-1

[Neutral]
Name=Neutral
Side=Civilian
Color=Grey
Prefix=C
Suffix=CIV
SmartAI=yes
ParentCountry=Neutral
MultiplayPassive=yes

[Russians]
Name=Russians
Side=Nod
Color=Soviet
Prefix=B
Suffix=Soviet
SmartAI=yes
ParentCountry=Russians
Multiplay=yes
ArmorUnitsMult=1.2
BuildTimeInfantryMult=0.85

[SAPC2]
Selectable=no
Insignificant=yes
IsSelectableCombatant=no

[SENGINEER]
ThreatPosed=0

[Special]
Name=Special
Side=Mutant
Color=Grey
Prefix=J
Suffix=JP
SmartAI=yes
ParentCountry=Special
MultiplayPassive=yes

[YAYARD]
Name=Yuri Submarine Pen
TechLevel=11

[YTNK]
Owner=UriArmy,YuriCountry,Headquaters,Scorpion
Prerequisite=NAWEAP
RequiredHouses=UriArmy,YuriCountry,Headquaters,Scorpion
ForbiddenHouses=Russians House, Russians,Americans House,Americans

[YURI]
Owner=UriArmy,YuriCountry,Headquaters,Scorpion
TechLevel=1
Prerequisite=BARRACKS
RequiredHouses=UriArmy,YuriCountry,Headquaters,Scorpion
ForbiddenHouses=Russians House, Russians,Americans House,Americans

[YurRepair]
Owner=UriArmy,YuriCountry,Headquaters,Scorpion
Prerequisite=NAWEAP
RequiredHouses=UriArmy,YuriCountry,Headquaters,Scorpion
ForbiddenHouses=Russians House, Russians,Americans House,Americans

[YuriCountry]
Name=YuriCountry
Side=ThirdSide
Color=Yuri
Prefix=B
Suffix=Soviet
SmartAI=yes
ParentCountry=YuriCountry
Multiplay=yes
ArmorInfantryMult=1.25
BuildTimeInfantryMult=0.85

[AITriggerTypesEnable]
043F40BC-G=yes
043F521C-G=yes
043F874C-G=yes
044082BC-G=yes
05CB5B6C-G=yes
05CB830C-G=yes
05CBAEDC-G=yes
05CBC04C-G=yes
05CBC19C-G=yes
05CBC2EC-G=yes
05FC088C-G=yes
05FC0C9C-G=yes
05FC13EC-G=yes
05FC1A8C-G=yes
05FC1C5C-G=yes
05FC333C-G=yes
05FC37CC-G=yes
05FC3C9C-G=yes
05FC50EC-G=yes
05FC747C-G=yes
05FC75CC-G=yes
05FFA7DC-G=yes
05FFB18C-G=yes
06002BFC-G=yes
0611A1EC-G=yes
0611A33C-G=yes
0612B11C-G=yes
0612CD8C-G=yes
0612EAEC-G=yes
0612F46C-G=yes
0612F9AC-G=yes
0616004C-G=yes
06C551AC-G=yes
078F4B2C-G=yes
07C0372C-G=yes
07C04C7C-G=yes
07C04EDC-G=yes
07C0B14C-G=yes
07C30A5C-G=yes
07C310BC-G=yes
07C3266C-G=yes
07C329FC-G=yes
07C330CC-G=yes
07C33DDC-G=yes
07C4853C-G=yes
08A3EEDC-G=yes
08B902EC-G=yes
08B90B1C-G=yes
08B911BC-G=yes
08B9154C-G=yes
08B9213C-G=yes
08B9305C-G=yes
08B9356C-G=yes
08B940EC-G=yes
08B9423C-G=yes
08B9483C-G=yes
08B9586C-G=yes
08B9641C-G=yes
08B9708C-G=yes
08B9767C-G=yes
08B97C6C-G=yes
0A31295C-G=yes
0A44F17C-G=yes
0A44F2CC-G=yes
0A452C6C-G=yes
0A452E5C-G=yes
0AA845AC-G=yes
0AA846FC-G=yes
0ABC484C-G=yes
0AD2BAEC-G=yes
0C0C7AEC-G=yes
0C0D184C-G=yes
0C0D251C-G=yes
0C1245AC-G=yes
0C1246FC-G=yes
0C32599C-G=yes
0C32D84C-G=yes
0C87B45C-G=yes
0C87B99C-G=yes
0C87E5AC-G=yes
0C8B81BC-G=yes
0C8BC5AC-G=yes
0C8C2AEC-G=yes
0C8C2C3C-G=yes
0C8C430C-G=yes
0C8C4C3C-G=yes
0C8C51BC-G=yes
0C8C56FC-G=yes
0C8C645C-G=yes
0C8C6EDC-G=yes
0C8C71BC-G=yes
0C8E2C3C-G=yes
0C8EE1BC-G=yes
0C8EEAEC-G=yes
0C8EEEDC-G=yes
0C91D45C-G=yes
0C92C1BC-G=yes
0C92C45C-G=yes
0C955AEC-G=yes
0C955C3C-G=yes
0C9561BC-G=yes
0C9565AC-G=yes
0C96F45C-G=yes
0C96F5AC-G=yes
0CA1F84C-G=yes
0CA24D8C-G=yes
0CA2A04C-G=yes
0CA2B06C-G=yes
0CA2D99C-G=yes
0CA2FEDC-G=yes
0CA5945C-G=yes
0CA6621C-G=yes
0CA6AEDC-G=yes
0CAD0B2C-G=yes
0CAD0C7C-G=yes
0CAD0DCC-G=yes
0CAD130C-G=yes
0CAD145C-G=yes
0CAD25AC-G=yes
0CAD2AEC-G=yes
0CAD2C3C-G=yes
0CAD5AEC-G=yes
0CADD99C-G=yes
0CADDEDC-G=yes
0CB29EDC-G=yes
0CB2CEDC-G=yes
0CDF899C-G=yes
0CDF8D8C-G=yes
0CDF8EDC-G=yes
0CE2395C-G=yes
0CE23AAC-G=yes
0CE26B5C-G=yes
0CE26CAC-G=yes
0CE2E8DC-G=yes
0CE2EA2C-G=yes
0CE44D0C-G=yes
0D022B1C-G=yes
0D022C6C-G=yes
0D052AEC-G=yes
0D0803CC-G=yes
0D08461C-G=yes
0D0848BC-G=yes
0D084A0C-G=yes
0D084B5C-G=yes
0D0873DC-G=yes
0D087D8C-G=yes
0D0B3B9C-G=yes
0D2769BC-G=yes
0D2C41EC-G=yes
0D2C448C-G=yes
0D2C45DC-G=yes
0D53099C-G=yes
0D53130C-G=yes
0D53430C-G=yes
0D535EDC-G=yes
0D62145C-G=yes
0D6215AC-G=yes
0D6216FC-G=yes
0D62199C-G=yes
0ECCB2BC-G=yes
0ECCB40C-G=yes
0ECCB55C-G=yes
0ECCB7FC-G=yes
0ECCBC3C-G=yes
0ECCF14C-G=yes
0ECCF29C-G=yes
0ECCF68C-G=yes
0ECCFA7C-G=yes
0ECCFCAC-G=yes

[Africans]
Name=Africans
Side=Nod
Color=DarkRed
Prefix=B
Suffix=Soviet
SmartAI=yes
CostUnitsMult=1
ParentCountry=Africans

[Africans House]
IQ=5
Edge=North
Color=DarkRed
Allies=Africans House
Country=Africans
Credits=0
NodeCount=0
TechLevel=10
PercentBuilt=100
PlayerControl=no
DefaultRepairableStructures=no

[Alliance House]
IQ=5
Edge=North
Color=Allieds
Allies=Alliance House
Country=Alliance
Credits=0
NodeCount=0
TechLevel=10
PercentBuilt=100
PlayerControl=no
DefaultRepairableStructures=no

[Americans House]
IQ=5
Edge=North
Color=Allieds
Allies=Americans House,Neutral House,Russians House
Country=Americans
Credits=150
NodeCount=0
TechLevel=5
PercentBuilt=100
PlayerControl=no
DefaultRepairableStructures=no

[Arabs]
Name=Arabs
Side=Nod
Color=DarkRed
Prefix=B
Suffix=Soviet
SmartAI=yes
CostUnitsMult=1
ParentCountry=Arabs

[Arabs House]
IQ=5
Edge=North
Color=Soviet
Allies=Arabs House
Country=Arabs
Credits=0
NodeCount=0
TechLevel=10
PercentBuilt=100
PlayerControl=no
DefaultRepairableStructures=no

[British House]
IQ=5
Edge=North
Color=Gold
Allies=British House
Country=British
Credits=0
NodeCount=0
TechLevel=10
PercentBuilt=100
PlayerControl=no
DefaultRepairableStructures=no

[Confederation House]
IQ=5
Edge=North
Color=DarkRed
Allies=Confederation House
Country=Confederation
Credits=0
NodeCount=0
TechLevel=10
PercentBuilt=100
PlayerControl=no
DefaultRepairableStructures=no

[French House]
IQ=5
Edge=North
Color=Gold
Allies=French House
Country=French
Credits=0
NodeCount=0
TechLevel=10
PercentBuilt=100
PlayerControl=no
DefaultRepairableStructures=no

[Germans House]
IQ=5
Edge=North
Color=Gold
Allies=Germans House
Country=Germans
Credits=0
NodeCount=0
TechLevel=10
PercentBuilt=100
PlayerControl=no
DefaultRepairableStructures=no

[Lighting]
Red=0.7
Blue=0.74
Green=0.7
Level=0
Ground=0
IonRed=0.695
Ambient=0.7
IonBlue=0.775
IonGreen=0.445
IonLevel=0.028
IonGround=0
IonAmbient=0.65
DominatorRed=0.85
DominatorBlue=0.3
DominatorGreen=0.2
DominatorLevel=0
DominatorGround=0
DominatorAmbient=1.5
DominatorAmbientChangeRate=0.009

[Map]
Size=0,0,60,60
Theater=URBAN
LocalSize=2,4,56,50

[Neutral House]
IQ=5
Edge=North
Color=Grey
Allies=Neutral House,Americans House
Country=Neutral
Credits=0
NodeCount=0
TechLevel=10
PercentBuilt=100
PlayerControl=no
DefaultRepairableStructures=no

[Ranking]
ParTimeEasy=01:30:00
ParTimeHard=01:10:00
OverParTitle=GUI:yur04overtitle
ParTimeMedium=01:20:00
UnderParTitle=GUI:yur04undertitle
OverParMessage=GUI:yur04overmsg
UnderParMessage=GUI:yur04undermsg

[Russians House]
IQ=5
Edge=North
Color=Soviet
Allies=Russians House,Neutral House,Americans House
Country=Americans
Credits=50
NodeCount=0
TechLevel=4
PercentBuilt=100
PlayerControl=no
DefaultRepairableStructures=no

[Special House]
IQ=5
Edge=North
Color=Grey
Allies=Special House
Country=Special
Credits=0
NodeCount=0
TechLevel=10
PercentBuilt=100
PlayerControl=no
DefaultRepairableStructures=no

[SpecialFlags]
Inert=no
FogOfWar=no
IonStorms=no
MCVDeploy=no
Meteorites=no
Visceroids=no
FixedAlliance=no
TiberiumGrows=no
InitialVeteran=no
HarvesterImmune=no
TiberiumSpreads=yes
TiberiumExplosive=no
DestroyableBridges=no

[YuriCountry House]
IQ=0
Edge=North
Color=Yuri
Allies=YuriCountry House
Country=YuriCountry
Credits=0
NodeCount=0
TechLevel=10
PercentBuilt=100
PlayerControl=yes
DefaultRepairableStructures=no

[Digest]
1=QaYxylVjm5IIPkbgtVUK9IscPYE=

[IsoMapPack5]
1=Rg0AIA0BADwA+wEAAAACAAIAPADt6wE7APfrAT0A+qsBAwA74QQDKK8AAwA9KFUAOvsGAw
2=A++wYEADrhBAQoBQEEKAUBBCgHAQQAPiitADnzCQQAP/MJBQA54QQFKF0BBShdAQUoXAEC
3=BQA9APCrFwUAPigpAD8oKQA46AwCBQBAAPysBQEGADcAgAACAgAGAD2FAQBpAT4oKQA/KC
4=kAQCgpAEEoKAAnkQIGKJECBiiQAgIGADgA7/cNPADyqQEHKLYBBwAntgEHACe2AQcAJ7YB
5=BwAntAELBwA2ACUBAAABAgAHADeJAQJpATnhJQcoDQIHKA0CBygOAgcAKQ8CQgD7uREIKD
6=kCCCg5AggoOQIIKDkCCCg7AggANYwQAQACAAgoZQIIKGUCCCjjAQgAQv8gCAA5+zIIADoo
7=KQA7KCsAPAD05hNDAM9SCQA59y4JADooKQA7KCkAPCgoACc1BwkoQQMJKEEDCShBAwkoQQ
8=MJKEEDCShBAwkoQAMCCQA0ANynEwkAQ/UuCShsAwIJADgA8+EEROkXCijpAgoo6gIKACfq
9=AgoAJ+kCCigtBgoo6QIKKOkCCijpAgoo6QIKKOkCCijpAgoo6AICCgA0ANOkEwIKADMA2O
10=kBRSgoACdBAwooQwMKAETxVgoobQMLKEEDCyhBAwsoQQMLKEEDCyhBAwsoQQMLKEEDCyhB
11=AwsoQQMLKEEDCyhBAwsoQAMCCwBFANC1GAsobwMLADLhGgsohQYLKEEDCyhBAwsqQAMBMw
12=AWApOjCwBG6QEMKJkDDCiZAwwomQMMKJkDDCi9AgwovQIMKL0CDCi9AgwovwIMADH/FQwA
13=QuVKDCjpAgwovQIMKLwCAgwAPgD2sx8MAD8oKQBAKCkAQSgpAD3vnwwAMihsAyfFAwwqxQ
14=NH4QQNKPEDDSjxAw0o8QMNKPEDDSjxAw0o8QMNKPEDDSjxAw0o8wMNADDzHw0APvMfDQA/
15=KCkAQCgpAEEoKAAnoQQNKKMEDQA95YwNKM0EDSjPBA0AMShsAyceBA0AJx0EDSgeBA0AKR
16=0ESPkGDihJBA4oSQQOKEkEDihJBA4oSQQOKEkEDihJBA4oSAQCDgAwANG3OQ4AMSgpADIo
17=KQAzKCsANADV7wUvANroASf5BA4o+gQOACf7BA4AQfknDiidCQ4o+QQOKPkEDij5BA4o+Q
18=QOKHUEDih2BA4AKXUESeMlDwAu67EPAC8oKQAwKCkAMSgpADIoKQAzKCkANCgoACfhFw8o
19=1AULDwA1ADYBAAAEAgAPADaJAQhpATeJAQxoASd/EA8ASu2fDyjxAw8o8QMPKP0gDyj+IA
20=8AJ/8gDwBA99MPAEEoKAAncBQCDwA4APWuMQ8AJ0glAg8APAD49AInWREPKPkEDyj6BA8A
21=J/gEAhAALQAFuwYQAC6IAQMCAgAQAC+JAQRpATCJAQZpATGJAQBpATKIAY0FM4gBjQU0iA
22=GPBTgAEP0KOYgBjQU6iAGMBbEqBXAJsSoJaAGxKg1oASdQBQIQAD0A1/EJPigpAD8oKQBA
23=KCkAPOB9AhAAQQDb+QZLKCgAJ/EZECitFhAoIwoQADvh6xAoIQoQKCUFECglBRAqJQVK71
24=IRACycIAEHAgAR3SsBaAG9KwNoAb0rBWgBvCuMBbwrjAW8K4wFvCuMBbwrjAW8K4wFvCuM
25=BbwrjQVMJsUkEd1XBnQNqS0KaAGpLQ5pATz92xEoqxARAEHrWREASygoACf5BBEo+QQRKP
26=kEESj7BBEAPShJBD4oKQA/KCkAQCgoACfRChEoqQURKKkFESiqBREAJ6sFEgAr83cSACwo
27=KQAtKCgAJ30QEih+EBIAJ34QEgAnfhASACd+EBIAJ34QEgAnfhASACdTBRIATZwrAQECAB
28=LdKwdoAb0rC2gBvSsPaAEnfQUSKH0FEihTBRIAQeWtEiioEAISAEIA8b1XEih/BRIAOybK
29=KhIAJ6sxEgA5+38SADooKAAnAgYSACcCBhIAJwIGEgAnAQYSKK0LEigBBhIoAQYSKAEGEi
30=gBBhMoHSUTKB0aEygdGhMoHRoTKPkEEyj7BBMAToQpAQICABModwQTAEDpThMoowQTACzj
31=fRMALSgpAC4oKQAvKCkAMCgpADEoKQAyKCkAMygpADooKQA7KCkAK++JEwA5KCkANO+JEw
32=BD5TQTKIUGEygkGwITACoA/as4EwA87V0TKF0MEyhZBhMoWQYTKC0GEygtBhMoLQYTKC0G
33=EyosBgFCAFkDI2kpFChbBhQAQvFhFCiFBhQohQYUKIUGFCiFBhQohQYUKIcGFAA56YUUKL
34=MGFABGJtEgFCjNJRQoCwcUACrzKhQAKecpFABPKCgAJzczFABE/68UACvvJhQALCgpAC0o
35=KQAuKCkALygpADAoKAAnJSYUKEUqFCgnJhQAOiitADsoKAAnsQYUKLEGFCixBhQosQYUKI
36=UGFCiFBhQohQYUKIcGFABLKIkBQ/M1FQAo5zQVAEMoKAAnzTsVKLEGFSixBhUosQYVKLEG
37=FSizBhUAKfE1FSjfBhUATyhXAEcA0rlTFSjcBgIVAEUA1vQCJwkdFShVCxUohAYBFQBGAC
38=VrPxUAKu0bFSjdBhUo3gYVACfeBhUAJ94GFQAn3gYVACfdBhUoBS0VKN0GFSjdBhUo3gYV
39=ACfdBhUokQ0VKN0GFSjdBhUo3QYVKO0TFSjdBhUo3QYVKN0GFSjfBhUAUCibA0IAW71tFi
40=jdBhYokQ0WKN0GFijdBhYo3QYWKN0GFijdBhYoswYWAEjxNRYo3QYWKLEGFiiXHhYAKPNs
41=FgAn52sWAEYmOy4WAEQm3TIWKDcHFgBF/sUWACejRhYARybvShYAKeUeFiiNBxYojQcWKI
42=0HFiiNBxYojQcWKI0HFiiNBxYojQcWKI0HFiiNBxYojQcWKI0HFiiNBxYojQcWKI0HFiiN
43=BxYojQcWKGEHFihhBxYoYQcWKGMHFgBR5R4XKGEHFyhhBxcoYQcXKGEHFyhhBxcoYQcXKG
44=EHFygLBxcAOuumFwA7KCkAPCgpAD0oKQA+KCkAPygpAEAoKQA5/XgXKGkIFyhXIRcAJv9B
45=FwBHKCkARSaNSRcoPwgXAEL9rxcoow8XAEYoVQAnKHUEKCgoACeVCBcolQgXKJUIFyiVCB
46=colQgXKJUIFyiVCBcolQgXKJUIFyiVCBcolQgXKPEOFyiNBxcojQcXKI0HFyiNBxcqjQdS
47=9RgYKLkHGCg1BxgoNQcYKDcHGABH73MYACbvMRgAJygpACgoKQApKCkAKigpACsoKQAsKC
48=kALSgpAC4oKQAvKCgAJxE/GCgSPxgAJxI/GAAnEz8YAFAo2QBRKCkAUigpAE/uRxgAJ8M/
49=GABTJkUqGCg7GBgAJSYYQAIYADUA67PEGAA2iAEDAQIAGAA3iQECaQE4Jm8kGABCJssqGA
50=BEJvM6GABGKCgAJ/UqGCj3KhgAO+GTGCh3OxgAPShVAD4oKQA/KCkAQCgpAEEoKAAn9UAY
51=KJUIGCiVCBgolAgCGQAkACavGxkAJSgpACYoKQAnKCkAKCgpACkoKQAqKCkAKygpACwoKQ
52=AtKCkALigpAC8oKQAwKCkAMSgpADIoKQAzKCkAOSgpADooKQA7KCkAPCgpAD0oKQA+KCkA
53=PygpAEAoKQBBKCkARigpAEcoKQBIKCkASSgpAEooKQBLKCkATygpAFAoKQBRKCkAUigpAF
54=MoKQBUKCsANQAn+TI2iAEDAwIAGQA3iQEGaQFMiQEAaQFNiAGBBE6IAYMEQgA45QhDiQEE
55=bQVEiQEIaQFFiQEMawE0AOztBTjrARoAI5gRAQECABrURIgBtESIAbREiAG0RIgBtESIAb
56=REiAG0RIgBtESIAbREiAG0RIgBtESIAbREiAG0RIgBtESIAbREiAG0RIgBtESIAbREiAG0
57=RIgBtESIAbREiAG0RIgBtESIAbREiAG0RIgBtESIAbREiAG0RIgBtESIAbREiAG0RIgBtE
58=SIAbREiAG0RIgBtESIAbREiQFUKFkGVSgoAKBGgAShRgR8NqFGB2gBoEaABKBGgASgRoAE
59=oEaABKFGBXgGoUYJaAGhRg1oAaBGjAWgRgEBAgAbwUYCaAG4iogBoEaIAaBGiAGgRogBoE
60=aIAaBGiAGgRogBoEaIAaBGiAGgRogBoEaIAaBGiAGgRogBoEaIAaBGiAGgRogBoEaIAaBG
61=iAGgRogBoEaIAaBGiAGgRogBoEaIAaBGiAGgRogBoEaIAaBGiAGgRogBoEaIAaBGiAGgRo
62=gBoEaIAaBGiAGgRogBoEaIAaBGiAGgRogBoEaIAaBGiAGhRgV8NqFGCGgBoEaABKBGgASg
63=RoEEVpCNgASsR4gBrUcGZAitRwpoAa1HDmsBIgCyso0bALhImAa4SAECAgAcKDEiHCgxIh
64=woMyIcAFYjFUUAbQVXiQEBawFBALi/ChwAQokBBHUCQ4kBCGkBRIkBDGkBRYkBEGkBRokB
65=FGkBR4kBGGgBJxpLHAAm6EQAAgAcAEgA2AEAAAACABwAIgDZAQAAEQAAFg0AIAgAAgAcAC
66=MA2QEAAIkBLSgpAC4oKQAvKCkAMCgpADEoKQAyKCsAIQDa8QksKCsANADb9QI/KCsANQDr
67=9QI2iAEDAQIAHAA3iQECawE5APbhBDooKQBQKCkAUSgpAFIoKQBTKCkAVCgrADgA9/EJTy
68=grADsA+vUCVSgrAEAA+/QCASQAFgLVIyUoKQAmKCkAJygpACgoKQApKCkAKigpACsoKQA9
69=KCkAPigpAEkoKQBKKCkAS+gBAx0AIQCMAJsRHQAiKCkAIygpACQoKQAlKCkAJigpACcoKQ
70=AoKCkAKSgpACooKQArKCkALCgpAC0oKQAuKCsAIACN5xMvAJDrATUAJacpHQA2iAEDAQIA
71=HQA3iQECaQFMiQEAaQFNiAGBBE6IAYEEVogBgQRXiAGBBFiIAYAEA0EAuAEAAJUCQokBBX
72=EJQ4kBCWkBRIkBDWkBRYkBEWkBRokBFWkBR4kBGWsBMwDQ/RU8KCkASCgrADQA0+EEPygr
73=AFAA7fUCUSgpAFIoKQBTKCkAVCgrAE8A7/sGOQDw6QE6KCsAOADx9wJVAPLrAUAA8+sBOw
74=D06QEx710dADDjXB0AMvZaHQAnygkdACfKCR0AJ8oJHQAnygkdACfICQIeACAAg7c5HgAh
75=KCkAIigpACMoKQAkKCkAJSgpACYoKQAnKCkAKCgpACkoKQAqKCkAKygpACwoKQAtKCkALi
76=grAC8AiPEUH+JRHgAn9QkeKPUJHij2CR4AJ/YJHgAn9gkeACf2CR4AJ/YJHgAn9gkeACf0
77=CQIeADgAs6MwHgA5iAEDBwIAHgA6iQEOaQE7iQEVaAGlVQJoAaVVBmgBpVUKaAGkVZgGpV
78=USdAKlVRZoAaVVGmgBJ6YKHgAnpgoeACemCh4AJ6YKHgAnpAoCHgBZANj9FTHiUR4AJ/8K
79=HgBRKFQAJ/4KHgAn/goeACf/Ch4AMP5XHgAnKwseADLmVR4AJ9AKAh4AQAD14A8nIQoeKC
80=EKHighCh4oIQoeKCMKHwAf+T0fKE0KHyhOCh8AJ04KHwAnTgofACdOCh8AJ04KHwAnTgof
81=ACdOCh8AJ04KHwAnTgofACdOCh8AJ04KHwAnTgofACdOCh8AJ08KHwAv71IfAB7tUh8oTQ
82=ofKE0KHyhNCh8oTQofKE0KHyhNCh8oTQofKE0KHyhNCh/MUgEBAgAfzVIIaAGtUg9oAa1S
83=FmgBrVIDaAGtUgdoAa1SC2gBrFKYBq1SE3QCrVIXaAGtUhtoASdNCh8oTwofAFn0pwIfAD
84=0A0bNAHwA+KCkAPygpAEkoKQBKKCsASADS+AYnVwsfAEAmKiEfACcpCx8oKgsfACcqCx8A
85=JykLHygpCx8oKQsfKCkLHygpCx8oKQsfKCkLHypNClrr8yAAHvlTICilCiAopQogKKUKIC
86=ilCiAopQogKKUKICilCiAopQogKKUKICilCiAopQogKKUKICilCiAopQogKKUKICilCiAo
87=pwogAB3lVSAopQogKKUKICilCiAopQogKKUKICilCiAopQogKKUKICilCiDEVQECAgAgxV
88=UJaAGlVRBoAaVVF2gBJ3MJIABA50ogAEsoKAAnnQkgKO8TIABb9PQCIAA8ANS4SAIgAEEA
89=1+kBQygpAEQoKQBCJk8rIABF/UwgKJ0JICidCSAonQkgKJ0JICidCSAonQkgKJ0JICidCS
90=AonQkgKJwJAiAAPgD48RRHKCkASCgpAEkoKwA9APntBUYoKwA/APz1AkooKAAn0wohAB3x
91=ViEo/QohKP0KISj9CiEo/QohKP0KISj9CiEo/QohKP0KISj9CiEo/QohKP0KISj9CiEo/Q
92=ohKP0KISj9CiEo/QohKP0KISj/CiEAHP1XISj9CiEo/QohKP0KISj9CiEo/QohKP0KISj9
93=CiEo/QohKP0KIdxXAQMCACHdVwpoAb1XEWgBvVcYaAEn/QohKHMUIQBD/VchKJ0UISj/Ci
94=EAQf9XIQA9+1MhAD4oKQA/KCkARigpAEcoKQBIKCkASSgpAEooKQBcKCgAJyEVISiBCyEo
95=gQshKIELISiBCyEogQshKIELISiBCyEogQshKIMLIQBCJp81IQBA46khAEQoKQBFKCgAJ0
96=YqIQAp/Qpb4wQiABzpWSIoVQsiKFULIihVCyIoVQsiKFULIihVCyIoVQsiKFULIihVCyIo
97=VQsiKFULIihVCyIoVQsiKFULIihVCyIoVQsiKFULIihVCyIoVwsiABv1WiIoVQsiKFULIi
98=hVCyIoVQsiKFULIihVCyIoVQsiKFULIihWCyIAJEwrAQQCACLVWgtoAbVaEmgBtVoZaAEn
99=VQsiKFULIihVCyIoVQsiKFULIihVCyIoTRUiKMkJIijJCSIoyQkiKMkJIijJCSIoyQkiKM
100=kJIijJCSIoywkiAEIm7TQiKD00IigbKiIAPyhECSdNCiIoTgoiACdPCiIARiitAEcoKQBI
101=KCgAJ3E1IihNKyIo/SAiKCoLIgApKQtcKAUBXegBAiMAGwCGJI8zIwAcKCkAHSgpAB4oKQ
102=AfKCkAICgpACEoKQAiKCkAIygpACQoKQAlKCkAJigpACcoKQAoKCkAKSgpACooKQArKCkA
103=LCgpAC0oKQAuKCsALwCK7xsaAI/oASf9NiMorQsjKK0LIyitCyMorQsjKK0LIyitCyMorQ
104=sjKK0LI8xdAQUCACPNXQxoAa1dE2gBrV0aaAEnrQsjKK0LIyitCyMorQsjKK0LIyitCyMo
105=gQsjKIELIyiBCyMogQsjKIELIyhXCyMAMSZzQCMAMCZxQCMogwsjADImR0AjAEImyTUjKK
106=0LIyitCyMorQsjKP0VIyitCyMorQsjKK4LIwAnrgsjACetCyMo/TYjKK0LIyitCyMorQsj
107=KK4LIwAnrgsjACmtC175XiTENAEGAgAkxTQNaAGlNBRoAaU0G2gBJyc8JAAzJvswJABaKC
108=kAWygpAFwoKQBdKCkAXigpAFkm1DECJAA0ANUkHyUkAF8oKQBC/OYBJAAaACUSVSQAJzdU
109=JAAZJgpUJAAnslMkACexUyQosFMBJABMACU3VCQATYkBAWEaTokBAmkBVokBAGkBV4gBgQ
110=RYiAGBBFDrQyQAUSgpAFIoKQBTKCkAVCgpAE/7SCQAVe9HJAAbKAEGHCgpAB0oKQAeKCkA
111=HygpACAoKQAhKCkAIigpACMoKAAnalUkACdqVSQAJ2pVJAAnalUkACdqVSQAJ2pVJAAnal
112=UkACdrVSQALCiJAS0oKQAuKCkALygpADAoKQAxKCgAJ4FCJCi1DCQotQwkKLcMJABBKNkA
113=QygoACcNIyQoDQ0kKA0NJCgNDSQoDQ0kKA0NJCgNDSQoDA0CJQAaACajUSUAGygpABwoKQ
114=AdKCkAHigpAB8oKQAgKCkAISgpACIoKQAjKCkAJCgpACUoKQAmKCkAJygpACgoKQApKCkA
115=KigpACsoKQAsKCkALSgpAC4oKQAvKCkAMCgpADEoKQAyKCkAMygpADkoKQA6KCkAOygpAD
116=woKQA9KCkAPigpAD8oKQBEKCkARSgpAEYoKQBHKCkASCgpAEkoKQBKKCkAUCgpAFEoKQBS
117=KCkAUygpAFQoKQBaKCkAWygpAFwoKQBdKCkAXigpAF8oKQBgKCsANQAn7Uc2iAEDAwIAJQ
118=A3iQEGaQFMiQEAaQFNiAGBBE6IAYEEVogBgQRXiAGBBFiIAYAEAxgAKgEAAJUCGYgBlwJA
119=ADjhD0GJAQRpDEKJAQhpAUOJAQxrATQA7O0FOCgpAEsoKQBPKCkAVSgpAFnpASbIZAEBAg
120=AmyGSIAahkiAGoZIgBqGSIAahkiAGoZIgBqGSIAahkiAGoZIgBqGSIAahkiAGoZIgBqGSI
121=AahkiAGoZIgBqGSIAahkiAGoZIgBqGSIAahkiAGoZIgBqGSIAahkiAGoZIgBqGSIAahkiA
122=GoZIgBqGSIAahkiAGoZIgBqGSIAahkiAGoZIgBqGSIAahkiAGoZIgBqGSIAahkiAGoZIgB
123=qGSIAahkiAGoZIgBqGSJAVSUWogBqGSIAahkiAGoZIgBqGSIAahkiAGoZIgBqGSJAWEoXA
124=G0ZZQCtWUEZEq1ZQdoAbRlgAS0ZYAEtGWABLRlgAS0ZYAEtGWBBBeIZIAEoGeABKBngASg
125=Z4AEoWcFYA+hZwloAaFnDWgBoGeMBaBniAGgZ4gBoGeIAaBniAGiZwECcO0i2C0iIXgnzW
126=gCdAK4zIgBrGiIAaxoiAGsaIgBrGiIAaxoiAGsaIgBrGiIAaxoiAGsaIgBrGiIAaxoiAGs
127=aIgBrGiIAaxoiAGsaIgBrGiIAaxoiAGsaIgBrGiIAaxoiAGsaIgBrGiIAaxoiAGsaIgBrG
128=iIAaxoiAGsaIgBrGiIAaxoiAGsaIgBrGiIAaxoiAGsaIgBrGiIAaxoiAGsaIgBrGiIAaxo
129=iAGsaIgBrGiIAaxoAAECAgAnAFMAJgEAAAICACcAVAAmEQAAMg0AIAgBAAACAgAnAFoAJu
130=kBWygpAFwoKQBdKCkAXigpAF8oKQBgKCkAYSgpAGIoKwA1ACfpDDaIAQMFAgAnADeJAQhp
131=AUyJAQJpAU2IAYEETogBgQRWiAGBBFeIAYEEWIgBgwQXACrpDBiIAYEEGYgBgwRAADjhBE
132=GJAQZ1DUKJAQppAUOJAQ5rATQA7O0FOCgpAEsoKQBPKCkAVSgpAFnoAQEoABUAgAACAgAo
133=ABaFAQBrAVAAjHABaQFRKCkAUigpAFMoKQBUKCkAWigpAFsoKQBcKCsATwCN/QpZKCsAVQ
134=CQ9QJdKCgAAxcAJQEAAJkRGIkBAXkRGYkBAmgBtSMHaAG1IwtrAV4AtfkGX4gBgQRgiQEO
135=YQRhiQEVawEcANDtBSMoKQAsKCkAPCgpAEYoKwBJANH5BkooKwBiANL3AiAA0+kBKSgpAD
136=IoKwBjANvjBDUA6+kBNogBmRw3iAGZHEyIAZ0gTYgBgQROiAGBBFaIAYEEV4gBgQRYiAGD
137=BDkA9ukMOigpAEQoKwAaAPfhBCEoKQAqKCkAMygpADgoKQBDKCsAGwD65QgiKCkAKygpAD
138=QoKQA7KCkARSgoAAEdABYC2T0eKCkAHygpACQoKQAlKCkAJigpACcoKQAoKCkALSgpAC4o
139=KQAvKCkAMCgpADEoKQA9KCkAPigpAD8oKQBAKCkARygpAEgoKQBL6wEpABR4W2lZKSi9DS
140=kovw0pAEkogQBKKCsAUACDcAECAgApAFEoKQBSKCkAUygpAFQoKQBaKCkAWygpAFwoKwBP
141=AIX9ClkoKwBVAIj1Al0oKAAEQQDoAAAAAW0QQokBA2gBJ24OKQAnbg4pACdvDikANZl0AG
142=0FN4kBAmkBTIgBlQJNiAGdCk6IAYEEVogBgQRXiAGBBFiIAYAEtHuUArV7CHwKtXsPaAG1
143=exZoASd2DykAJ3YPKQAndg8pACd2DykAJ3cPKQBL430pAGPqeikAJ0oPKQAnSg8pACdLDy
144=kAQPd7KQBIKCkAZOB9AikANgDfqGQCKQA5AO3pATooKQBEKCsAGgDv4QQhKCkAMygpADgo
145=KQBDKCsAKgDx+wYbAPLpASIoKQA0KCkAOygpAEUoKwArAPT7BmIA++gBJ24OKQAnbg4pAC
146=duDikAJ24OKQAnbg4pACduDikAJ20OKWDNon0pACduDikAJ24OKQAnbg4pACduDikAJ24O
147=KQAnbg4pACduDikAJ24OKQAnQw4qABNsWmlvKigVDiooFQ4qKBUOKigWDioAJ+kNKijqDS
148=oAJ+oNKgAn6g0qACfqDSoAJ+oNKgAn6g0qACfqDSoAJ+oNKgAn6g0qACfqDSoAJ+oNKgCo
149=bwIAAgAqAKlvAmgBJ+kNKijpDSoo6Q0qKOoNKgAn6g0qACfqDSoAJ+oNKgAn6g0qACfqDS
150=oAJ+oNKgAn6g0qAKhvjBCpbwl4EalvEGgBqW8XaAEn6Q0qKOkNKii/DSoARudrKgBkKCgA
151=J5ENKihlDSooZQ0qKGQNAioAKgDXu1MqACsoKwBKANj1AmXobwIqADYA4PQCJ2cNKgBi4G
152=cCKgA5APDhBDooKQBEKCkAIedrKgAzKCkAOCgpAEMoKAAn6w0qACL7aSoANCgpADsoKQBF
153=KCkAY+7hKgAnvQ0qKL0NKii9DSoovQ0qKL0NKii9DSoovQ0qKL8NKgAp69IqACwoKAAnFQ
154=4qKBUOKigVDiooFQ4qKBUOKigVDiooFQ4qKBUOKioUDicvHCsAEuFyKyhtDisobQ4rKG0O
155=KyhtDisoQQ4rKEEOKyhBDisoQQ4rKEEOKyhBDisoQQ4rKEEOKyhBDisoQQ4rKEEOKyhBDi
156=vAcgEBAgArwXIDaAEnQQ4rKEEOKyhBDisoQQ4rKEEOKyhBDisoQQ4rKEEOKyhBDisoQQ4r
157=KEAOAisAOAC0s1YrADmJAQd5ETqJAQ5pATuJARVpAUOJAQBpAUSIAY0FRYgBjQVGiAGMBa
158=B9jBuhfQp4BqF9EWgBoX0YaAEnoQ8rKHcPKwAqJlcsKwArKCkASCgoACfbLCsAR/t/KwBl
159=KCgAJzcdKwAh93srACIoKQAzKCkANCgrAEkA2ekiZvl/Kyj7DysAY+7sKwAnJRArKCYQKw
160=An8w4rAGThcisoQQ4rKEEOKyhDDisAIPtpKwAjKCgAJ1kcKyiZDisomQ4rKJkOKyiZDiso
161=mQ4rKJkOKyixHCsomQ4rKJkOKyiZDisomw4rADIoOAIn3RwrKMUOKyjGDisAJ5sOLAAR+X
162=QsKMUOLCjFDiwoxQ4sKMUOLCjFDiwoxQ4sKMUOLCjFDiwoxQ4sKMUOLCjFDiwoxQ4sKMUO
163=LCjFDiwoxQ4sKMUOLCjFDizEdgEAAgAsxXYCaAEnxQ4sKMUOLCjFDiwoxQ4sKMUOLCjFDi
164=woxQ4sKMUOLCjFDiwoxQ4sKMUOLMV2AWwQpXYIaAGldg9oAaV2FmgBpHaMBaR2jAWkdowF
165=pHaMBaV2BHgGpXYLaAGldhJoAaV2GWgBJ8UOLCgpLCwo8Q4sKP8rLAAd53YsAGbtcywo/S
166=ssKGseLABn/W0sKL0NLCi/DSwAZOlvLCjpDSwo6Q0sKOsNLABIJm86LABJKCgAJ0M6LABH
167=Juo5LAAnkzksAErndiwAZSgoACfJKiwoxQ4sKMcOLAAh62QsACIoKAAnHQ8sKLkdLCgdDy
168=woHQ8sKB0PLCgdDywoxQ4sKMUOLCjFDiwoxQ4sKMUOLCjHDiwAMyg5AjQoKAAnHQ8sKB0P
169=LCgfDy0AEPF3LSgdDy0oHQ8tKB0PLSgdDy0oHQ8tKB8PLQAdKDABJ1UsLShJDy0oSQ8tKE
170=kPLShJDy0oSQ8tKEkPLShJDy0oSQ8tKEkPLShJDy0oSA8CLQBBAMlgEgICAC0AQokBAmgB
171=J0kPLShJDy0oSQ8tKEkPLShJDy0oSQ8tKEkPLShJDy0oSQ8tKEkPLShJDy3IeowQqXoJeB
172=GpehBoAal6F2gBqHqMBah6jAWoeowFqHqMBal6BXgGqXoMaAGpehNoAal6GmgBJ0k7LSgd
173=Dy0oHw8tAB7zdy0AZygoACcdOy0oHA8CLQAcANSo6AEtAGgAJZVKLShLDy0ASP94LQBJKC
174=gAJ2EdLSijDy0AZSiAACe7HS0ARybhLS0o+g8tACfxOi0oJxAtAEombjotACdvOi0AZvV7
175=LShJDy0oSQ8tKEkPLShJDy0oaR4tKEkPLShJDy0oSQ8tKEkPLShJDy0oSQ8tKEkPLShJDy
176=0oSQ8tKEkPLShJDy0oSg8tACdJDy0oMS0tKEkPLShLDy4AD3BeIh07Lih1Dy4odQ8uKHUP
177=Lih1Dy4odQ8uKHUPLih3Dy4AHihcASd1Dy4odQ8uKHUPLih1Dy4odQ8uKPAOAi4AWgCGeA
178=kCAgAuAFsoKQBcKCsAWQCH4AQnzDsCLgBdAIr0ArV7AWQItXsDaAEndQ8uKHUPLih1Dy4o
179=dQ8uKHUPLih1Dy4odQ8uKHUPLih1Dy4odQ8uKHUPLtR7jBC1ewp4EbV7EWgBtXsYaAG0e4
180=wFtHuMBbR7jAW0e4wFtXsGeAa1ew1oAbV7FGgBtXsbaAEnwR4uKHUPLih3Dy4AaCbDSi4A
181=IeP2LgAiKCkAMygpADQoKQAf5YEuKPkPLihZPS4oWz0uAGnkgQIuAB0A3b2DLihREC4oUR
182=AuKFEQLij1Hy4oURAuKFMQLgBm/YMuKE0gLih9EC4ofRAuKFEQLihTEC4AZ+WBLij5Dy4o
183=oQ8uKKEPLiihDy4ooQ8uKKEPLiihDy4oDS4uKA0uLij5Dy4o+Q8uKPkPLij5Dy4o+Q8uKP
184=kPLiihDy4ooQ8uKKMPLwAOaGFhfS8ozQ8vKM0PLyjNDy8ozQ8vKM0PLyjNDy8ozQ8vKM0P
185=LyhFHy8o+w8vAB8o4AEnJRAvKCUQLyglEC8oJRAvKCUQLyglEC8o7R4vJQwuAQECAC8lDS
186=4DaAEnSQ8vKEkPLyhJDy8oSQ8vKEkPLyhJDy8oSQ8vKEkPLyhJDy8oSQ8vKEkPL8l6BGwQ
187=qXoLaAGpehJoAal6GWgBqHqMBah6jAWoeowFqHqMBSeJWS8omQ4vKJkOLyiZDi8ofTwvKH
188=08LyjJSy8oQQ4vKD8eLwAg6/MvAGrhci8oFQ4vKBUOLygXDi8AYvFsLyhBDi8oQQ4vKEEO
189=LyhBDi8oQQ4vKEEOLygVDi8oFw4vAGf39C8AWia/Li8AWygpAFwoKQBdKCkAXigpAF8oKQ
190=BgKCkAYSgoACdiai8AJzdqLwBZJh4wLwAn3mkvACexaS8o+Q8vKPkPLyj5Dy8o+Q8vKPkP
191=Lyj5Dy8o+Q8vKPkPLyj5Dy8o+Q8vKPkPLyj5Dy8ozQ8vKM0PLyrND2kmby8wAA31cDAoJR
192=AwKCUQMCglEDAoJRAwKCUQMCglEDAoJRAwKCUQMCglEDAojT4wKKEPMCihDzAooQ8wKKEP
193=MCihDzAooQ8wwH0BAAIAMMF9AmgBJ6EPMCihDzAooQ8wKKEPMOB9DAIAMABMACUBAAAAAg
194=AwABEAAEcNACAPTQAlAQAAAQIAMABOACUBAAACaQFWiQEAaQFXiAGBBFiIAYAEBDgAtAEA
195=AAVhBDmJAQxpATqJARNpATuJARppAUOIAY0FRIgBjQVFiAGNBUaIAYwFAxwA0AEAAIEPIy
196=gpACwoKQA8KCkASygpAGgoKwAgANPlCCkoKQAyKCkAQCgrAB0A1+0FHigpAB8oKwBrANvj
197=BDYA4esBWgDt6QFbKCkAXCgpAF0oKQBeKCkAXygpAGAoKQBhKCkAYigpAGMoKQBkKCkAZS
198=gpAGYoKwAaAO/5ESEoKQAzKCkAWSgrAEgA8O0FSSgrAEcA8fcCGwDy6QE0KCkAZygrACIA
199=9OEESigrACoA9/cCKwD66AEBJAAWAtU5JSgpACYoKQAnKCkAKCgpAC0oKQAuKCkALygpAD
200=AoKQAxKCkAPSgpAD4oKQA/KCkAaSgpAGroAQExAAwAgAACAgAxAA2FAQBpAQ4oKQAPKCkA
201=ECgpABEoKQASKCkAEygpABQoKQAVKCkAFigrAFAAhnABdQ1RKCkAUigpAFMoKQBUKCsATw
202=CH+wZVAIrpAReMc4kXGIkBAX0KGYkBAmkBTIgBgAQnzQ8xKM4PMQAnzg8xACfODzEAJ8wP
203=AjEAQQA5r34xAEKJAQp8CqWBBmgBpYENaAGlgRRoAaWBG2gBpIGMBaSBjAWkgYwFpIGMBS
204=cmEDEAJ/oPMQAn+A8CMQBpANG/TDEAaigpAGsoKwBoANLgBCdSEDEAJ1IQMQAnUxAxAEjv
205=fjEASSgpAEooKwAiANjxCUcoKwBsAN33AjUA6+kBNogBgTA3iAGAMCebDjEAWutvMQBbKC
206=kAXCgpAF0oKQBeKCkAXygpAGAoKQBhKCkAYigpAGMoKQBkKCkAZSgpAGYoKQAq+38xADMo
207=KQBZKCkAG+N9MQArKCkANCgpAGcoKwAhAPX9IB0okQ0eKCkAHygpACMoKAAnqhAxACeqED
208=EAJ6oQMQAnqhAxACeqEDEAJ6oQMQAnqhAxACeqEDEAJ6oQMQAnqhAxACeqEDEAJ6oQMQAn
209=qxAxAEAoZQJL6AECMgALACavGzIADCgpAA0oKQAOKCkADygpABAoKQARKCkAEigpABMoKQ
210=AUKCkAFSgpABYoKQAfKCkAICgpACUoKQAmKCkAJygpACgoKQApKCkAKigpACsoKQAsKCkA
211=LSgpAC4oKQAvKCkAMCgpADEoKQAyKCkAMygpADkoKQA6KCkAOygpADwoKQA9KCkAPigpAD
212=8oKQBEKCkARSgpAEYoKQBHKCkASCgpAEkoKQBKKCkAUCgpAFEoKQBSKCkAUygpAFQoKQBV
213=KCkAWSgpAFooKQBbKCkAXCgpAF0oKQBeKCkAXygpAGAoKQBhKCkAYigpAGMoKQBkKCkAZS
214=gpAGYoKQBnKCkAaCgpAGkoKQBqKCkAaygpAGwoKQBtKCsANQAr5WA2iAEDAwIAMgA3iQEG
215=aQFMiQEAaQFNiAGBBE6IAYEEVogBgQRXiAGBBFiIAYMEFwAs6QwYiAGBBBmIAYAEAxwAMg
216=EAAJUCHYgBlQIeiQEJYw8hADjlCCKJAQR1AiOJAQhpASSJAQxpAUCF2QFoAbzbkAm92wt1
217=AkOBBBBrATQA7P0KOCgpAEsoKQBPKCsAGgDz7AUBGwBaAyMXJDMACoQpAQECADPMiYgBrI
218=mIAayJiAGsiYgBrImIAayJiAGsiYgBrImIAayJiAGsiYgBrImIAayJiAGsiYgBrImIAayJ
219=iAGsiYgBrImIAayJiAGsiYgBrImIAayJiAGsiYgBrImIAayJiAGsiYgBrImIAayJiAGsiY
220=gBrImIAbxtiAG8bYgBvG2IAbxtiAG8bYgBvG2IAbxtiAG8bYgBvG2IAbxtiAG8bYgBvG2I
221=AbxtiAG8bYgBvG2IAbxtiAG8bYgBvG2IAbxtiAG8bYgBvG2JAW4owAiob5QCqW8EeEipbw
222=doAahvgASob4AEqG+ABKhvgASob4AEqG+ABKhvgASob4AEqG+BBBuQbIAEtHCABLRwgAS1
223=cAp4EbRwjAW1cAV0ArVwCWgBtXANawFVAOK0ZQIzADoA4+kBOygpADwoKQA9KCkAPigpAD
224=8oKQBAKCkAQSgpAEIoKQBDKCkARCgpAEUoKQBGKCkARygpAEgoKQBJKCkASigpAFAoKQBR
225=KCkAUigpAFMoKQBUKCsAOQDk5x5LAOjrAU8A6ugBvI6EKbyOiAEnhxE0AG8iFDAi1Tw0xI
226=wBAgIANMSMiAGkjIgBpIyIAaSMiAGkjIgBpIyIAaSMiAGkjIgBpIyIAaSMiAGkjIgBpIyI
227=AaSMiAGkjIgBpIyIAaSMiAGkjIgBpIyIAaSMiAGkjIgBpIyIAaSMiAGkjIgBpIyIAaSMiA
228=GkjIgBpIyIAaSMiAGkjIgBJLQiiAEktCKIASS0IogBJLQiiAEktCKIASS0IogBJLQiiAEk
229=tCKIASS0IogBJLQiiAEktCKIASS0IogBJLQiiAEktCKIASS0IogBJLQiiAEktCKIASS0Io
230=kBVICIiAEktCKIAbSniAG0p4gBtKeIAbSniAG0p4gBtKeIAbykiAG8pIgBvKSIAbykiAG8
231=pIgBvKSIAbykiAG8pIgBvKSIAbykiAG8pIgBvKSIAbykiAG8pIgBvKSIAb2kBXBhvaQIaA
232=G8pIAEvKSABLykgAS8pIAEvKSABLykgAS8pIAEvKSABLykgAS8pIAEvKSABLykgAS9pAt4
233=EbykjAW9pAZ0Ar2kCmgBvaQOaQFfI+AigQRgiAGABCQNIwNgBCQMI4gMJA0jDXQCJA0jEm
234=kBCSbyOjQAuIqAD7iKiAEkOCOIASQ4I4kBGiZXNzUATfONNQBOKCkATygpAFAoKQBRKCkA
235=UigpAFMoKQBeKCkAaSgpAGooKQBrKCkAbCgpAG0oKQBwKCsASwDncAECAgA1AEyJAQNrAV
236=8A6vUCYIkBAXcCFwAqu6s1ABiIAY0FGYkBBmMEGgAx4QQbiAGBBByIAYEEHYkBCWwFvTYH
237=aAG9NgtrAS8ArOcICwCt6QEMKCkADSgpAA4oKQAPKCkAECgpABEoKQASKCkAEygpABQoKQ
238=AVKCkAMCgpADEoKQAyKCkAMygpADQoKQA1KCkANigpADcoKQA9KCkAPigpAD8oKQBAKCkA
239=QSgpAEIoKQBDKCkARCgpAEUoKQBGKCkARygpAEgoKQBJKCsACgCu/Ss8KCsAFgCv9wI4AL
240=HpAUooKwAnALX1AiiIAYk4KYkBDmk4KokBFWkBK4kBAGkBLIgBjQUtiAGNBS6IAY0FWYgB
241=jQVaiAGNBVuIAY0FXIgBjQVhiAGNBWKIAY0FY4gBjQVkiAGNBWWIAY0FZogBjQVniAGNBW
242=iIAY0FCSabWzUAOygpADomR0s1AAjngTUAOSgrACAA9ukiJSgpAB8me1c1ACQoKQBUKCsA
243=VQD4+QZWKCkAVygrAG4A+eEEISaDWDUAJigpAFgoKQBvKCsAXQD7+wYeAFgkGTU2KAkSNi
244=gKEjYAJwoSNgAnChI2ACeGETYAJ4YRNgAnhhE2ACeGETYAJ4YRNgAnhxE2AG54hyJ3JTYA
245=IpiKAwACADYAI4kBA2gBvY4BaAG9jgRoASfeETYAJ94RNgC8jowFvI6MBb2OB3gGvI6ABL
246=yOgAS8joAEvY4KbwUWAKi3IzYALygoALRahAi1WghsBbVaD2gBtVoWaAG0WowFtFqMBbRa
247=jAW0Wo0FWZBLjAW0WowFtFqMBbRajAW0WowFtFqMBbRajAW0WowFtFqMBbRajAW0WowFtF
248=qNBQr/VzYACygpAAwoKQANKCkADigpAA8oKQAQKCkAESgpABIoKQATKCkAB/9iNgAwKCkA
249=VSgrADEA2eEwMigpADMoKQA0KCkANSgpADYoKQA3KCkAOCgpADwoKQA9KCkAPigpAD8oKQ
250=BAKCkAQSgpAEIoKQBDKCkARCgpAEUoKQBGKCkARygpAEgoKQBJKCkAVigpABQmc2w2AEoo
251=KQBXKCkAHyaPajYAICgpACUoKQAkJmNqNgBvJrdZNgAhJrNpNgAmKCkAVCgpAFgmb0U2AF
252=0oKgBSAMeXNgBTKCkAcCgpAB77lTYAUSgpAHHzjTYACCanVzYACSgpADkoKQA6KCkAOygo
253=AAEVACAEI31HNyhhEjcoYRI3KGESNyhjEjcAVvmKNyiNEjcojRI3KI0SNyiNEjcojRI3KI
254=0SNyiNEjcoMzg3AHIoiwFfAOVwAQICADcAYIkBBGgBvZkBaAG8mZQCvZkCdAK9mQVoAaSX
255=lAKkl5QCpZcIYASkl4AEpJeABKSXgAQnuRI3KLoSNwC4lZgGuZUJcAm5lRBoAbmVF2gBuJ
256=WMBbiVjAW4lYwFuJWNBVmYlYwFuJWMBbiVjAW4lYwFuJWMBbiVjAW4lYwFuJWMBbiVjAW4
257=lYwFuJWMBbiVjgU5ACU5ezcoEB4CNwAwANS3hjcASigpAFUoKQBXKCkABvONNwAVJrJpNw
258=AnZQ03KGYNNwAnZw03AFPzbDcAHvBsAAM3ACQA7wEAAAACADcAUgDwAQAAAAIRAACFDQAg
259=DQA3AFEA8QEAAAACADcAcAAnKwAhAPL1AiYoKQBUKCkAcSgrAF0A8+8FWAD16wE0APbpAT
260=UoKQA2KCkANygpAD0oKQBDKCkARCgpAEUoKQBGKCkARygpAEgoKwAxAPfhDzwoKwAyAPj1
261=AjMoKQA+KCkAPygpAEAoKQBBKCkAQigrADgA+vEJSSgoAAEHABYCxSkIKCkACSgpAAooKQ
262=ALKCkADCgpAA0oKQAOKCkADygpABAoKQARKCkAEigpABMoKQAUKCkAOigoAAEdAFgDkBQB
263=OABNAIAAAgIAOABOhQEAaQFPKCkAUCgpAFYoKQBeKCkAaSgpAGooKQBrKCkAbCgpAG0oKQ
264=BuKCkAbygpAHAoKQByKCkAcygoAARfAOUAAAABcRRgiQEFawEiAOd8GWkBI4gBlQJLiAGN
265=BUyJAQRjBFEA7uUIUogBlwIXACW3OTgAGIgBmQYZiQECewYWAKjhBC8oKAAEJwC1AQAAA2
266=EEKIkBCmkBKYkBEWkBKokBGGkBK4gBjQUsiAGNBS2IAY0FLogBjQVZiAGNBVqIAY0FW4gB
267=jQVciAGNBWGIAY0FYogBjQVjiAGNBWSIAY0FZYgBjQVmiAGNBWeIAY0FaIgBjwU5ANDlHl
268=coKwAIANH1AgkoKQAKKCkACygpAAwoKQANKCkADigpAA8oKQAQKCkAESgpABIoKQATKCsA
269=OwDT7xAwANTpAUooKQBVKCsAFADV4wRAANfrAQUA2OkBPygrAEEA2/cCWADd6wEeAO3pAR
270=8oKQAgKCkAJSgpADUoKQA2KCkANygpAEQoKQBFKCkARigpAEcoKQBIKCsAJADv7RA8KCkA
271=QygpAFMoKQA05rg4ACcGFzgAJwcXOAA4+7Y4AD0oKQBJKCgAJ4sXOAAx/ro4ACeLFzgAce
272=i8ATgAGwDLvDgAHCgpAB0oKQAa/684AAbqkDgAJ54UOAAnYBIDOAAVAB8EYHkDADgAMwAy
273=6QFCKCsAMgAz9QI+6QE5KBETOSgSEzkAJxITOQAnEhM5ACcSEzkAJxITOQAnEhM5ACcSEz
274=kAJxITOQAnEhM5ACcSEzkAJxITOQAnEhM5ACcTEzkAceaXOQAnPhM5ACc/EzkAdCiAAKib
275=AgICADkAqZsGaAGwmJQCsZgFdwIiAOlgB2kBI4kBAWgBqJuMBaibjAUnaRM5KGoTOQAnaB
276=MCOQAWAKeySzkAJ2gTAjkADgCr9QIPKCkAECgpABEoKQASKCkAEygpABQoKQAVKCsADQCs
277=/Aq1pwRoF7WnC2gBtacSaAG1pxloAbSnjAW0p4wFtKeMBbSnjQVZkJiMBbSnjAW0p4wFtK
278=eMBbSnjAW0p4wFtKeMBbSnjAW0p4wFtKeMBbSnjAW0p4wFJ/cUOQA/55c5AEAoKQBBKCkA
279=B/6ZOQAnahM5ACdqEzkAJ2oTOQAnaxM5AFf3nDkABPCYAjkAMgDa/Ss+KCkAM+ubOQBC65
280=s5ABvnjDkAHCgpAB0oKAAn7hM5ACfuEzkAJ+4TOQAn7hM5ACfCEzkAJ8ITOQAnwhM5ACfC
281=EzkAJ8ITOQAnwhM5ACfDEzkAGv6ZOQAn7xM5ADUoVAAnGhQ5ACcaFDkAJxkUOSjtEzko7R
282=M5KO0TOSjuEzkAJ+4TOQAn7RM5KO0TOSjsEwE5AAoAw545AAsoKQAJ95w5AAwmNCgCOQBY
283=APvtMQXtnzkoGRQ5KOwTAjkACAAxq5s5ADThnjoojRI6KI0SOiiNEjoojRI6KI0SOiiNEj
284=oojRI6KI0SOiiNEjoojRI6KI0SOiiPEjoAdWiNInQwAjoASwDJcAECAgA6AEyJAQJrAVEA
285=y/UCUogBlAK9mQNgBL2ZB2gBJ+YSOgAn5BICOgBNAAejJToATogBhQhPiQEEeQZQiQEGaA
286=EnPRM6KD0TOig8EwI6AA4AovEJDygpABAoKQARKCkAEigpABMoKQAUKCkAFSgrAA0ApPwK
287=J8kUOijKFDoAvZkFcBS9mQxoAb2ZE2gBvZkaaAG8mYwFvJmMBbyZjAW8mY0FWZyZjAW8mY
288=wFvJmMBbyZjAW8mYwFvJmMBbyZjAW8mYwFvJmMBbyZjAW8mYwFvJmNBTMmCig6ACdoEwI6
289=AFUA0ugiJxETOigREzooERM6KBMTOgBXJlMmOgAD5JcCOgBWANnxCTT7lToACfeROgAKKC
290=kACygoACcREzooEhM6ACcSEzoAJxETOigREzooERM6KOUSOijlEjoo5RI6KOUSOijlEjoo
291=5RI6KOUSOijlEjoouhI6ACe5EjoouRI6KLgSAjoAJQDw8R8kJgMnOgAMJlEmOig9EzooER
292=M6KBETOigREzooERM6KBMTOgBYJi0nOig8EwI6ACYA9OEPCPOYOgBA5JcCOgB0AP3hBATy
293=mDoAJz0TOig9EzooPxM6AD//mToAQigrADIANLecOgA+KCkAQekBOyjBEzsowRM7KMETOy
294=jBEzsowRM7KMETOyjBEzsowRM7KMETOyjBEzsowRM7KMETOyhRJjso7xM7AHZsnHigAjsA
295=IgDEcAECAgA7ACOJAQJoAbGjAWgBsaMDaAGwo5QCsKOXAl8A6uUIYIgBgAS4oIgBuKCMBb
296=mgBXAJuaAHawEkAAi7MjsAJYgBjRAmiQEEYAQnnRQ7KJ0UOyidFDsonhQ7ACefFDsAEOKe
297=OwAnnhQ7ACeeFDsAJ54UOwAnnhQ7ACeeFDsAJ50UOyhpKTsonRQ73aQGcBS9pA1oAb2kFG
298=gBvaQbaAG8pIwFvKSMBbykjAW8pIwFrJ+MBayfjAWsn4wFrJ+MBayfjAWsn4wFrJ+MBayf
299=jAUn7RM7KO4TOwAnwRM7KMETOyjBEzsowxM7ADTjnjsAAuGeOyhpEzsoahM7ACdpEzsofS
300=Y7KGkTOyhpEzsoaRM7KGkTOyhpEzsoaRM7KGsTOwA996c7AEAoKQBDKCgAJ9UmOyjtEzso
301=7RM7KO0TOyjsEwE7AAgAJZk6OygZFDsoGRQ7KBsUOwBU4547AFgoKgBTACX5UTso7RM7KO
302=0TOyjtEzsowRM7KJcTOwBd/JkBOwA+ACWrJjsAPygpAEEoKQBCKCkAVSZnTzsAVigpAFco
303=KQBZKCkAWigpAFsoKQBcKCkAA/6kOwAnyRQ7KMkUOyjKFDsAJ/s7OwAyJks7PABYdINzjT
304=wAWSgpAFooKQBbKCkAXCgpAF0oKAAndTs8KCEVPCghFTwoIRU8KCIVPAAndTs8KCEVPCgh
305=FTwoIRU8KCEVPCghFTwoyBQCPABzAI1gEgICADwAdigrAHQAkPUCdygoAK2qAWwFraoDaA
306=En+js8ACf6OzwAJ/cUPABg9qc8ACf6OzwAJ/o7PAC8pJwKvKScCr2kBWsMFwAso6k8ABiI
307=AYEEGYkBBmAEJz0pPCidFDwonRQ8KJ0UPCidFDwonRQ8KJ0UPCidFDwonRQ8KJ0UPCicFA
308=I8AFQAreUTVSgpAFYoKwBTAK7jBFcAsegBJBkqAGgXuasHaAG5qw5oAbmrFWgBuKuMBbir
309=jAW4q4wFuKuMBbirjAW4q4wFuKuMBbirjAW4q4wFuKuMBbirjAW4q4wFJz0pPChNFTwoTR
310=U8KE0VPChPFTwAM++qPAABJqE7PCj5OzwoeRU8KHkVPCh5FTwoeRU8KHkVPCh5FTwoeRU8
311=KHkVPCh5FTwoeRU8KHkVPCh7FTwAPu+qPAA/KCgAJyU8PChNFTwoTRU8KE4VPAAnTRU8KE
312=0VPChNFTwoTxU8AEDjqTwAQSgpAEIoKQBDKCkARCgoACeVKTwopRU8KKUVPCilFTwopxU8
313=AE73pzwATygpAE0mEyk8AFAmJzw8AALmojwAJ3EUPChxFDwocRQ8KHIUPAAncxQ8ADQmEi
314=k9ACfuEz0AJ+4TPQAn7RM9KBEpPSjtEz0o7RM9KO0TPSjtEz0o7RM9KO0TPSjtEz0o7RM9
315=KOwTAj0AcwCDv5k9AHQoKQB2KCsAdQCM4QRy+KACPQBZALH1AlqIAQMCAgA9AFEjWT0AaQ
316=FSiAGUAriglAK5oANgBCcZFD0oGBQCPQBTAAmngT0AVIgBhQhViAGFCFaIAZUCV4gBlQJY
317=iAGUAqWiAWgMpaIEaAGlogdoASdFFD0oRRQ9KEUUPShFFD0oRRQ9KEUUPShFFD0oRRQ9KE
318=UUPShFFD0oRRQ9JeQohBOpmwh4EambD2gBqZsWaAGom4wFqJuMBaibjAWom4wFqJuMBaib
319=jAWom4wFqJuMBaibjAWom4wFqJuMBaibjAUnaxM9AAImqTw9KJUTPSiVEz0olRM9KJcTPQ
320=BBJtNiPQBCKCkAQygpAEAmPyk9AEQm1Tw9KO0TPSjtEz0o7RM9KO0TPSjtEz0o7RM9KO0T
321=PSjtEz0o7xM9ACH/mT0ANSgoACcVUD0oRRQ9KEcUPQA+KKwAJxVQPSjtEz0o7xM9AE4orQ
322=BPKCgAJ0UUPShFFD0oGxQ9AEUmGyo9AE0oKAAnlRM9KGsTPQA/JoU9PSiXEz0AUChUACcH
323=ZD0AIvecPQAjKCkAJCgpACUoKQA0+6A9ACb5oD0o7RM9KO0TPSjtEz0o7RM9KO8TPQAzKO
324=wTJwE9PigZFD4oGRQ+KBkUPigZFD74oAACAgA+AGoAAAAAAAACAD4AawAAAAARAACKDQAg
325=BQAAAgA+AGwAgAACAgA+AG2FAQBpAW4oKQBvKCkAcCgrAHIAg3ABbQVzKCkAdCgpAHUoKw
326=B2AIrvBXEAjegBBFkAsQAAAAFlCFqJAQNrAVEAyfUCUogBlwJLAOf1AkyJAQRvBV8A6vEJ
327=YIgBkAkBUwAJAd0KVIgBhQhViAGBBFaIAZUCV4gBlQJYiAGUAgQXACwBAAACaQwYiQEFaQ
328=EZiQEIaAECDgCiAQC5Jw8oKQAQKCkAESgpABIoKQATKCkAFCgpABUoKwANAKT/ChYAp+sB
329=LwCo6wEnALXlEyiJAQl5ESmJARBpASqJARdpASuIAZUYLIgBjQUtiAGNBS6IAY0FYYgBjQ
330=ViiAGNBWOIAY0FZIgBjQVliAGNBWaIAY0FZ4gBjQVoiAGPBTkA0OkXQCgrAAMA0vcCBwDT
331=6QE7KCkARCgrADAA1OEESigrAAkA7fUCCigpAAsoKQAbKCkAHCgpAB0oKQAeKCkAHygpAC
332=AoKQAhKCkAIigpACMoKQAkKCkAJSgpADQoKQA1KCkANigpADcoKQBGKCkARygpAEgoKQBO
333=KCkATygrAAgA7/EfGigpADEoKQBFKCkATSgrAD0A8PkGPigrADwA8fcCDADy6QEmKCkAOC
334=gpAEkoKQBQKCsAPwD0+wYyAPbpATMoKAABBAAWAtVlBSgpAAYoKQA6KCkAQSgpAEIoKQBD
335=6wE/AFNkfmtvPwBUKCkAVSgpAFYoKQBXKCkAWCgoACcSEz8AJxITPwAnEhM/ACcQEwI/AH
336=EAhWAHAgIAPwB18JgCPwBZAMT1AlqJAQJjBF8AyvUCYIgBlAKkl4gBpZcFbwVRAO+/mT8A
337=UokBA3cCaAAHuyc/AGmIAZkGaokBBGEEa4kBBmkBbIkBAGkBbYgBjQVuiAGNBW+IAY8FZQ
338=AI/QpmiAGNBWeIAY0FW4yfkQlciAGBBF2IAZUCXogBlwJhAArxCWIoKQBjKCkAZCgrABcA
339=Je0FGIkBAX0VGYgBkAknIhU/ACciFT8AJyIVPwAnIhU/ACciFT8AJyIVPwAnIhU/ACciFT
340=8AJyIVPwAnIhU/ACciFT8AoKmULqGpCmQToakRaAGhqRhoAaCpjAWgqYwFoKmMBaCpjAUn
341=wxM/AAT2nD8AJ5YTPwAnahM/ACdqEz8AJ2gTAj8APADZ7SY9KCkAPigpAD8oKAAnGhQ/AC
342=caFD8AJxoUPwAnGhQ/ACcaFD8AJxoUPwAnGhQ/ACcaFD8AJxoUPwAnGhQ/ACcaFD8AJxoU
343=PwAnGhQ/ACcaFD8AJ8ITPwAnwhM/ACfCEz8AJ8ITPwAnwhM/ACdqEz8AJ2oTPwAnahM/AC
344=drEz8AMvOYPwAzKCkANCgpADUoKQBOKCkATygpAE3unz8AJ+4TPwAn7hM/ACfuEz8AJ+8T
345=PwBQ4p4/ACc+Ez8AJz4TPwAnPxM/ADso5RJAKCgAJ5YTPwAnlhM/ACeXE0AATWSJd5xAAE
346=4oKQBPKCkAUCgoACfCE0AAJ8ITQAAnwBMCQABxAIZ0BQICAEAAcigpAHMoKQB06JsCQABw
347=AI/sBbWcAXgGtZwDaAG0nJQCtJyUArWcAGAEtJyXAlEA8LecQABSiAGUArSchAi0nJQCtZ
348=wFZAi1nAdoAbScjAW0nIwFtJyMBbScjAW0nIwFtJyMBbScjAW0nIAEtJyABLSclAK0nJQC
349=tJyUArSciAG0nIgBtJyIASeWE0AAJ5YTQAAnlhNAACeVE0AolRNAKJUTQCiVE0AolRNAKJ
350=UTQCiVE0AolRNAKJUTQCiVE0AolRNA1ZwEZCm1nAtoAbWcEmgBtZwZaAG0nIwFtJyMBbSc
351=jAW0nIwFJ5YTQAAnWydAAAXhnkAowhNAACdZJ0Ao7RNAKO0TQCjsEwJAADMA2KyfAkAANA
352=Db6AEnlRNAKJUTQCiVE0AolRNAKJUTQCiVE0AolRNAKJUTQCiVE0AolRNAKJUTQCiVE0Ao
353=lRNAKJUTQChpE0AoaRNAKGkTQChqE0AAJ2kTQChrE0AANiZ9JkAoaRNAKDUSQCg1EkAoNR
354=JAKDQSAkAAMQDz4SU9Js8lQAA+KCsAPAD34wRUAPjrAVMA+esBPwD66QFVKCgAJz4TQAAn
355=PhNAACflEkAo5RJAKuQSATUAMgQjsCcCQAAyADOrAUEAc3CKfplBAKiFAgECAEEAqYUEaA
356=EnDQ1BKA0NQSgNDUEoDQ1BKA0NQSgNDUEoDQ1BKA0NQSgNDUEoDQ1BKA0NQSgNDUEoDQ1B
357=KAwNAkEAYgCrtyNBAGMoKQBkKCkAZSgpAGYoKQBnKCkAaCgpAGkoKQBqKCkAaygpAGwoKQ
358=BtKCsAYQCs7xBuAK/oASQNIwV4J7V7DGgBtXsTaAG1expoAbR7jAW0e4wFtHuMBbR7jQVN
359=I/02AHkGTokBB2kBT4kBDmkBUIkBFWkBUYgBjQVSiAGNBVOIAY0FVIgBjAUn1BACQQBBAN
360=H1GEIoKQBDKCkABu+JQQBAKCgAJx0lQShZEUEoLRFBKCwRAkEARADV6wwyANrrATUA3egB
361=J1kRQShZEUEoWRFBKFkRQShZEUEoWRFBKFkRQShZEUEoWRFBKFkRQShZEUEoWRFBKFkRQS
362=hZEUEoWxFBAD0m2zdBAD4oKAAnHSVBKLERQSixEUEohRFBKIcRQQA88Y1BKLMRQQBVKFUA
363=CCZBJEEoCRJBKAkSQSgLEkEAPyYFOEEoNRJBKDcSQQBW65BBAFcoKQBYKCkAWSgpAFooKQ
364=BbKCkAXCgpAF0oKQBeKCkAXygpAHAoKQBxKCkAb++fQQBg65tBAHIoKQAzJlMmQQA0KCgA
365=J8ETQtiVAQICAELZlQVoASe5EkIouRJCKLkSQii5EkIouRJCKLkSQii5EkIouRJCKLkSQi
366=i5EkIouxJCAGIms0hCAGMoKQBkKCkAZSgpAGYoKQBnKCkAaCgpAGkoKQBqKCkAaygpAGwo
367=KAAnRzVCAGEmlEoCQgBtAKW5aUIo9hRCACecNQJCAG4AqeAEuZUGeCe5lQ1oAbmVFGgBuZ
368=UbaAG4lYwFuJWMBbiVjAW4lYwFuZUBeAa5lQhoAbmVD2gBuZUWaAG4lYwFuJWMBbiVjAW4
369=lYwFJ7sSQgAH65BCADMoKAAnZSNCKAkSQigLEkIANOuQQgAIJjkjQiixEUIosRFCKM0PQi
370=jPD0IAPu9+QgA/KCkARSgoACclEEIoJRBCKCcQQgBWKK0AWSgpAFooKQBbKCkAXigpAF8o
371=KQBwKCgAJ7UiQigtEUIoAxFCAG/viUIAGyafNUIAHCgpAB0oKQAeKCkAHygpACAoKQAhKC
372=kAIigpACMoKQAkKCkAJSgpAFcoKQBYKCkAXCgpAF0oKQBxKCkACe+fQgAaKCgAJ104Qijt
373=E0IowxNCAGD5oEIo7xNCACYmizhCAHIoKQBA45NCAEEoKQBCKCkAQygpAEQoKAApNxI1AD
374=EkSCUCQgAyADSrAUMAIiZ3JUMAIygpACQoKQAlKCkAJigpACcoKQAoKCkAKSgpACooKQAr
375=KCkALCgpAHEoKQBLI7BeAwACAEMATIkBAmgBJ50UQyieFEMAJ2k0QyidFEMonRRDKJ0UQy
376=idFEMonRRDKJ0UQyidFEMonhRDACedFEMonhRDACeeFEMAJ54UQwAnnhRDACeeFEMAJ54U
377=QwAnnhRDACeeFEMAJ50UQygRKUMocRRDKEcUQwAvJjdfQwBsKCkAGyaHJ0MAHCgpAB0oKQ
378=AeKCkAHygpACAoKgAaACVgKAJDAC4AraStAkMALQCu6QEhJrooQwC8pJgyvKQCCQIAQwC9
379=pBBoAb2kF2gBvKSMBbykjAW8pIwFvKSMBSefFEMACPGjQyh9JkMocRRDKHMUQwAJ5aJDKB
380=kUQyjdSEMoRRRDKEcUQwA+9ZFDKEcUQwBAKFUAQSgpAEIoKQBDKCkARCgoACchFUMo/TZD
381=KCEVQygjFUMAVyjZAFgoKAAnThVDACdOFUMAJ08VQwBcKK0AXSgoACd7FUMAbyhUACedS0
382=MoexVDAF7vqkMACuOTQwBVKCgAJ40SQyiNEkMojxJDAFbtlEMouxJDAHAoVAAn3l5DACff
383=XkMANOuQQwA1KCkAbigpAG0mdSVDKIo4RACkgQEBAgBExYEDaAEnJRBEKCYQRAAnJxBEAB
384=smryFEABwoKQAdKCkAHigpAB8oKQAgKCkAISgoACf5D0Qo+Q9EKPkPRCj5D0Qo+Q9EKPkP
385=RCj5D0Qo+Q9EKPsPRAAaJhUkRCjPD0QADiZDJEQADygpABAoKQARKCkAEigpABMoKQAUKC
386=kAFSgpAGsoKwANAKa1e0QohRFEKM8lRABsJs8lRAAi64VEACMoKwAkALHkCLCChDSxggpw
387=NbGCEWgBsYIYaAGwgowFsIKMBbCCjAWwgowFJ1MQRAAJ8YJEKFEQRChREEQoUxBEAArwgg
388=JEAFUA3PAUJ05tRAAnTW1EKKkQRCipEEQoqxBEAD7la0QoqRBEKKoQRAAnqhBEACeqEEQA
389=J6oQRAAnqhBEACepEEQoqRBEKKkQRCipEEQoqhBEACeqEEQAJ6kQRCipEEQoqRBEKKoQRA
390=AnqhBEACerEEQAbihAAyfVEEQodVxEKNUQRCjXEEQAbeCIDEQAMgDwAQAAAAIARAAzABEA
391=AJkNACAN8AEAAAACAEQACwDxAQAAAGsBOADy6QFJKCkAYCgrAFYA8+MEDAD06QFwKCsAJg
392=D29QInKCkAKCgpACkoKQAqKCkAKygpACwoKQAtKCsAJQD3/wouAProAQE6ABYCiBcDRQBL
393=AOcAyQFMiAEFAwIARQAXACWvBUUAGIkBAXUCGYkBAmsBGwCi4QQcKCkAYigpAGMoKQBkKC
394=kAZSgpAGYoKQBnKCkAaCgpAGkoKwAaAKT1DWEoKwAdAKX1Ah4oKQAfKCkAICgpACEoKQAi
395=KCsAIwCn5QhqKCsAFgCo9QIvKCgABE0AtQEAAARxH06JAQtpAU+JARJpAVCJARlpAVGIAY
396=0FUogBjQVTiAGNBVSIAY8FOQDQ9w0KANLrATsA0+sBMADU6QFKKCkAVSgrAAsA1+EEDCgp
397=AA0oKQAOKCkADygpABAoKQARKCkAEigpABMoKwAUANvrDCUA7ekBJigpACcoKQAoKCkAKS
398=gpACooKQArKCkALCgpAC0oKQA1KCkANigpADcoKQA9KCkAPigpAD8oKQBAKCkAQSgpAEIo
399=KQBDKCkARCgpAEUoKQBGKCkARygpAEgoKQBXKCkAWCgpAFkoKQBaKCkAWygpAFwoKQBdKC
400=kAXygpAG0oKQBuKCsAPADv9S5eKCkANOuQRQAu8o1FACc2EkUAJzYSRQAnNxJFADH2kUUA
401=J2MSRQBv95FFAGzjiEUAa+CIAkUAJAD57BApABEBFQAgBMOIMwAy6wEyADOoAQJGAB4AjK
402=eMRgAfKCkAICgpACEoKwAdAI3vBSIAkOgBrJQCAQIARgCtlARoASeNEkYojhJGACeOEkYA
403=J44SRgAnYhJGACdiEkYAJ2ISRgAnYhJGACdiEkYAJ2ISRgAnYhJGACdiEkYAJ2MSRgAj4p
404=NGACePEkYAHPqKRgAnWhFGACdYEQJGAGoAqbAqAkYAJACx6AGxjQV4HLGNDGgBsY0TaAGx
405=jRpoAbCNjAWwjYwFsI2MBbCNjAUnsxFGAAvyjUYAJ7IRRgAnshFGACeyEUYAJ7ARAkYAMg
406=Da8RQz8IICRgAVAN30AidSEEYAJ1IQRgAnUhBGACdSEEYAJ1IQRgAnUhBGACdSEEYAJ1IQ
407=RgAnJhBGACcmEEYAJycQRgA+9mVGACcmEEYAJyYQRgAnJhBGACcmEEYAJyYQRgAnJhBGAC
408=cmEEYAJyYQRgAnJhBGACcmEEYAJyYQRgAnJhBGACcmEEYAJyYQRgAnJhBGACcmEEYAJyYQ
409=RgAnJxBGAGwoQQMl735GADUoKAAnUhBGACdQEAFGAG0AJYsiRgBr/YNGKH0QRih9EEYofR
410=BGKH0QRih9EEYofxBGAG7/g0YADCb/IEYADSgpAA4oKQAPKCkAECgpABEoKQASKCkAEygp
411=ABQoKAAnhxFGADT7ikcAamiCIs8lRwBrKCkAbSgrAB4Ag3ABAgIARwAfKCkAICgpACEoKw
412=AdAIXvBSIAiOgBsY0CZAixjQVoASexEUcoshFHACexEUcoshFHACexEUcosRFHKLERRyix
413=EUcosRFHKLERRyixEUcohRFHKFkRRyhZEUcoWxFHACMmtSJHKIcRRwBp5oxHALmKBmAauY
414=oNaAG5ihRoAbmKG2gBuIqMBbiKjAW4iowFuIqNBTMmDiNHACeEEQJHABAA0bOCRwARKCkA
415=EigpABMoKQAM9ZFHKDUSRyg1EkcoNRJHKDQSAkcAFADV6Qw09pFHACeKIkcAJzUSRyg1Ek
416=coNRJHKDUSRyg1EkcoNRJHKDUSRyg1EkcoNRJHKDUSRyg3EkcAPvF3Ryg1EkcoNRJHKDUS
417=Ryg1EkcoNRJHKDUSRyg1EkcoNRJHKDUSRyg1EkcofhBHACd/EEcAXvOCRwBfKCkAVv2DRy
418=h9EEcofRBHKH0QRyhTEEcAbCb/IEcAYPCCAkcAVwD47TFYKCkAWSgpAFooKQBbKCkAXCgp
419=AF0oKAAnrSFHKIYRRwAnhhFHACeGEUcAJ6gQAkcAFQAfJNghAkcAMgA0qwFIAFRse3aGSA
420=AnfRBIKH4QSAAnfhBIACd+EEgAJ34QSAAnfBACSABLAMl4CQICAEgATIkBAmgBJ30QSCh+
421=EEgAJ30QSCh+EEgAJ30QSCh9EEgofRBIKH0QSCh9EEgoJRBIKK0hSChTEEgAZyZjM0gAFi
422=bZIUgoqRBIKFMQSABo8IICSAARAKu/NkgAEigpABMoKQAUKCkAFSgrABAArPsGJACv6wFN
423=ALjpAU6JAQR1I0+JAQhpAVCJAQxpAVGJARBpAVKJARRpAVOJARhoASdZEUgoWxFIAA3rhU
424=gAVSgpAA8mwTRIKAERSCgBEUgoAxFIADT0hgJIAFYA2f0VVygpAFgoKQBZKCkAWigpAFso
425=KQBcKCkAXSgpAF4oKQBfKCkAaSbzJEgAYCbHJEgAaigoACfFJEgojRJIKI0SSCiNEkgojR
426=JIKGESSChhEkgoYRJIKGMSSAA+4ZNIKGESSChhEkgoYRJIKGESSChhEkgoYRJIKGESSChh
427=EkgoYRJIKGISSAAnDSNIKI0SSCiPEkgAJuOTSAAsKCgAJ2EzSChhEkgoYRJIKGMSSABs9p
428=FIACfdMkgo1RBIKKoQSAAnhTJJKH0QSShREEkoUBACSQAeAIavfkkAISgrAB0Ah/cCIgCK
429=6AEk/CABAAIASSWxMgNoASd9EEkofhBJACd/EEkAESa3Q0kAEigpABMoKQAUKCkAFSgoAC
430=eOM0kAJ1kRSShZEUkoWRFJKFkRSSgtEUkoLRFJKCwRAkkAEACmvWJJKC0RSSgvEUkAJOeM
431=SQBmKCgAJ2IzSQClgQFwH6WBBWgBpYEJaAGlgQ1oAaWBEWgBpYEVaAGlgRloASdXIUkADu
432=5+SQAnzQ9JKM0PSSjND0kozw9JADPtfkkoCDMCSQAmANz5HCwoKAAnsTJJKOkNSSjpDUko
433=kQ1JKJENSSiTDUkAPvFsSSiRDUkokQ1JKJENSSiRDUkokQ1JKJENSSiRDUkokQ1JKJENSS
434=iTDUkAJyZ3MEkALSgoACfNMEkovA0BSQArACXVUkko9R9JKJENSSiTDUkAJen+SSi/DUkA
435=a/9tSQBWJstASQBXKCkAWCgpAFkoKQBaKCkAWygpAFwoKQBdKCkAXigpAF8oKQBoKCkAaS
436=gpAGooKQBVJttCSQBnKCkAYCYJVEkoJBACSQA0ADEkpSBKKCcQSgAfJnQwAUoAIAAldTBK
437=JbhUAQECAErVewRoASd1D0oodg9KACd1D0ooSg9KACdKD0oAJ0oPSgAnSQ9KKKcgSgAc43
438=1KACMoKAAnoQ9KKKEPSiihD0oooQ9KKKEPSih3D0oAEfV7Sih1D0ooSQ9KKEkPSijQIAFK
439=AB0AJacgSgAiKCkAISYgIAJKAB4Ar7lpStl/AnQjuX8GaAG5fwpoAbl/DmgBuX8SaAG5fx
440=ZoAbl/GmgBJ/sPSgAP+X9KKM8PSgAmJjdUSgAsKCgAJzFDSignEEoAECahMEoojR1KKKEP
441=SiiiD0oAJyVSSijND0oozQ9KKM8PSgA+7X5KKM0PSijND0oozQ9KKM0PSijND0oozQ9KKM
442=0PSijND0oozQ9KKM8PSgBWKOABJylCSigpQkooKUJKKClCSigpQkooKUJKKCtCSgBeKFwB
443=J1dCSgBoKFUAaSgpACfxjUoo3RFKKLMRSgBVKIEAZygoACcJEkooCRJKKAkSSigJEkoogU
444=JKKDUSSig3EkoAaveRSgA07X5KKKMPSgAzKKAPJ3UwSyjND0sozQ9LKM0PS8x+AQICAEvN
445=fgVoASfND0sozg9LACfND0sooQ9LKKEPSyihD0sooQ9LKKMPSwAd431LACIoKAAn+g9LAC
446=f5D0so+Q9LKPkPSyj5D0so+w9LACEmfVJLKCcQSwAS5YFLKCcQSwAe5fpLKFEQSyhREEso
447=URBLwX0DaCKhfQdoAaF9C2gBoX0PaAGhfRNoAaF9F2gBoX0baAEnow9LABDhfUsooQ9LKK
448=EPSyihD0soyR9LKKMPSwAR4X1LKIkMSyi1TksoiQxLKIkMSyiJDEsoiQxLKIkMSyiJDEso
449=iQxLKOFOSyiJDEso2gtLACfbC0sAKCZ7K0sAKSgpACooKQA0KCkANSgpADYoKQA3KCkAPS
450=gpAD4oKQA/KCkAQCgpAEEoKQBCKCkAQygpAEQoKQBFKCkARigpAEcoKQBIKCkAJyYjQUsA
451=LSgpADEoKQA8KCgAJyNiSwAr53ZLAC4oKQA4KCkASSgpAGkoKwAlAPW7zEsAMibLQEsAMy
452=goACdHQEwATSJcLiLvP0wATigpAE8oKQBQKCkAUSgpAFIoKQBTKCgAJyNBTAAfJvMvTAAg
453=JvIvTAAnURBMKFIQTAAnUBALTABLADkBAAAFAgBMAEyJAQppARQm5z5MABUoKQAbKCkAHC
454=goACfWc0wAJydzTAAjKIEAJCgpAGIoKQBjKCkAZCgpAGUoKQAT54FMABooKQAhKCkAYSgo
455=ACd7QUwAHiYjQUwALygpAGYoKwAoAK2zNUwAKSgpACooKQAuKCsAJwCu7QUtKCsAJQCx9Q
456=IrKCkAMCbPUUwAOSYfUUwAOigpADsoKQAR7YlMKAERTCgDEUwAMSarc0wAMigoAAADMwDX
457=AQAAAAIATAA0ANcBAAAAAgBMEQAAIw0AIA0ANQDXAQAAAAIATAA2ANcByQE3KCkAPSgpAD
458=4oKQA/KCkAQCgpAEEoKQBCKCkAQygpAEQoKQBFKCkARigpAEcoKQBIKCkASSgrADgA2fEU
459=PCgrABIA2/cCVgDw6QFXKCkAWCgpAFkoKQBaKCkAWygpAFwoKQBdKCkAXigpAF8oKwBVAP
460=H1DWcoKwBgAPT1AmgoKAABSgAWApwrAk0AGgAmowRNABsoKQAcKCkAHSgpAB4oKQAfKCkA
461=ICgpACEoKQAiKCkAIygpACQoKQAlKCkAJigpACcoKQAoKCkAKSgpAC4oKQAvKCkAMCgpAD
462=EoKQAyKCkAMygpADQoKQA1KCkANigpADcoKQA4KCkAPigpAD8oKQBAKCkAQSgpAEIoKQBD
463=KCkARCgpAEUoKQBGKCkARygpAEgoKQBJKCkATigpAE8oKQBQKCkAUSgpAFIoKQBTKCkAVC
464=gpAFUoKQBWKCkAVygpAFgoKQBZKCkAWigpAFsoKQBcKCkAXSgpAF4oKQBfKCkAYCgpAGEo
465=KQBiKCkAYygpAGQoKQBlKCkAZigpAGcoKwAXACrpWRiIAQMDAgBNABmJAQZrAToALeEEO4
466=gBgQQ8iAGDBCoAOOEEK4kBBHkGLIkBCGkBLYkBDGgBBEoAOQEAAAFpAUuIAYUITIkBC3UC
467=TYkBEGsBFgCo/woSANLpARPviU0AFCgpABXgiAJNADkA7O0FPekBTsR2AQECAE7EdogBpH
468=aIAaR2iAGkdogBpHaIAaR2iAGkdogBpHaIAaR2iAGkdogBpHaIAaR2iAGkdogBpHaIAaR2
469=iAGkdogBpHaIAaR2iAGkdogBpHaIAaR2iAGkdogBpHaIAaR2iAGkdogBpHaIAaR2iAGkdo
470=gBpHaIAaR2iAGkdogBpHaIAaR2iAGkdogBpHaIAaR2iAGkdogBpHaIAaR2iAGkdogBpHaI
471=AaR2iAGkdogBpHaJAVSAXIgBpHaIAaR2iAGkdogBpHaIAaR2iAGkdogBpHaIAaR2iAGkdo
472=gBpHaIAaR2iAGkdogBpHaIAaR2iAGkdogBpHaIAaR2iAGkdogBuHSIAbl0BGhZuXQHaAG4
473=dIAEuHSABLh0gAS4dIAEuXQFeAa5dAloAbl0DWgBuXQCaAG4dIQIuXQMdAK5dBFoASebDk
474=4AE/h0Ak4AFQDTtXBOwHKAD6ByiQEU9elPzHMBAgIAT8xziAGsc4gBrHOIAaxziAGsc4gB
475=rHOIAaxziAGsc4gBrHOIAaxziAGsc4gBrHOIAaxziAGsc4gBrHOIAaxziAGsc4gBrHOIAa
476=xziAGsc4gBrHOIAaxziAGsc4gBrHOIAaxziAGsc4gBrHOIAaxziAGsc4gBrHOIAaxziAGs
477=c4gBrHOIAaxziAGsc4gBrHOIAaxziAGsc4gBrHOIAaxziAGsc4gBrHOIAaxziAGsc4gBrH
478=OIAaxziAGsc4gBrHOIAaxziAGsc4gBrHOIAaxziAGsc4gBrHOIAaxziAGsc4gBrHOIAaxz
479=iAGsc4kBY4CIiAGsc4gBrHOIAaByiAGhcgV8V6FyCGgBoHKABKBygASgcoAEoHKABKFyBn
480=gGoXIKaAGhcg5oAaFyA2gBoHKECKFyDXQCoXISaAEnQw5PABThck8oQQ5PwHKAD6ByBAIC
481=AFAALgCAAGkBL4UBAGkBMCgpADEoKQAyKCkAWigpAFsoKQBcKCkAXSgpAF4oKQBfKCkAYC
482=gpAGEoKQBiKCkAYygpAGQoKwAXACWnjFAAGIkBAX0VGYgBgBqxKgd0ArEqC2gBuScJaAG5
483=Jw5rARYAqvMJGgCs6wEbAK3pARwoKQAdKCkAHigpAB8oKQAgKCkAISgpACIoKQAjKCkAJC
484=gpACUoKQAmKCkAJygpACgoKQApKCsAKgCx8xQzALjpATSJAQRtGzWJAQhpATaJAQxpATeJ
485=ARBpATiJARRpATmJARhpAT2IAZFAPogBkQk/iAGRCUCIAZEJQYgBkQlCiAGRCUOIAZMJRA
486=DQ5RNKKCkASPPEUABOKCsAFQDW7wU6AOvpATuIAY08PIgBjzxQAPbhBFEoKQBSKCkAUygp
487=AFQoKQBVKCkAVigpAFcoKQBYKCsATwD36wxZAPrrAS0A++kBSSgpAEXz2lAARigpAEcoKQ
488=BN6gFRACeSDVEAJ5INUQAnkg1RACeSDVEAJ5INUQAnkg1RACeSDVEAJ5INUQAnkg1RACeS
489=DVEAJ5INUQAnkg1RACeSDVEAJ5ANAlEAKwDqeGwCAgBRACyJAQFoASe9DVEovg1RACe/DV
490=EAOolvAG0FO4gBmQY8iQECdQIaJkIvUQCkVYAEpVUFYASlVQloAaVVDWgBpVURaAGlVRVo
491=AaVVGWgBpFWQCaRVkAmkVZAJpFWQCaRVkAmkVZAJpFWQCSemClEAJ6YKUQAnpQpRKKcKUQ
492=AeJgMyUQAfKCkAJCgpACUoKQAmKCsAHQDYr0dRACMoKwAWANr1AiAmNzNRACcoKwBQAO3h
493=BFEoKQBSKCkAUygpAFQoKQBVKCkAVigpAFcoKQBYKCsALQDv6QxPKCsAWQDy9wJJAPPpAS
494=nrZFEAG+tkUQAhKCkAKCgpABzjZ1EAIigpACooKQAuKCgAJw0NUSgODVEAJw8NUQBLKA0N
495=TCgoACdlDVIoZQ1SKGUNUihlDVIoZQ1SKGUNUihlDVIoZQ1SKGUNUihlDVIoZQ1SKGUNUi
496=hlDVIoZA0DUgArAPAAI887UgAsiAECAwIAUgAnOQ1SKDkNUig5DVIoOg1SACc6DVIAJzoN
497=UgAnOQ1S2WkCfAq5aQZoAblpCmgBuWkOaAG5aRJoAblpFmgBuWkaaAG4aZAJuGmQCbhpkA
498=m4aZAJuGmQCbhpkAm4aZEJHfe9UgAjKCgAJ5ENUiiTDVIAIO/AUgAnKCgAJ+kNUijrDVIA
499=KfJWUgAnXgxSACdeDFIAJ14MUgAnXgxSACdeDFIAJ14MUgAnXgxSACdeDFIAJ18MUgAb82
500=FSACEoKQAoKCgAJ+IMUgAn4wxSABzjZ1IAIigpACooKQAuKCgAJ5ANAlIASQD1s2xSAB7j
501=XFIAHygpACQoKQAlKCkAJigoACcNDVIoDQ1SKA0NUigODVIAJw4NUgAnDQ1TKA0NUygNDV
502=MoDQ1TKA0NUyiBC1MogQtTKFULUyhVC1MoVQtTKFULUyhVC1MoVQtT1FoCAwIAUwC1Wgdo
503=AbVaC2gBtVoPaAG1WhNoAbVaF2gBtVobaAG0WpAJtFqQCbRakAm0WpAJtFqQCbRakAm0Wp
504=AJJ1ULUyhUCwJTAEUA0b82UwBGKCkASCgpAEooKQBLKCkARCaRLlMoBQxTKAUMUyjbC1MA
505=SSbNXFMoBQxTKAUMUygFDFMoBQxTKAUMUygFDFMoBQxTKAUMUygFDFMoBwxTAFn9bVMoMg
506=xTACcyDFMAJzEMUygHDFMALSZRXVMoMQxTKDIMUwAnMwxTAC4mq11TAFrvy1MAWygpAFwo
507=KQBdKCkAXigpAF8oKQBgKCsAYQD8+DInOQ1TKDoNUwAnOg1TACc6DVMAJzkNUyjhDFMotQ
508=xTKLUMVCgFDFQoBQxUKNkLVCjZC1Qo2QtUKNsLVAAaJgAyAlQALQC0vxVUAC6IAQMHAgBU
509=AC+JAQ5pATCJARVrAUgAte0FSYgBjQVKiAGNBUuIAYwFJ9EKVCjTClQATPeyVAAk71JUAC
510=UoKQAmKCkATSgoACetFlQopAoCVABHANT7EU4A1egBJ4EWVCh5ClQoeQpUKHkKVCh5ClQo
511=eQpUKHkKVCh5ClQoeQpUKHsKVABa51VUAFsoKQBcKCkAXSgpAF4oKQBfKCgAJ7UXVCiBC1
512=QoVwtUACkmA2lUACjhXFQogQtUKIMLVAAq9lpUACdbaVQAMvtTVAAzKCkANCgpADUoKQA3
513=KCkAOCgpAD4oKQA/KCkAQCgpAEEoKQBCKCkAQygpAEQoKQBFKCkAMSbXJlQAPSgrADYA+P
514=U5OSarJlQARigoACdlDVQoZw1VADYiHDEidXJVKIkMVSiJDFUoXQxVKF0MVShdDFXQYQEB
515=AgBV0WEIaAGxYQ9oAbFhFmgBsGGMBbBhjAWwYYwFsGGMBSczDFUAJ+VgVSj/FVUAI+lZVS
516=hXC1UATChVACjrsVUAKSgrACoA3aMlVQAb50pVADIoKQAzKCkANCgpADgoKQBCKCkAQygp
517=AE8oKAAnOQ1VKDkNVSg5DVUoOQ1VKDkNVSg6DVUAJ70jVSg5DVUoOQ1VKDkNVSg5DVUoOg
518=1VACc6DVUAJzoNVQAnOQ1VKOMMVQAxJpskVQA3KCkAPu9oVQA/KCkAQCgpAEEoKQBEKCkA
519=RSgpAD3pb1Uo6Q1VKOsNVQA1JnclVQA5KCkARuNyVQBfKCkATudgVQBN+15VACX4XgJVAB
520=oA+eE7JCgpACbty1UoqSZVKAcMVgA952BWAD4oKQA/KCkAQCgpAEEoKwArAMlwAQICAFYA
521=LIkBAmgBDzoAJQEAAAACAFYAOwAlAQAAAREAAGMNACAIAgBWADwAJQEAAAJrAS0AtOkBLo
522=kBCXUCL4kBEGkBMIkBF2sBSAC17QVJiAGNBUqIAY0FS4gBjAUEHQDQAQAAAHkGIygrACAA
523=0/UCJygpAEcoKwBMANTjBCQA1+kBJSgpACYoKQBFKCkARigrAEQA2PsGNwDt6QE4KCkATy
524=gpAFAoKQBRKCkAUigpAFMoKQBUKCkAVSgpAFYoKQBXKCkAWCgpAFkoKQBaKCkAWygpAFwo
525=KQBdKCsAIQDv6RdCKCsAMgDw9QIzKCkANCgpADUoKQBOKCsAGwDx+QYxKCkATSgrABwA8u
526=EEIigpADkoKQBDKCsAXgD07wUpAPbrASgA9+sBNgD46wEqAProAQEeABYC3UEf6AEBVwA9
527=AIAAAgIAVwA+hQEAaQE/KCkAQCgpAEEoKAAEKwDJAAAAAW0FLIkBA2kBOpRahQg7iAGBBD
528=yJAQJgBKxdjAWtXQp0Aq1dEWgBrV0YaAGsXYwFrF2MBaxdjAWsXYwFJ64LVwAnrwtXAET7
529=XlcATCgoACcGDFcAJwYMVwAnBwxXAE3oWQJXADIA2bsnVwAzKCkANCgpADUoKwAxANrvBU
530=4A2+sBNgDd6QEp8ktXACcyDFcAJwYMVwAnBgxXACcGDFcAJwYMVwAnBgxXACcGDFcAJwYM
531=VwAnBgxXACcGDFcAJwYMVwAnBgxXACcGDFcAJwYMVwAn2wtXACj7XlcANygoACczDFcATy
532=hUACfTClcAKuZVVwAn/gpXACf/ClcAXfxXAlcAHAD19CMnegpXACl5CiQopQolKCkAJigp
533=AEUoKQBG6QFYKFULWChWC1gAJ1YLWAAnVgtYACdUCwJYACsA8LdaWAAsiAECAwIAWAAnVg
534=tYACdWC1gAJ1YLWAC1WgRsBbVaC2gBtVoSaAG1WhloAbRajAW0WowFtFqMBbRajAUnVQtY
535=KFULWChVC1goVgtYACdVC1goVQtYKFcLWABO6rxYACciClgAJ4EWWChNClgoTQpYKE0KWC
536=hNClgoTQpYKE0KWChNClgoTQpYKE0KWChNClgoTQpYKE0KWChNClgoIQpYKCIKWAAn9QlY
537=KPYJWAAn9QlYKPYJWAAn9QlYKPcJWABc909YADL3p1gAMygpADQoKQA1KCkANigpADHmrV
538=gAJ9EKWCjSClgAJ9IKWAAn0gpYACfSClgAJ9IKWAAp0QpN/VdZKP0KWSj9Clko/QpZKP0K
539=WSj9Clko/QpZKP0KWSj9Clko/QpZKP0KWdxXAgUCAFkAvVcMaAG9VxNoAb1XGmgBvFeMBb
540=xXjAW8V4wFvFeMBScpFlko0QpZKNEKWSjSClkAJykWWSjRClko0QpZKNMKWQAy46lZADMo
541=KQA0KCkANSgpADYoKAAnrQtZKK0LWSitC1korQtZKK0LWSitC1korQtZKK0LWSitC1korQ
542=tZKK0LWSitC1korQtZKIELWSiDC1kAMe2qWSitC1korQtZKK0LWSitC1korQtZKK8LWQBb
543=7V1ZKKUKWSilClkopQpZKKUKWSilClkopQpZKKYKWQAnpQpaKKUKWiilCloopQpaKKUKWi
544=ilClooTQpaKE0KWihMCgtaACsAOQEAAAUCAFoALIkBCmgBpa0GaAGlVQ1oAaVVFGgBpVUb
545=aAGkVYwFpFWMBaRVjAWkVYwFJ6UKWiilCloopAoCWgAfANGh1VoopQpaKKUKWiikCgJaAC
546=AA1e0FKSYKKFoAJ+YoWgAn5ihaACfmKFoAJ+coWgA2KNkANygpADgoKQBQKCkAUSgpAFIo
547=KQBTKCkAVCgpAFUoKQBWKCkAVygpAFgoKQBZKCkAISafKloAKCgoACcjK1oAQihVAE8oKQ
548=Ai909aACooKQA5KCkAQygpAFooKAAn9RRaKE0KWihNClooTQpaKE0KWihMCgJbACAAJqMw
549=WwAhKCkAIigpACMoKQAkKCkAJSgpACYoKQAnKCkAKCgpACkoKQAuKCkALygpADAoKQAxKC
550=kAMigpADMoKQA0KCkANSgpADYoKQA3KCkAOCgpADkoKQA9KCkAPigpAD8oKQBAKCkAQSgp
551=AEYoKQBHKCkASCgpAEkoKQBKKCkASygpAEwoKQBNKCkATigpAE8oKQBQKCkAUSgpAFIoKQ
552=BTKCkAVCgpAFUoKQBWKCkAVygpAFgoKQBZKCsAOgAn8UA7iAEDAwIAWwA8iQEGawFCADjh
553=BEOJAQR1AkSJAQhpAUWJAQxpASqJkAFoAaCThAihkwt1Ai2ABAEQAgBcyU4BaAGoTogBqE
554=6IAahOiAGoTogBqE6IAahOiAGoTogBqE6IAahOiAGoTogBqE6IAahOiAGoTogBqE6IAahO
555=iAGoTogBqE6IAahOiAGoTogBqE6IAahOiAGoTogBqE6IAahOiAGoTogBqE6IAahOiAGoTo
556=gBqE6IAahOiAGoTogBqE6IAahOiAGoTogBqE6IAahOiAGoTogBqE6IAahOiQFUjEeIAahO
557=iAGoTogBqE6IAahOiAG8TIgBvUwEZD+9TAdoAbxMgAS9TAV0Ar1MCWgBvUwNaAG9TAJoAb
558=xMhAi9TAx0ArxMAhECAF0AsUsCaAGwS4gBsEuIAbBLiAGwS4gBsEuIAbBLiAGwS4gBsEuI
559=AbBLiAGwS4gBsEuIAbBLiAGwS4gBsEuIAbBLiAGwS4gBsEuIAbBLiAGwS4gBsEuIAbBLiA
560=GwS4gBsEuIAbBLiAGwS4gBsEuIAbBLiAGwS4gBsEuIAbBLiAGwS4gBsEuIAbBLiAGwS4gB
561=sEuIAbBLiAGwS4gBsEuIAbBLiAGwS4gBsEuIAbBLiAGkSogBpUoFbDylSghoAaRKgASlSg
562=Z0AqVKCmgBpUoOaAGlSgNoAaRKhAilSg10AqRKAxICAF4AKiZ/R14AMSgpADIoKQAzKCkA
563=NCgpAEkoKQBKKCsAUwCMcAF9ClQoKQBVKCsAUgCN4wRWAJLoASexPV4oYSheKGIoXgClHg
564=d8CqUeC2gBrRsJaAGtGw5rAT4Aq6u8XgA/KCkAQCgpAEEoKwA9AKzvBUIAr+sBRQCw6QE2
565=I2lVAH0KN4gBjRA4iAGVDTmJARVhBC0msz1eACkmP1VeACQmDzleACUoKQAmKCkAJygpAC
566=8oKQBHKCkATCgpAE0oKQBOKCkATygpAFAoKQAuJsc6XgBGKCkASygrACMA+fkcMCbHUF4A
567=SCgpAFEoKwA1APvvBSgA/KsBXwAoYDgitVlfKBsJXwArKFUALCgoACdyCV8AJ3IJXwAncg
568=lfACdyCV8AJ3IJXwAncAkCXwBTAIN4CQICAF8AVCgrAFIAhfcCVQCK6wFDAOnpAUSJAQF4
569=BiedCV8onQlfKJwJAl8APgCi7Rs/KCkAQCgpAEEoKwA9AKTvBUIAp+sBRQCo6AGsR4APrU
570=cIbBCtRw9oAa1HFmgBJ8MIXwAt70dfACUmHztfACYoKQAvKCkARygpAEwoKQBNKCkATigo
571=ACcDXl8ALia/OV8ARigpAEsoKAAnqzFfACQmby9fACcmk09fADAoKQBIKCsANQDz8R9RJm
572=0vYChpCGAoaghgACdpCGAo3RFgKGkIYChpCGAoaQhgKGkIYChrCGAAUv1BYCiXCGAAVP9B
573=YABR65BgAFDqkGAAJ5YIYAAnlAgCYAA6ACy3GGAAO4gBAwMCAGAAPIkBBmgBJ5YIYAAnlg
574=hgACeWCGAAJ5YIYAAnlghgACeWCGAAJ5cIYAA2gYgCfAq1RAloAbVEEGgBtUQXaAEnlQhg
575=KJUIYChrCGAAJ/o9YAAnlghgACeWCGAAJ5YIYAAnlghgACeVCGAoaQhgKGoIYAAnawhgAC
576=X9QWAoEghgACcSCGAAJxMIYABPKBEIKO2JYSg9CGEoPQhhKD0IYSg9CGEoPQhhKD0IYSg9
577=CGEoPQhhKD8IYQBQ/0FhAFEoKAAnlwhhAFPrQ2EAT/1BYSg9CGEoPQhh3EEBAgIAYd1BBW
578=gBvUEIaAEnPQhhKD0IYSg9CGEoPQhhKD0IYSg9CGEoPQhh3UEDfQo3iUMKaAG9QRFoAb1B
579=GGgBJz0IYSg9CGEoEQhhKBEIYSgRCGEoEQhhKBEIYSjlB2Eo5QdhKOcHYQAm5z9hACjtfm
580=EoEQhhKBEIYSgTCGEATvFAYiixBmIoswZiAE/lNGIo3QZiKN8GYgBS8zViAE7xNWIosQZi
581=KLAGC2IAOgA2AQAABAIAYgA7iQEIaQE8iQEMaAEnsQZiKLEGYiixBmIosQZiKLEGYiixBm
582=IosQZi0DWUDbE1C2gMsTUSaAGxNRlrASkA0ruKYgAtJrNIYgAqJi9pYgArKCkALCgoACcf
583=D2IAMPV7Yig1B2IoNQdiKAkHYigJB2IoCwdiACfpOGIoCwdiADX1OWIoCwdiAE0o3QYxJl
584=UhYij5XGIo+lxiACf5XGMojQdjKI8HYwBO7TxjKLkHYyi7B2MAUe88YwBN7TxjKI0HYyiN
585=B2MojQdjKI4HYwAnjAcCYwA+AKWrLWMAPygpAEAoKQBBKCsAPQCm7AUnVBYCYwBCAKn0Aq
586=C0AgUCAGMArTwMaAGtPBNoAa08GmkBLuQ0DmMALwDtAQAAAAIAYwAwAO0BEQAA6AfFEggA
587=AAACAGMAMQDtAckBMigpADMoKQA0KCkARygrAEYA7/kGSygrACgA8fcCNQDy6QFIKCsATA
588=D09wIpAPbpASooKQArKCkALCgpAC3oAQFkAEkAgAACAgBkAEqFAQBrAU0Ag3ABaQFOKCkA
589=TygrAFAAiuMETACN6wFDALTpAUSJAQJnCD4AC6cTZAA/KCkAQCgpAEEoKQBCKCsAOgAl+A
590=YEOwA2AQAACXEJPIkBDWkBPYkBEWsBRQCo7AUENgC1AQAABnUCN4gBjQU4iQEUdQI5iQEX
591=aQEq4zBkACsoKQAsKCkALSgpAC4oKQAvKCkAMCgoACfmB2QAJ+YHZAAn5gdkACfmB2QAJ+
592=YHZAAn5wdkACn6PWQAJ7oHZAAnuAcCZABLAPO5HGUo3QZlKN4GZQAn3gZlACfcBgJlAEwA
593=hbsyZQBP/jZlALA1AgECAGUAsTUDaAGwNZQCsDWIAbA1iAGwNYgBsDWIASeyBmUAsTUKcA
594=mxNQ5oAbE1EmgBJ7EGZSjWBWUAJ9YFZQAn1gVlACfWBWUAJ9YFZQAn1QVlKL0NZSjVBWUo
595=1QVlKNcFZQA18TVlKAEGZSgDBmUAKuEwZSjUBQJlAEsA9fUuNuNnZQA3KCkAOCgrADkA+q
596=0FZiiFBmYohwZmAEztaGYoswZmAE77MmYAS/tpZgA6gFwBBwIAZtEqC2gBsSoPawFFAKn3
597=DT4ArekBPygpAEAoKQBBKCkAQigpAEMoKQBEKCsAPQCu8AknWQZmKFkGZihZBmYoWQZmKF
598=kGZihZBmYoWQZmKFkGZihZBmYoWwZmADbnNGYANygpADgoKAAn4QxmKN8GZgAr/zZmADnx
599=o2YoCwdnAEv1LmcoAwZnAE30LgJnAEoAjKtkZwBJ4jBnACdXC2cAO5SRAwECAGcAPIkBAm
600=gBJ6UKZyhJBGcoSQRnKEkEZyhJBGcoSQRnKEkEZyhJBGcoSQRnKEkEZyhKBGcAJ0sEZwBG
601=9SNnKFcLZwAs6SJnKEsEZwBI/8VnAD7zVmcAPygpAEAoKQBBKCkAQigpAEMoKQBEKCkARS
602=grAD0A969HaABJ9y5oAEooKAAnLwZoAEzjMGgASPUuaCjVBWgo1QVoKNUFaCipBWgoqQVo
603=KKkFaCipBWgoqQVoKKkFaCipBWgoqQVoKKkFaCipBWgoqwVoAD7rLWgAPygpAEAoKQBBKC
604=kAQigpAEMoKQBEKCkARSgoACcLB2gAPff/aAAt6ThoKAsHaABH6zhpAEjxKmkoqQVpKKsF
605=aQBL/ytpAEf9K2kofQVpKH0FaSh9BWkoUQVpKFEFaShRBWkoUQVpKFEFaShRBWkoUQVpKF
606=EFaShRBWkoUAUCaQA+APCjRmkAPygpAEAoKQBBKCkAQigpAEMoKQBEKCkARSgpAC77J2kA
607=PSgoACd/EGkARucpagA9cH8EAAACAGoAPigpAD8oKQBAKCkAQSgpAEIoKQBDKCkARCgpAE
608=UoKQBGKCgAJ90GaijfBmoAR/f0agBK/TZqKLEGaiixBmoosQZqKIUGaiiFBmoohQZqKIUG
609=aiiFBmoohQZqKIUGaiiFBmoohwZqAC/5J2ooIQprKM0EayjOBGsAJ84EawAnzgRrACfOBG
610=sAJ84EawAnzgRrACfOBGsAJ84EawAnzQRrKK0LayijBGsASeElayihBGsooQRrKKEEayh1
611=BGsodQRrKHUEayh1BGsodQRrKHUEayh1BGsodwRrADD1I2sodQRsKJsDbABH+3RsAEj/FW
612=wARefObABGKCkARPl0bChBA2woQQNsKEEDbCgVA2woFQNsKBUDbCgVA2woFQNsKBUDbCgX
613=A2wAMfUYbCoUAyeRGGwokhhsACeSGGwAJ7cXbABBJugjAmwAQwD9q3ptAETzH20ARSgpAE
614=YoKQBH6CIBbQBDACUlMW0o8QNtKPEDbSjxA20oxgNtACddLW0oxQNtKMUDbSjFA20oxwNt
615=AD79r20oMhdtACcyF20AJzEXbShXFm0AMuElbSijBG0AQvIfbgAnxQNuKMcDbgBD93tuAE
616=blHm4omQNuKJkDbiiZA24obQNuKG0DbihtA24obQNuKG8DbgA+7RtuKG0DbihtA24oQgNu
617=ACd7FW4AM+0bbihvA24AQv+kbwBD/TZvKJsDbwBF4BoBbwBCACUcJQFvAEEA1TlvKJkDby
618=iZA28omQNvKG0DbyhtA28obQNvKG8DbwA+7RtvKG0DbyhDA28ANPUYbygXA28AQPcYcABB
619=9xhwAEIoKAAnbAMBcABEACV3O3AAQPUYcCgVA3AoFQNwKBUDcCjpAnAo6QJwKOsCcAA+6R
620=dwKL8CcAA1/RVwKL8CcAA//xVxAEDyFHEAJ+kCcSjoAgFxAEMA3xVxAD/9FXEovQJxKL0C
621=cSi9AnEokQJxKJMCcQA2+RFxKN0ccShnAnEAPucTcgA/5RNyKJICcgAnkAIBcgBCAMcTcg
622=A+60NyAD3xFHIokQJyKJECciiRAnIoZwJyADflE3IoOwJzAD7tEHMoOQJzKDsCcwA9629z
623=AEH5EXMo4QFzKOEBcyjjAXMAOPUNcyi1AXQotQF0KLUBdCiLAXQAQOkMdCiJAXQoiQF0KI
624=sBdAA5JmU5dShdAXUoMwF1AD/xCXUoMQF1KDEBdSgxAXYo2wB2AD75BnYorQB2KKwAAncA
625=PQCLIjgiDgIAdwA8ACUBAAACAgAAAAAAEQAA

[Houses]
0=Americans House
1=Alliance House
2=French House
3=Germans House
4=British House
5=Africans House
6=Arabs House
7=Confederation House
8=Russians House
9=YuriCountry House
10=Neutral House
11=Special House

[OverlayPack]
1=KQAAIP41FP+BAv7/Af+BAv7/Af+BAv7/Af+BAv7/Af+BAv7/Af+BAv7KAf+AZQAAIP41AP
2=+BAv7/Af+BAv7/Af+BAv7/Af+BAv7/Af+BAv7/Af+BAv7/Af/+BwACg/////4RAAL+1Af/
3=gfH+/wH/gfH+/wH/gfH+/wH/gfH+/wH/gfH+/wH/gfH+GAD//gYAZv69Af+AEgEAIP4kAP
4=+B8f4XAP/+BwBm/tkB/4Hx/gcA/4Hx/hgA//4GAGb+2QH/gfH+BwD/gfH+GAD/h2ZmZv9m
5=Zmb+2AH/gfH+BwD/gfH+GAD//gcAZv7YAf+B8f4HAP+B8f4ZAP/+BgBm/tgB/4Hx/gcA/4
6=Hx/hoA//4EAGb+2QH/gfH+BwD/gfH+GwD/gmZm/toB/4Hx/gcA/4Hx/vcB/4Hx/gcA/4Hx
7=/u8B/4EC/gcA/4Hx/gUA/4Oz//H+7wH/gQL+BwD/gfH+BQD/g7P/8f7tAf+DAgIC/gcA/4
8=Hx/gcA/4Hx/vcB/4Hx/gcA/4Hx/vcB/4Hx/gcA/4Hx/vcB/4Hx/gcA/4Hx/vcB/4Hx/gcA
9=/4Hx/tsB/4A+AQAg/hwA/4Hx/gcA/4Hx/hEA//4XAAL+FwD/gmZm/rYB/4Hx/gcA/4Hx/h
10=EA/4EC/hUA/4EC/hcA//4EAGb+tAH/gfH+BwD/gfH+EQD/gQL+FQD/gQL+FgD//gYAZv6z
11=Af/+BADxgf/+BADx/hEA/4EC/hUA/4EC/hYA//4HAGb+zAH/gQL+FQD/gQL+FgD//ggAZv
12=7LAf+BAv4VAP+BAv4XAP/+CABm/soB/4EC/hUA/4EC/hgA/4dmZmb/ZmZm/soB/4EC/hQA
13=/4ICAv4YAP/+CABm/skB/4EC/hQA/4EC/hkA//4IAGb++QH//gYAZv7KBf+BAv4UAP+BAv
14=7qAf+BAv4UAP+CAgL+GgD/hfHx8f///goA8f7AAf+BAv4VAP+BAv4aAP+B8f7OAf+BAv4V
15=AP+BAv4aAP+B8f6YAf+A4wAAIP42AP+BAv4VAP+BAv4aAP+B8f7OAf+BAv4VAP+BAv4aAP
16=+B8f7OAf+BAv4VAP+BAv4aAP+B8f7OAf+BAv4VAP+BAv4aAP+B8f7OAf+BAv4VAP+BAv4a
17=AP+B8f7OAf+BAv4VAP+BAv4aAP+B8f7OAf+BAv4VAP+BAv4RAP/+CgDx/s4B/4EC/hUA/4
18=EC/hEA/4Hx/tcB/4EC/hUA/4EC/hEA/4Hx/tcB/4EC/hUA/4EC/ukB//4XAAL+EQL/gfH+
19=/wH/gfH+/wH/gfH+/wH/gfH+ywH//gQAZv4wAP+B8f6hAf+AXAAAIP4oAP/+CABm/i4A/4
20=Hx/soB//4IAGb+LQD/gfH+yQH//gQAZoH//gQAZv4tAP+B8f7JAf/+CQBm/i0A/4Hx/skB
21=//4JAGb+LQD/gfH+ygH//gcAZoL/Zv7OFf+ABQAAIP4AIP+ABQAAIP4AIP+ABQAAIP4AIP
22=+ABQAAIP4AIP+ABQAAIP4AIP+ABQAAIP4AIP+ABQAAIP4AIP+ABQAAIP4AIP+ABQAAIP4A
23=IP+ABQAAIP4AIP+ABQAAIP4AIP+ABQAAIP4AIP+ABQAAIP4AIP+ABQAAIP4AIP+ABQAAIP
24=4AIP+ABQAAIP4AIP+ABQAAIP4AIP+ABQAAIP4AIP+ABQAAIP4AIP+ABQAAIP4AIP+ABQAA
25=IP4AIP+ABQAAIP4AIP+ABQAAIP4AIP+ABQAAIP4AIP+ABQAAIP4AIP+ABQAAIP4AIP+A

[OverlayDataPack]
1=KQAAIP41FACBBP7/AQCBBf7/AQCBBf7/AQCBBf7/AQCBBf7/AQCBBf7KAQCAbwAAIP41AA
2=CBBf7/AQCBBf7/AQCBBf7/AQCBBf7/AQCBBf7/AQCBBf7/AQCBA/4FAAqFCAAAAAL+DwAK
3=gQj+1AcAgQT+/wEAgQX+/wEAgQX+/wEAgQX+/wEAgQX+/wEAgQX+GAAAgQb+BAAHgQT+vQ
4=EAgB8BACD+JAAAgQX+FwAAggQI/gQAC4EH/tkBAIEE/gcAAIEF/hgAAIYICwoKCgj+2QEA
5=gQX+BwAAgQX+GAAAhwcLCgAKCgb+2AEAgQX+BwAAgQX+GAAAgQb+BAAKggsH/tgBAIEF/g
6=cAAIEF/hkAAIYHCgsLCgb+2AEAgQX+BwAAgQX+GgAAhAcKCgf+2QEAgQX+BwAAgQX+GwAA
7=ggYG/toBAIEF/gcAAIEF/vcBAIEF/gcAAIEF/u8BAIEE/gcAAIEF/gcAAIEF/u8BAIEF/g
8=cAAIEF/gcAAIEF/u0BAIMCCgn+BwAAgQX+BwAAgQX+9wEAgQX+BwAAgQX+9wEAgQX+BwAA
9=gQX+9wEAgQX+BwAAgQX+9wEAgQX+BwAAgQX+2wEAgGkBACD+HAAAgQX+BwAAgQX+EQAAgQ
10=b+FQAKgQz+FwAAggQG/rYBAIEF/gcAAIEF/hEAAIEF/hUAAIEF/hcAAIQICggG/rQBAIEF
11=/gcAAIEF/hEAAIEF/hUAAIEF/hYAAIYGCgsLCgf+swEAiQMKCggAAgoKCf4RAACBBf4VAA
12=CBBf4WAACBB/4EAAuCCgf+zAEAgQX+FQAAgQX+FgAAggYK/gQAC4IKB/7LAQCBBf4VAACB
13=Bf4XAACDBwoL/gQACoEG/soBAIEF/hUAAIEF/hgAAIcICwoACgsI/soBAIEF/hQAAIIGCf
14=4YAACIBwsKCgoLCgb+yQEAgQH+FAAAgQH+GQAAggYK/gQAC4IKBv75AQCBBv4EAAeBBv7K
15=BQCBBP4UAACBBP7qAQCBBf4UAACCAwz+GgAAhgYKCAAAAv4IAAqBCP7AAQCBBf4VAACBBf
16=4aAACBBf7OAQCBBf4VAACBBf4aAACBBf6YAQCA7AAAIP42AACBBf4VAACBBf4aAACBBf7O
17=AQCBBf4VAACBBf4aAACBBf7OAQCBBf4VAACBBf4aAACBBf7OAQCBBf4VAACBBf4aAACBBf
18=7OAQCBBf4VAACBBf4aAACBBf7OAQCBBf4VAACBBf4aAACBBf7OAQCBBf4VAACBBf4RAACB
19=Bv4IAAqBCf7OAQCBBf4VAACBBf4RAACBBf7XAQCBBf4VAACBBf4RAACBAf7XAQCBBf4VAA
20=CBBf7pAQCBA/4VAAqBCf4RAgCBBP7/AQCBBf7/AQCBBf7/AQCBBf7LAQCEBgcHBv4wAACB
21=Bf6hAQCAdQAAIP4oAACIAwcKCwsKCAb+LgAAgQX+ygEAiAoLCgoKCwoG/i0AAIEF/skBAI
22=kGCgsKAAoLCwf+LQAAgQX+yQEAiQcLCwoKCgsLB/4tAACBBf7JAQCCBgr+BQALggoH/i0A
23=AIEB/soBAIEG/gUAB4MGAAH+zhUAgAUAACD+ACAAgAUAACD+ACAAgAUAACD+ACAAgAUAAC
24=D+ACAAgAUAACD+ACAAgAUAACD+ACAAgAUAACD+ACAAgAUAACD+ACAAgAUAACD+ACAAgAUA
25=ACD+ACAAgAUAACD+ACAAgAUAACD+ACAAgAUAACD+ACAAgAUAACD+ACAAgAUAACD+ACAAgA
26=UAACD+ACAAgAUAACD+ACAAgAUAACD+ACAAgAUAACD+ACAAgAUAACD+ACAAgAUAACD+ACAA
27=gAUAACD+ACAAgAUAACD+ACAAgAUAACD+ACAAgAUAACD+ACAAgAUAACD+ACAAgA==

[Terrain]
34064=TIBTRE01
54104=TIBTRE02
82044=TIBTRE01

[Waypoints]
0=42019
1=49032
2=59063
3=59091
4=59081
5=77026
6=77051
7=54051
8=54026
9=59092
10=59078
11=24078
12=24054
13=28054
14=28050
15=76050
16=76078
17=65014
18=58071
19=63038
20=54038
21=54032
22=42089
23=43091
26=72057
27=58068
28=103066
29=86074
30=56046
31=76027
32=89051
33=82065
34=66080
35=57090
36=42078
37=40045
38=64038
39=57028
40=77050
41=51051
42=32067
43=56078
98=60060

[TaskForces]
0=01000022
1=01000029
2=01000042
3=01000047
4=01000053
5=01000066
6=01000074

[01000022]
0=1,SAPC2
1=3,YURI
2=2,VIRUS
Name=Driller
Group=-1

[01000029]
0=1,LIMO
1=2,StormLT
2=1,ABRM
Name=LIMO
Group=-1

[01000042]
0=1,COP
Name=CopCar
Group=-1

[01000047]
0=2,YURI
1=4,YENGINEER
2=4,HARP
3=2,HARP2
Name=Corps
Group=-1

[01000053]
0=3,StormLT
Name=ChronoReinforcements
Group=-1

[01000066]
0=1,StormLT
Name=Robo
Group=-1

[01000074]
0=6,INIT
1=4,HARP
2=2,HARP2
Name=Initiates
Group=-1

[Triggers]
01000000=Americans,<none>,AI Auto Production America,1,1,1,1,0
01000002=Alliance,<none>,AI Auto Production South Korea,0,1,1,1,0
01000004=French,<none>,AI Auto Production France,0,1,1,1,0
01000006=Germans,<none>,AI Auto Production Germany,0,1,1,1,0
01000008=British,<none>,AI Auto Production Great Britain,0,1,1,1,0
01000010=Africans,<none>,AI Auto Production Greece,0,1,1,1,0
01000012=Arabs,<none>,AI Auto Production USSR,0,1,1,1,0
01000014=Confederation,<none>,AI Auto Production North Korea,0,1,1,1,0
01000016=Russians,<none>,AI Auto Production Iraq,0,1,1,1,0
01000018=Neutral,<none>,AI Auto Production Civilian,0,1,1,1,0
01000020=Special,<none>,AI Auto Production JP,0,1,1,1,0
01000025=Americans,<none>,Brief1,0,1,1,1,0
01000027=Americans,<none>,Brief2,0,1,1,1,0
01000032=Americans,<none>,Brief3,0,1,1,1,0
01000034=Americans,<none>,LosePresidentDead,0,1,1,1,0
01000036=Americans,<none>,Tag,1,1,1,1,0
01000038=Americans,<none>,PresidentEvacuated,0,1,1,1,0
01000040=Americans,<none>,GlobalLose,0,1,1,1,0
01000049=Americans,<none>,Corps,0,1,1,1,0
01000051=Americans,<none>,Reinforcements,0,0,1,1,0
01000056=Americans,<none>,Reinforcements2,0,1,1,1,0
01000058=Americans,<none>,Reinforcements3,0,0,1,1,0
01000060=Americans,<none>,Reinforcements4H,0,0,0,1,0
01000062=Americans,<none>,Reinforcements5H,0,0,0,1,0
01000064=Americans,<none>,WIN,1,1,1,1,0
01000069=Americans,<none>,Brief4,0,1,1,1,0
01000071=Americans,<none>,Soviets,0,1,1,1,0
01000076=Americans,<none>,Corps2,0,1,1,1,0
01000078=Americans,<none>,Corps3,0,1,1,1,0

[Events]
01000000=1,13,0,10
01000002=1,13,0,10
01000004=1,13,0,10
01000006=1,13,0,10
01000008=1,13,0,10
01000010=1,13,0,10
01000012=1,13,0,10
01000014=1,13,0,10
01000016=1,13,0,10
01000018=1,13,0,10
01000020=1,13,0,10
01000025=1,13,0,0
01000027=1,13,0,12
01000032=1,13,0,30
01000034=1,61,2,0,PRES
01000036=1,13,0,350
01000038=1,34,0,1
01000040=1,11,0,11
01000049=1,13,0,360
01000051=1,13,0,800
01000056=1,13,0,1540
01000058=1,13,0,1100
01000060=1,13,0,1800
01000062=1,13,0,2050
01000064=1,13,0,10
01000069=1,13,0,50
01000071=1,1,0,11
01000076=1,13,0,700
01000078=1,13,0,1050

[Actions]
01000000=3,3,0,0,0,0,0,0,A,13,0,0,0,0,0,0,A,74,0,0,0,0,0,0,A
01000002=3,3,0,1,0,0,0,0,A,13,0,1,0,0,0,0,A,74,0,1,0,0,0,0,A
01000004=3,3,0,2,0,0,0,0,A,13,0,2,0,0,0,0,A,74,0,2,0,0,0,0,A
01000006=3,3,0,3,0,0,0,0,A,13,0,3,0,0,0,0,A,74,0,3,0,0,0,0,A
01000008=3,3,0,4,0,0,0,0,A,13,0,4,0,0,0,0,A,74,0,4,0,0,0,0,A
01000010=3,3,0,5,0,0,0,0,A,13,0,5,0,0,0,0,A,74,0,5,0,0,0,0,A
01000012=3,3,0,6,0,0,0,0,A,13,0,6,0,0,0,0,A,74,0,6,0,0,0,0,A
01000014=3,3,0,7,0,0,0,0,A,13,0,7,0,0,0,0,A,74,0,7,0,0,0,0,A
01000016=3,3,0,8,0,0,0,0,A,13,0,8,0,0,0,0,A,74,0,8,0,0,0,0,A
01000018=3,3,0,12,0,0,0,0,A,13,0,12,0,0,0,0,A,74,0,12,0,0,0,0,A
01000020=3,3,0,13,0,0,0,0,A,13,0,13,0,0,0,0,A,74,0,13,0,0,0,0,A
01000025=8,46,0,0,0,0,0,0,A,21,6,EVA_EstablishBattlefieldControl,0,0,0,0,A,80,1,01000024,0,0,0,0,A,17,0,1,0,0,0,0,A,80,1,01000044,0,0,0,0,F,80,1,01000046,0,0,0,0,J,112,0,0,0,0,0,0,B,20,8,Industrial,0,0,0,0,A
01000027=6,100,0,7,0,0,0,0,A,55,0,0,0,0,0,0,E,17,0,4,0,0,0,0,A,112,0,0,0,0,0,0,E,19,7,CameraSwitch,0,0,0,0,A,80,1,01000031,0,0,0,0,D
01000032=6,19,7,CameraSwitch,0,0,0,0,A,112,0,0,0,0,0,0,B,21,6,EVA_BattlefieldControlOnline,0,0,0,0,A,47,0,0,0,0,0,0,A,11,4,MISSION:MOPSI4A,0,0,0,0,A,53,2,01000036,0,0,0,0,A
01000034=3,21,6,EVA_CriticalUnitLost,0,0,0,0,A,2,0,11,0,0,0,0,A,11,4,MISSION:MOPSI4B,0,0,0,0,A
01000036=1,11,4,MISSION:MOPSI4A,0,0,0,0,A
01000038=3,53,2,01000064,0,0,0,0,A,21,6,EVA_PrimaryObjectiveAchieved,0,0,0,0,A,11,4,mission:mopsi4x,0,0,0,0,A
01000040=1,2,0,11,0,0,0,0,A
01000049=4,21,6,EVA_ReinforcementsHaveArrived,0,0,0,0,A,55,0,5,0,0,0,0,R,80,1,01000048,0,0,0,0,R,11,4,MISSION:MOPSI4C,0,0,0,0,A
01000051=2,21,6,EVA_ChronosphereActivated,0,0,0,0,A,107,1,01000055,0,0,0,0,S
01000056=2,21,6,EVA_ChronosphereActivated,0,0,0,0,A,107,1,01000055,0,0,0,0,S
01000058=2,21,6,EVA_ChronosphereActivated,0,0,0,0,A,107,1,01000055,0,0,0,0,S
01000060=2,21,6,EVA_ChronosphereActivated,0,0,0,0,A,107,1,01000055,0,0,0,0,S
01000062=2,21,6,EVA_ChronosphereActivated,0,0,0,0,A,107,1,01000055,0,0,0,0,S
01000064=1,1,0,11,0,0,0,0,A
01000069=5,17,0,20,0,0,0,0,A,80,1,01000068,0,0,0,0,T,104,5,01000068,0,0,0,0,0,125,10,GAGAP,0,0,0,0,AB,11,4,MISSION:MOPSI4E,0,0,0,0,A
01000071=1,11,4,MISSION:MOPSI4F,0,0,0,0,A
01000076=5,21,6,EVA_ReinforcementsHaveArrived,0,0,0,0,A,55,0,5,0,0,0,0,W,80,1,01000073,0,0,0,0,W,11,4,MISSION:MOPSI4C,0,0,0,0,A,17,0,22,0,0,0,0,A
01000078=4,21,6,EVA_ReinforcementsHaveArrived,0,0,0,0,A,55,0,5,0,0,0,0,X,80,1,01000075,0,0,0,0,X,17,0,23,0,0,0,0,A

[Tags]
01000001=0,AI Auto Production America 1,01000000
01000003=0,AI Auto Production South Korea House,01000002
01000005=0,AI Auto Production France House,01000004
01000007=0,AI Auto Production Germany House,01000006
01000009=0,AI Auto Production Great Britain House,01000008
01000011=0,AI Auto Production Greece House,01000010
01000013=0,AI Auto Production USSR House,01000012
01000015=0,AI Auto Production North Korea 1,01000014
01000017=0,AI Auto Production Iraq House,01000016
01000019=0,AI Auto Production Civilian House,01000018
01000021=0,AI Auto Production JP 1,01000020
01000026=0,Brief1 1,01000025
01000028=0,Brief2 1,01000027
01000033=0,Brief3 1,01000032
01000035=0,LosePresidentDead 1,01000034
01000037=2,Tag 1,01000036
01000039=0,PresidentEvacuated 1,01000038
01000041=0,GlobalLose 1,01000040
01000050=0,Corps 1,01000049
01000052=0,Reinforcements 1,01000051
01000057=0,Reinforcements2 1,01000056
01000059=0,Reinforcements3 1,01000058
01000061=0,Reinforcements4H 1,01000060
01000063=0,Reinforcements5H 1,01000062
01000065=0,WIN 1,01000064
01000070=0,Brief4 1,01000069
01000072=0,Soviets 1,01000071
01000077=0,Corps2 1,01000076
01000079=0,Corps3 1,01000078

[CellTags]
85068=01000072
85069=01000072
85070=01000072
85071=01000072
86063=01000072
86065=01000072
86066=01000072
86067=01000072
86072=01000072
87063=01000072
87073=01000072
88063=01000072
88074=01000072
89063=01000072
89075=01000072
89076=01000072
89077=01000072
89078=01000072
90053=01000072
90054=01000072
90055=01000072
90056=01000072
90057=01000072
90058=01000072
90059=01000072
90060=01000072
90061=01000072
90062=01000072
90063=01000072
90064=01000072
90079=01000072
91051=01000072
91052=01000072
91064=01000072
91065=01000072
91080=01000072
92050=01000072
92051=01000072
92065=01000072
92066=01000072
92081=01000072
92082=01000072
93049=01000072
93050=01000072
93066=01000072
93067=01000072
94049=01000072
94067=01000072
94068=01000072
95048=01000072
95068=01000072
96048=01000072
96069=01000072
97048=01000072
97069=01000072
98048=01000072
98069=01000072
99048=01000072
99069=01000072
100048=01000072
100069=01000072
101048=01000072
101069=01000072
102068=01000072
103049=01000072
103068=01000072
104050=01000072
104067=01000072
104068=01000072
105050=01000072
105051=01000072
105067=01000072
106051=01000072
106066=01000072
106067=01000072
107052=01000072
107065=01000072
107066=01000072
108053=01000072
108063=01000072
108064=01000072
108065=01000072
109054=01000072
109062=01000072
109063=01000072
110055=01000072
110056=01000072
110061=01000072
110062=01000072
111056=01000072
111057=01000072
111058=01000072
111059=01000072
111060=01000072
112057=01000072
112058=01000072
112059=01000072

[ScriptTypes]
0=01000023
1=01000030
2=01000043
3=01000045
4=01000054
5=01000067

[01000023]
0=3,1
1=8,1
2=3,0
3=31,0
Name=Driller01

[01000030]
0=3,2
Name=Limo

[01000043]
0=3,6
1=3,7
2=3,8
3=3,6
4=6,1
Name=Police5-8

[01000045]
0=3,10
1=3,11
2=3,12
3=3,13
4=3,14
5=3,15
6=3,16
7=6,1
Name=Police9-16-10

[01000054]
0=11,15
Name=RoboHunt

[01000067]
0=3,20
1=3,21
Name=RoboPreview19-20-21

[TeamTypes]
0=01000024
1=01000031
2=01000044
3=01000046
4=01000048
5=01000055
6=01000068
7=01000073
8=01000075

[01000024]
Name=Driller
Group=-1
Max=5
Priority=5
Waypoint=A
TransportWaypoint=A
MindControlDecision=0
TechLevel=0
VeteranLevel=1
House=YuriCountry
Script=01000023
TaskForce=01000022
Full=yes
Whiner=no
Droppod=no
UseTransportOrigin=yes
Suicide=no
Loadable=no
Prebuild=no
Annoyance=no
IonImmune=no
Recruiter=no
Reinforce=no
Aggressive=no
Autocreate=yes
GuardSlower=no
OnTransOnly=no
AvoidThreats=no
LooseRecruit=no
IsBaseDefense=no
OnlyTargetHouseEnemy=no
TransportsReturnOnUnload=no
AreTeamMembersRecruitable=no

[01000031]
Name=Limo
Group=-1
Max=5
Priority=5
Waypoint=D
TransportWaypoint=D
MindControlDecision=0
TechLevel=0
VeteranLevel=1
House=Americans
Script=01000030
TaskForce=01000029
Full=yes
Whiner=no
Droppod=no
UseTransportOrigin=yes
Suicide=no
Loadable=no
Prebuild=no
Annoyance=no
IonImmune=no
Recruiter=no
Reinforce=no
Aggressive=no
Autocreate=yes
GuardSlower=no
OnTransOnly=no
AvoidThreats=no
LooseRecruit=no
IsBaseDefense=no
OnlyTargetHouseEnemy=no
TransportsReturnOnUnload=no
AreTeamMembersRecruitable=no

[01000044]
Name=Police5-8
Group=-1
Max=5
Priority=5
Waypoint=F
TransportWaypoint=F
MindControlDecision=0
TechLevel=0
VeteranLevel=1
House=Neutral
Script=01000043
TaskForce=01000042
Full=yes
Whiner=no
Droppod=no
UseTransportOrigin=yes
Suicide=no
Loadable=no
Prebuild=no
Annoyance=no
IonImmune=no
Recruiter=no
Reinforce=no
Aggressive=no
Autocreate=yes
GuardSlower=no
OnTransOnly=no
AvoidThreats=no
LooseRecruit=no
IsBaseDefense=no
OnlyTargetHouseEnemy=no
TransportsReturnOnUnload=no
AreTeamMembersRecruitable=no

[01000046]
Name=Police9-16-10
Group=-1
Max=5
Priority=5
Waypoint=J
TransportWaypoint=J
MindControlDecision=0
TechLevel=0
VeteranLevel=1
House=Neutral
Script=01000045
TaskForce=01000042
Full=yes
Whiner=no
Droppod=no
UseTransportOrigin=yes
Suicide=no
Loadable=no
Prebuild=no
Annoyance=no
IonImmune=no
Recruiter=no
Reinforce=no
Aggressive=no
Autocreate=yes
GuardSlower=no
OnTransOnly=no
AvoidThreats=no
LooseRecruit=no
IsBaseDefense=no
OnlyTargetHouseEnemy=no
TransportsReturnOnUnload=no
AreTeamMembersRecruitable=no

[01000048]
Name=Corps
Group=-1
Max=5
Priority=5
Waypoint=R
TransportWaypoint=R
MindControlDecision=0
TechLevel=0
VeteranLevel=1
House=YuriCountry
TaskForce=01000047
Full=yes
Whiner=no
Droppod=yes
UseTransportOrigin=yes
Suicide=no
Loadable=no
Prebuild=no
Annoyance=no
IonImmune=no
Recruiter=no
Reinforce=no
Aggressive=no
Autocreate=yes
GuardSlower=no
OnTransOnly=no
AvoidThreats=no
LooseRecruit=no
IsBaseDefense=no
OnlyTargetHouseEnemy=no
TransportsReturnOnUnload=no
AreTeamMembersRecruitable=no

[01000055]
Name=Robos
Group=-1
Max=5
Priority=5
Waypoint=S
TransportWaypoint=S
MindControlDecision=0
TechLevel=0
VeteranLevel=1
House=Americans
Script=01000054
TaskForce=01000053
Full=yes
Whiner=no
Droppod=no
UseTransportOrigin=yes
Suicide=no
Loadable=no
Prebuild=no
Annoyance=no
IonImmune=no
Recruiter=no
Reinforce=no
Aggressive=no
Autocreate=yes
GuardSlower=no
OnTransOnly=no
AvoidThreats=no
LooseRecruit=no
IsBaseDefense=no
OnlyTargetHouseEnemy=no
TransportsReturnOnUnload=no
AreTeamMembersRecruitable=no

[01000068]
Name=RoboTest
Group=-1
Max=5
Priority=5
Waypoint=T
TransportWaypoint=T
MindControlDecision=0
TechLevel=0
VeteranLevel=1
House=Americans
Script=01000067
TaskForce=01000066
Full=yes
Whiner=no
Droppod=no
UseTransportOrigin=yes
Suicide=no
Loadable=no
Prebuild=no
Annoyance=no
IonImmune=no
Recruiter=no
Reinforce=no
Aggressive=no
Autocreate=yes
GuardSlower=no
OnTransOnly=no
AvoidThreats=no
LooseRecruit=no
IsBaseDefense=no
OnlyTargetHouseEnemy=no
TransportsReturnOnUnload=no
AreTeamMembersRecruitable=no

[01000073]
Name=Corps2
Group=-1
Max=5
Priority=5
Waypoint=W
TransportWaypoint=W
MindControlDecision=0
TechLevel=0
VeteranLevel=1
House=YuriCountry
TaskForce=01000047
Full=yes
Whiner=no
Droppod=yes
UseTransportOrigin=yes
Suicide=no
Loadable=no
Prebuild=no
Annoyance=no
IonImmune=no
Recruiter=no
Reinforce=no
Aggressive=no
Autocreate=yes
GuardSlower=no
OnTransOnly=no
AvoidThreats=no
LooseRecruit=no
IsBaseDefense=no
OnlyTargetHouseEnemy=no
TransportsReturnOnUnload=no
AreTeamMembersRecruitable=no

[01000075]
Name=Initiates
Group=-1
Max=5
Priority=5
Waypoint=X
TransportWaypoint=X
MindControlDecision=0
TechLevel=0
VeteranLevel=2
House=YuriCountry
TaskForce=01000074
Full=yes
Whiner=no
Droppod=yes
UseTransportOrigin=yes
Suicide=no
Loadable=no
Prebuild=no
Annoyance=no
IonImmune=no
Recruiter=no
Reinforce=no
Aggressive=no
Autocreate=yes
GuardSlower=no
OnTransOnly=no
AvoidThreats=no
LooseRecruit=no
IsBaseDefense=no
OnlyTargetHouseEnemy=no
TransportsReturnOnUnload=no
AreTeamMembersRecruitable=no

[Units]
0=Neutral House,CAR,256,86,46,135,Sleep,None,0,-1,0,-1,1,1
1=Neutral House,CAR,256,58,42,128,Sleep,None,0,-1,0,-1,1,1
2=Neutral House,CAR,256,35,58,0,Sleep,None,0,-1,0,-1,1,1
3=Neutral House,CAR,256,95,55,242,Sleep,None,0,-1,0,-1,1,1
4=Neutral House,CAR,256,55,89,0,Sleep,None,0,-1,0,-1,1,1
5=Neutral House,CAR,256,69,83,0,Sleep,None,0,-1,0,-1,1,1
6=Neutral House,CAR,256,81,56,64,Sleep,None,0,-1,0,-1,1,1
7=Neutral House,CAR,256,86,73,128,Sleep,None,0,-1,0,-1,1,1
8=Neutral House,PTRUCK,256,60,42,128,Sleep,None,0,-1,0,-1,1,1
9=Neutral House,PTRUCK,256,34,57,0,Sleep,None,0,-1,0,-1,1,1
10=Neutral House,PTRUCK,256,72,78,192,Sleep,None,0,-1,0,-1,1,1
11=Neutral House,PTRUCK,256,88,47,10,Sleep,None,0,-1,0,-1,1,1
12=Neutral House,PTRUCK,256,82,63,64,Sleep,None,0,-1,0,-1,1,1
13=Neutral House,CONA,256,41,90,32,Sleep,None,0,-1,0,-1,1,1
14=Neutral House,CONA,256,72,32,32,Sleep,None,0,-1,0,-1,1,1
15=Americans House,CMIN,256,99,64,64,Guard,None,0,-1,0,-1,1,0
16=Neutral House,STANG,256,80,52,192,Sleep,None,0,-1,0,-1,1,1
17=Neutral House,STANG,256,99,55,135,Sleep,None,0,-1,0,-1,1,1
18=Neutral House,STANG,256,61,43,0,Sleep,None,0,-1,0,-1,1,1
19=Neutral House,STANG,256,73,81,64,Sleep,None,0,-1,0,-1,1,1
20=Neutral House,STANG,256,48,69,0,Sleep,None,0,-1,0,-1,1,1
21=Neutral House,STANG,256,54,45,0,Sleep,None,0,-1,0,-1,1,1
22=Neutral House,SUVB,256,98,56,22,Sleep,None,0,-1,0,-1,1,1
23=Neutral House,SUVB,256,65,45,0,Sleep,None,0,-1,0,-1,1,1
24=Neutral House,SUVB,256,55,40,128,Sleep,None,0,-1,0,-1,1,1
25=Neutral House,SUVB,256,44,57,0,Sleep,None,0,-1,0,-1,1,1
26=Neutral House,SUVB,256,66,82,128,Sleep,None,0,-1,0,-1,1,1
27=Neutral House,SUVB,256,70,79,0,Sleep,None,0,-1,0,-1,1,1
28=Neutral House,SUVW,256,83,53,64,Sleep,None,0,-1,0,-1,1,1
29=Neutral House,SUVW,256,64,39,0,Sleep,None,0,-1,0,-1,1,1
30=Neutral House,SUVW,256,69,79,0,Sleep,None,0,-1,0,-1,1,1
31=Neutral House,SUVW,256,54,41,0,Sleep,None,0,-1,0,-1,1,1
32=Neutral House,SUVW,256,62,43,0,Sleep,None,0,-1,0,-1,1,1
33=Neutral House,SUVW,256,46,69,0,Sleep,None,0,-1,0,-1,1,1
34=Neutral House,SUVW,256,48,57,128,Sleep,None,0,-1,0,-1,1,1
35=Neutral House,TAXI,256,82,65,71,Sleep,None,0,-1,0,-1,1,1
36=Neutral House,TAXI,256,58,45,0,Sleep,None,0,-1,0,-1,1,1
37=Neutral House,BUS,256,66,78,128,Sleep,None,0,-1,0,-1,1,1
38=Neutral House,BUS,256,65,78,128,Sleep,None,0,-1,0,-1,1,1
39=Neutral House,BUS,256,67,78,128,Sleep,None,0,-1,0,-1,1,1
40=Russians House,JTNK,256,59,92,246,Guard,None,0,-1,0,-1,1,0
41=Neutral,SPGRE,256,81,62,64,Guard,None,0,-1,0,-1,1,0
42=Neutral,REDR12,256,29,70,64,Guard,None,0,-1,0,-1,1,0
43=Neutral,TRASH,256,64,42,128,Guard,None,0,-1,0,-1,1,0
44=Americans House,CMIN,256,61,14,64,Guard,None,0,-1,0,-1,1,0
45=Americans House,StormLT,256,38,70,0,Area Guard,None,0,-1,0,-1,1,0
46=Americans House,StormLT,256,78,35,128,Area Guard,None,0,-1,0,-1,1,0
47=Neutral House,PICK,256,35,45,128,Guard,None,0,-1,0,-1,1,0
48=Americans House,GHUM,256,73,65,38,Guard,None,0,-1,0,-1,1,0
49=Americans House,GHUM,256,56,58,192,Guard,None,0,-1,0,-1,1,0
50=Americans House,GHUM,256,61,20,128,Area Guard,None,0,-1,0,-1,1,0
51=Americans House,CHRP,256,73,58,64,Area Guard,None,0,-1,0,-1,1,0
52=Americans House,CHRP,256,59,58,192,Area Guard,None,0,-1,0,-1,1,0
53=Americans House,StormLT,256,72,62,0,Area Guard,None,0,-1,0,-1,1,0
54=Americans House,StormLT,256,57,54,128,Area Guard,None,0,-1,0,-1,1,0
55=Americans House,ABRM,256,59,64,128,Area Guard,None,0,-1,0,-1,1,0
56=Americans House,StormLT,256,57,68,64,Area Guard,None,0,-1,0,-1,1,0
57=Americans House,StormLT,256,61,18,128,Area Guard,None,0,-1,0,-1,1,0
58=Americans House,StormLT,256,61,28,90,Area Guard,None,0,-1,0,-1,1,0
59=Americans House,StormLT,256,98,61,51,Area Guard,None,0,-1,0,-1,1,0
60=Americans House,StormLT,256,90,63,96,Area Guard,None,0,-1,0,-1,1,0
61=Americans House,StormLT,256,82,52,64,Area Guard,None,0,-1,0,-1,1,0
62=Americans House,StormLT,256,42,36,64,Area Guard,None,0,-1,0,-1,1,0
63=Americans House,ABRM,256,31,54,64,Sleep,None,999,-1,0,-1,1,0
64=Neutral House,COP,256,41,88,32,Guard,None,0,-1,0,-1,1,0
65=Neutral House,COP,256,38,84,128,Guard,None,0,-1,0,-1,1,0
66=Neutral House,COP,256,27,75,0,Guard,None,0,-1,0,-1,1,0
67=Neutral House,COP,256,30,76,192,Guard,None,0,-1,0,-1,1,0
68=Neutral House,COP,256,22,53,128,Guard,None,0,-1,0,-1,1,0
69=Neutral House,COP,256,25,45,32,Guard,None,0,-1,0,-1,1,0
70=Neutral House,COP,256,46,24,160,Guard,None,0,-1,0,-1,1,0
71=Neutral House,COP,256,76,26,64,Guard,None,0,-1,0,-1,1,0
72=Neutral House,COP,256,106,61,32,Guard,None,0,-1,0,-1,1,0
73=Neutral House,COP,256,78,26,64,Guard,None,0,-1,0,-1,1,0
74=Neutral House,COP,256,90,75,96,Guard,None,0,-1,0,-1,1,0
75=Americans House,StormLT,256,26,66,0,Area Guard,None,0,-1,0,-1,1,0
76=Americans House,StormLT,256,51,35,143,Area Guard,None,0,-1,0,-1,1,0
77=Americans House,StormLT,256,34,77,64,Area Guard,None,0,-1,0,-1,1,0
78=Russians House,JTNK,256,63,92,249,Guard,None,0,-1,0,-1,1,0
79=Russians House,JTNK,256,55,93,224,Patrol,None,0,-1,0,-1,1,0
80=YuriCountry House,GRND,256,35,48,128,Guard,None,0,-1,0,-1,1,0
81=Americans House,GHUM,256,59,54,164,Guard,None,0,-1,0,-1,1,0
82=Americans House,GHUM,256,67,55,44,Guard,None,0,-1,0,-1,1,0
83=Americans House,ABRM,256,78,85,144,Area Guard,None,0,-1,0,-1,1,0
84=Russians House,JTNK,256,71,90,12,Area Guard,None,0,-1,0,-1,1,0

[Infantry]
0=Neutral House,CIV1,256,35,69,1,Guard,64,None,0,-1,0,1,0
1=Neutral House,CIV2,256,31,82,1,Guard,64,None,0,-1,0,1,0
2=Neutral,CIV3,256,49,72,1,Guard,64,None,0,-1,0,1,0
3=Neutral House,VLADIMIR,256,83,74,1,Guard,64,None,0,-1,0,1,0
4=Neutral House,CIVA,256,87,51,1,Guard,64,None,0,-1,0,1,0
5=Neutral House,CIVB,256,74,38,1,Guard,64,None,0,-1,0,1,0
6=Neutral House,CIVC,256,49,40,1,Guard,64,None,0,-1,0,1,0
7=Neutral House,CIV1D,256,45,52,1,Guard,64,None,0,-1,0,1,0
8=Neutral House,CIVSF1,256,49,60,1,Guard,64,None,0,-1,0,1,0
9=Americans House,E1,256,59,20,0,Guard,64,None,0,-1,0,1,0
10=Americans House,E1,256,64,20,0,Guard,64,None,0,-1,0,1,0
11=Americans House,E1,256,67,65,1,Guard,64,None,0,-1,0,1,0
12=Americans House,E1,256,68,66,1,Guard,64,None,0,-1,0,1,0
13=Americans House,E1,256,69,65,1,Guard,64,None,0,-1,0,1,0
14=Americans House,E1,256,61,57,0,Guard,64,None,0,-1,0,1,0
15=Americans House,E1,256,58,59,1,Guard,64,None,0,-1,0,1,0
16=Americans House,E1,256,58,57,1,Guard,64,None,0,-1,0,1,0
17=Americans House,E1,256,72,54,1,Guard,64,None,0,-1,0,1,0
18=Americans House,E1,256,73,55,0,Guard,64,None,0,-1,0,1,0
19=Americans House,E1,256,61,54,1,Guard,64,None,0,-1,0,1,0
20=Americans House,AMEDIC,256,64,57,0,Area Guard,64,None,0,-1,0,1,0
21=Americans House,GGI,256,56,73,0,Guard,64,None,0,-1,0,1,0
22=Americans House,GGI,256,74,73,0,Guard,64,None,0,-1,0,1,0
23=Americans House,GGI,256,74,49,0,Guard,64,None,0,-1,0,1,0
24=Americans House,GGI,256,56,49,0,Guard,64,None,0,-1,0,1,0
25=Americans House,GGI,256,55,54,0,Guard,64,None,0,-1,0,1,0
26=Americans House,GGI,256,55,62,0,Guard,64,None,0,-1,0,1,0
27=Americans House,GGI,256,75,63,1,Guard,64,None,0,-1,0,1,0
28=Americans House,GGI,256,75,53,0,Guard,64,None,0,-1,0,1,0
29=Americans House,GGI,256,68,65,0,Guard,64,None,0,-1,0,1,0
30=Americans House,GGI,256,63,57,0,Guard,64,None,0,-1,0,1,0
31=Americans House,GGI,256,69,58,1,Guard,64,None,0,-1,0,1,0
32=Americans House,GGI,256,67,58,0,Guard,64,None,0,-1,0,1,0
33=Americans House,E1,256,58,20,1,Guard,64,None,0,-1,0,1,0
34=Americans House,PRES,256,63,60,1,Guard,64,01000039,0,-1,0,1,0
35=Americans House,SSRV,256,62,59,1,Guard,64,None,0,-1,0,1,0
36=Americans House,SSRV,256,64,59,1,Guard,64,None,0,-1,0,1,0
37=Americans House,SSRV,256,63,61,0,Guard,64,None,0,-1,0,1,0
38=Russians House,SENGINEER,256,63,104,0,Sleep,64,None,0,-1,0,1,0
39=Russians House,SENGINEER,256,63,103,0,Sleep,64,None,0,-1,0,1,0
40=Russians House,SENGINEER,256,57,104,0,Sleep,64,None,0,-1,0,1,0
41=Russians House,SENGINEER,256,58,104,0,Sleep,64,None,0,-1,0,1,0
42=Americans House,E1,256,32,75,1,Guard,64,None,0,-1,0,1,0
43=Americans House,E1,256,33,74,1,Guard,64,None,0,-1,0,1,0
44=Americans House,E1,256,30,71,1,Guard,64,None,0,-1,0,1,0
45=Americans House,GGI,256,33,73,0,Guard,64,None,0,-1,0,1,0
46=Russians House,E2,256,52,97,0,Area Guard,64,None,0,-1,0,1,0
47=Russians House,E2,256,55,91,0,Area Guard,64,None,0,-1,0,1,0
48=Russians House,E2,256,50,96,0,Area Guard,64,None,0,-1,0,1,0
49=Russians House,E2,256,49,99,0,Area Guard,64,None,0,-1,0,1,0
50=Russians House,E2,256,51,99,0,Area Guard,64,None,0,-1,0,1,0
51=Russians House,E2,256,50,97,0,Area Guard,64,None,0,-1,0,1,0
52=Russians House,SHK,256,51,95,0,Guard,64,None,0,-1,0,1,0
53=Russians House,DOG,256,54,91,0,Area Guard,64,None,0,-1,0,1,0
54=Russians House,DOG,256,53,92,0,Area Guard,64,None,0,-1,0,1,0
55=Russians House,SHK,256,57,91,0,Guard,64,None,0,-1,0,1,0
56=Americans House,E1,256,40,85,1,Guard,64,None,0,-1,0,1,0
57=Americans House,E1,256,23,58,0,Guard,64,None,0,-1,0,1,0
58=Americans House,E1,256,75,26,1,Guard,64,None,0,-1,0,1,0
59=Americans House,E1,256,58,81,1,Guard,64,None,0,-1,0,1,0
60=Americans House,E1,256,60,81,0,Guard,64,None,0,-1,0,1,0
61=Americans House,E1,256,49,51,1,Guard,64,None,0,-1,0,1,0
62=Americans House,E1,256,49,50,1,Guard,64,None,0,-1,0,1,0
63=Americans House,E1,256,40,64,1,Guard,64,None,0,-1,0,1,0
64=Americans House,E1,256,40,64,2,Guard,64,None,0,-1,0,1,0
65=Americans House,E1,256,24,66,0,Guard,64,None,0,-1,0,1,0
66=Americans House,GGI,256,23,76,0,Guard,64,None,0,-1,0,1,0
67=Americans House,E1,256,94,66,1,Guard,64,None,0,-1,0,1,0
68=YuriCountry House,INTRUDER,256,33,44,1,Guard,64,None,0,-1,0,1,0
69=YuriCountry House,INTRUDER,256,33,44,2,Guard,64,None,0,-1,0,1,0
70=YuriCountry House,INTRUDER,256,33,44,3,Guard,64,None,0,-1,0,1,0
71=YuriCountry House,INTRUDER,256,33,45,1,Guard,64,None,0,-1,0,1,0
72=YuriCountry House,INTRUDER,256,33,45,2,Guard,64,None,0,-1,0,1,0
73=Americans House,GGI,256,67,21,4,Guard,64,None,0,-1,0,1,0

[Structures]
0=Americans House,CAPOLI,256,29,72,64,None,1,0,1,0,0,None,None,None,0,0
1=Neutral House,CAMORR01,256,87,62,64,None,1,0,1,0,0,None,None,None,0,0
2=Russians House,CARUFGL,256,61,92,64,None,1,0,1,0,0,None,None,None,0,0
3=Neutral House,CAWASH02,256,10,58,64,None,1,0,1,0,0,None,None,None,0,0
4=Neutral House,CAWASH03,256,7,62,64,None,1,0,1,0,0,None,None,None,0,0
5=Americans House,GAGATE_D,256,75,57,64,None,1,0,1,0,0,None,None,None,0,0
6=Americans House,GAGATE_D,256,54,57,64,None,1,0,1,0,0,None,None,None,1,0
7=Americans House,GAPOWR,256,56,50,64,None,1,0,1,0,0,None,None,None,1,0
8=Americans House,GAPOWR,256,58,51,64,None,1,0,1,0,0,None,None,None,0,0
9=Americans House,GAPOWR,256,60,50,64,None,1,0,1,0,0,None,None,None,1,0
10=Americans House,GAPOWR,256,73,50,64,None,1,0,1,0,0,None,None,None,1,0
11=Americans House,GAPOWR,256,71,51,64,None,1,0,1,0,0,None,None,None,1,0
12=Americans House,GAPOWR,256,69,50,64,None,1,0,1,0,0,None,None,None,1,0
13=Americans House,GACNST,256,70,68,64,None,1,0,1,0,0,None,None,None,1,0
14=Americans House,GAPILE,256,65,61,64,None,1,0,1,0,0,None,None,None,1,0
15=Americans House,GAWEAP,256,56,70,64,None,1,0,1,0,0,None,None,None,1,0
16=Americans House,GAAIRC,256,63,50,64,None,1,0,1,0,0,None,None,None,1,0
17=Americans House,CAMISC01,256,56,64,64,None,1,0,1,0,0,None,None,None,0,0
18=Americans House,GAPOWR,256,56,65,64,None,1,0,1,0,0,None,None,None,0,0
19=Americans House,GAPOWR,256,56,62,64,None,1,0,1,0,0,None,None,None,0,0
20=Americans House,GAPILL,256,53,60,64,None,1,0,1,0,0,None,None,None,1,0
21=Americans House,GAPILL,256,53,56,64,None,1,0,1,0,0,None,None,None,1,0
22=Americans House,GAPILL,256,76,60,64,None,1,0,1,0,0,None,None,None,1,0
23=Americans House,GAPILL,256,76,56,64,None,1,0,1,0,0,None,None,None,1,0
24=Americans House,ATESLA,256,75,62,64,None,1,0,1,0,0,None,None,None,1,0
25=Americans House,ATESLA,256,75,54,64,None,1,0,1,0,0,None,None,None,1,0
26=Americans House,ATESLA,256,55,61,64,None,1,0,1,0,0,None,None,None,1,0
27=Americans House,ATESLA,256,55,55,64,None,1,0,1,0,0,None,None,None,1,0
28=Americans House,ATESLA,256,75,73,64,None,1,0,1,0,0,None,None,None,1,0
29=Americans House,ATESLA,256,55,73,64,None,1,0,1,0,0,None,None,None,1,0
30=Americans House,ATESLA,256,55,49,64,None,1,0,1,0,0,None,None,None,1,0
31=Americans House,ATESLA,256,75,49,64,None,1,0,1,0,0,None,None,None,1,0
32=Americans House,NASAM,256,71,64,64,None,1,0,1,0,0,None,None,None,1,0
33=Americans House,NASAM,256,69,54,0,None,1,0,1,0,0,None,None,None,1,0
34=Americans House,NASAM,256,61,61,128,None,1,0,1,0,0,None,None,None,1,0
35=Americans House,NASAM,256,64,72,128,None,1,0,1,0,0,None,None,None,1,0
36=Neutral House,CAOILD,256,29,48,0,None,0,0,1,0,0,None,None,None,0,0
37=Neutral House,CATEXS04,256,45,72,0,None,0,0,1,0,0,None,None,None,0,0
38=Americans House,GAGATE_C,256,60,22,64,None,1,0,1,0,0,None,None,None,1,0
39=Americans House,GAPOWR,256,55,18,64,None,1,0,1,0,0,None,None,None,1,0
40=Americans House,GAPOWR,256,55,15,64,None,1,0,1,0,0,None,None,None,1,0
41=Americans House,ATESLA,256,55,21,64,None,1,0,1,0,0,None,None,None,0,0
42=Americans House,ATESLA,256,70,21,64,None,1,0,1,0,0,None,None,None,0,0
43=Americans House,GAREFN,256,57,13,64,None,1,0,1,0,0,None,None,None,1,0
44=Americans House,GAOREP,256,64,17,64,None,1,0,1,0,0,None,None,None,1,0
45=Americans House,GAPOWR,256,69,18,64,None,1,0,1,0,0,None,None,None,1,0
46=Americans House,NASAM,256,58,18,128,None,1,0,1,0,0,None,None,None,1,0
47=Americans House,GAPILL,256,56,26,64,None,1,0,1,0,0,None,None,None,1,0
48=Neutral House,CAARMY01,256,65,13,64,None,1,0,1,0,0,None,None,None,0,0
49=Neutral House,CACHIG01,256,17,72,0,None,0,0,1,0,0,None,None,None,0,0
50=Neutral House,CAWASH07,256,22,73,0,None,0,0,1,0,0,None,None,None,0,0
51=Neutral House,CATEXS06,256,28,61,0,None,0,0,1,0,0,None,None,None,0,0
52=Neutral House,CATEXS06,256,21,49,0,None,0,0,1,0,0,None,None,None,0,0
53=Neutral House,CATEXS08,256,41,73,0,None,0,0,1,0,0,None,None,None,0,0
54=Neutral House,CANEWY20,256,30,43,0,None,0,0,1,0,0,None,None,None,0,0
55=Neutral House,CASANF17,256,30,40,64,None,1,0,1,0,0,None,None,None,0,0
56=Neutral House,CAWASH04,256,40,38,0,None,0,0,1,0,0,None,None,None,0,0
57=Neutral House,CATEXS03,256,46,36,0,None,0,0,1,0,0,None,None,None,0,0
58=Neutral House,CATEXS06,256,46,29,0,None,0,0,1,0,0,None,None,None,0,0
59=Neutral House,CATEXS04,256,46,46,0,None,0,0,1,0,0,None,None,None,0,0
60=Neutral House,CAWASH05,256,40,48,0,None,0,0,1,0,0,None,None,None,0,0
61=Neutral House,CAMISC04,256,43,51,0,None,0,0,1,0,0,None,None,None,0,0
62=Neutral House,CANEWY12,256,34,61,0,None,0,0,1,0,0,None,None,None,0,0
63=Neutral House,CANEWY16,256,34,71,0,None,0,0,1,0,0,None,None,None,0,0
64=Neutral House,CATEXS03,256,34,81,0,None,0,0,1,0,0,None,None,None,0,0
65=Neutral House,CACHIG02,256,28,80,0,None,0,0,1,0,0,None,None,None,0,0
66=Neutral House,CAOILD,256,44,91,0,None,0,0,1,0,0,None,None,None,0,0
67=Neutral House,CAMISC05,256,40,92,0,None,0,0,1,0,0,None,None,None,0,0
68=Neutral House,CAMISC05,256,40,93,0,None,0,0,1,0,0,None,None,None,0,0
69=Neutral House,CAMIAM01,256,55,85,0,None,0,0,1,0,0,None,None,None,0,0
70=Neutral House,CASTL03,256,67,100,0,None,0,0,1,0,0,None,None,None,0,0
71=Neutral House,INGALITE,256,58,110,0,None,0,0,1,0,0,None,None,None,0,0
72=Neutral House,CAPARK02,256,74,93,0,None,0,0,1,0,0,None,None,None,0,0
73=Neutral House,CAPARK01,256,69,86,0,None,0,0,1,0,0,None,None,None,0,0
74=Neutral House,CAMISC04,256,76,78,0,None,0,0,1,0,0,None,None,None,0,0
75=Neutral House,CAMACH,256,81,85,64,None,1,0,1,0,0,None,None,None,0,0
76=Neutral House,CATEXS08,256,81,75,0,None,0,0,1,0,0,None,None,None,0,0
77=Neutral House,CAWASH03,256,87,76,0,None,0,0,1,0,0,None,None,None,0,0
78=Neutral House,CATEXS06,256,81,69,0,None,0,0,1,0,0,None,None,None,0,0
79=Neutral House,CASTL03,256,87,68,0,None,0,0,1,0,0,None,None,None,0,0
80=Neutral House,CAMISC04,256,90,61,0,None,0,0,1,0,0,None,None,None,0,0
81=Americans House,GAREFN,256,95,63,64,None,1,0,1,0,0,None,None,None,1,0
82=Neutral House,CAWASH05,256,86,56,0,None,0,0,1,0,0,None,None,None,0,0
83=Americans House,CACOMN,256,94,49,64,None,1,0,1,0,0,None,None,None,0,0
84=Neutral House,CASTL02,256,80,47,0,None,0,0,1,0,0,None,None,None,0,0
85=Neutral House,CATEXS03,256,95,42,0,None,0,0,1,0,0,None,None,None,0,0
86=Neutral House,CANEWY16,256,88,37,0,None,0,0,1,0,0,None,None,None,0,0
87=Neutral House,CANEWY12,256,82,36,0,None,0,0,1,0,0,None,None,None,0,0
88=Neutral House,CATEXS06,256,70,42,0,None,0,0,1,0,0,None,None,None,0,0
89=Neutral House,CATEXS07,256,70,37,0,None,0,0,1,0,0,None,None,None,0,0
90=Neutral House,CATS01,256,75,29,0,None,0,0,1,0,0,None,None,None,0,0
91=Neutral House,CATS01,256,75,27,0,None,0,0,1,0,0,None,None,None,0,0
92=Neutral House,CAMISC05,256,74,30,0,None,0,0,1,0,0,None,None,None,0,0
93=Neutral House,CAOILD,256,70,30,0,None,0,0,1,0,0,None,None,None,0,0
94=Neutral House,CAWASH07,256,20,58,64,None,1,0,1,0,0,None,None,None,1,0
95=Neutral House,CATHOSP,256,16,62,64,None,1,0,1,0,0,None,None,None,0,0
96=Neutral House,CAWASH04,256,46,19,64,None,1,0,1,0,0,None,None,None,0,0
97=Neutral House,CAWASH04,256,46,15,64,None,1,0,1,0,0,None,None,None,0,0
98=Neutral House,CAWASH04,256,42,19,64,None,1,0,1,0,0,None,None,None,0,0
99=Neutral House,CAWASH05,256,41,30,64,None,1,0,1,0,0,None,None,None,0,0
100=Neutral House,CANEWY14,256,46,100,64,None,1,0,1,0,0,None,None,None,0,0
101=Neutral House,CANEWY15,256,54,106,64,None,1,0,1,0,0,None,None,None,0,0
102=Neutral House,CANEWY16,256,61,110,64,None,1,0,1,0,0,None,None,None,0,0
103=Neutral House,CATEXS08,256,22,44,64,None,1,0,1,0,0,None,None,None,0,0
104=Neutral House,CATEXS08,256,22,40,64,None,1,0,1,0,0,None,None,None,0,0
105=Neutral House,CACHIG03,256,83,30,64,None,1,0,1,0,0,None,None,None,0,0
106=Americans House,GAPILL,256,94,61,64,None,1,0,1,0,0,None,None,None,1,0
107=Neutral House,CASANF18,256,33,34,64,None,1,0,1,0,0,None,None,None,0,0
108=Americans House,GAMGAP,256,96,61,64,None,1,0,1,0,0,None,None,None,0,0
109=Russians House,AMRADR,256,67,88,64,None,1,0,1,0,0,None,None,None,0,0
110=Russians House,NAPOWR,256,67,94,64,None,1,0,1,0,0,None,None,None,0,0
111=Russians House,TESLA,256,53,94,64,None,1,0,1,0,0,None,None,None,0,0
112=Russians House,NAPOWR,256,60,103,64,None,1,0,1,0,0,None,None,None,0,0
113=Russians House,NARADR,256,61,97,64,None,1,0,1,0,0,None,None,None,0,0
114=Russians House,NAHAND,256,58,97,64,None,1,0,1,0,0,None,None,None,1,0
115=Russians House,NALASR,256,71,88,32,None,1,0,1,0,0,None,None,None,1,0
116=Russians House,NALASR,256,53,101,224,None,1,0,1,0,0,None,None,None,1,0
117=Russians House,GAMGAP,256,60,100,64,None,1,0,1,0,0,None,None,None,0,0
118=Russians House,NAPOWR,256,54,97,64,None,1,0,1,0,0,None,None,None,0,0
119=Neutral House,CAWASH05,256,58,107,64,None,1,0,1,0,0,None,None,None,0,0
120=Neutral House,CAOILD,256,70,33,0,None,0,0,1,0,0,None,None,None,0,0
121=Russians House,NAWEAP,256,54,100,64,None,1,0,1,0,0,None,None,None,0,0
122=Americans House,CAMISC02,256,57,64,64,None,1,0,1,0,0,None,None,None,0,0
123=Americans House,CAMISC02,256,58,50,64,None,1,0,1,0,0,None,None,None,0,0
124=Americans House,CAMISC01,256,71,50,64,None,1,0,1,0,0,None,None,None,0,0
125=Americans House,CAMISC02,256,68,61,64,None,1,0,1,0,0,None,None,None,0,0
126=Americans House,CAMISC01,256,67,60,64,None,1,0,1,0,0,None,None,None,0,0
127=Americans House,CAMISC02,256,69,20,64,None,1,0,1,0,0,None,None,None,0,0
128=Americans House,CAMISC02,256,56,17,64,None,1,0,1,0,0,None,None,None,0,0
129=Neutral House,CABARR01,256,37,85,64,None,1,0,1,0,0,None,None,None,0,0
130=Neutral House,CABARR01,256,39,85,64,None,1,0,1,0,0,None,None,None,0,0
131=Neutral House,CABARR01,256,38,85,64,None,1,0,1,0,0,None,None,None,0,0
132=Neutral House,CABARR02,256,40,88,64,None,1,0,1,0,0,None,None,None,0,0
133=Neutral House,CABARR02,256,40,87,64,None,1,0,1,0,0,None,None,None,0,0
134=Neutral House,CABARR02,256,40,86,64,None,1,0,1,0,0,None,None,None,0,0
135=Neutral House,CABARR02,256,25,81,64,None,1,0,1,0,0,None,None,None,0,0
136=Neutral House,CABARR02,256,26,81,64,None,1,0,1,0,0,None,None,None,0,0
137=Neutral House,CABARR02,256,27,81,64,None,1,0,1,0,0,None,None,None,0,0
138=Neutral House,CABARR01,256,22,78,64,None,1,0,1,0,0,None,None,None,0,0
139=Neutral House,CABARR01,256,22,77,64,None,1,0,1,0,0,None,None,None,0,0
140=Neutral House,CABARR01,256,22,76,64,None,1,0,1,0,0,None,None,None,0,0
141=Neutral House,CABARR01,256,21,55,64,None,1,0,1,0,0,None,None,None,0,0
142=Neutral House,CABARR01,256,21,54,64,None,1,0,1,0,0,None,None,None,0,0
143=Neutral House,CABARR01,256,21,53,64,None,1,0,1,0,0,None,None,None,0,0
144=Neutral House,CABARR02,256,25,42,64,None,1,0,1,0,0,None,None,None,0,0
145=Neutral House,CABARR02,256,26,42,64,None,1,0,1,0,0,None,None,None,0,0
146=Neutral House,CABARR02,256,27,42,64,None,1,0,1,0,0,None,None,None,0,0
147=Neutral House,CABARR01,256,37,30,64,None,1,0,1,0,0,None,None,None,0,0
148=Neutral House,CABARR01,256,38,30,64,None,1,0,1,0,0,None,None,None,0,0
149=Neutral House,CABARR01,256,39,30,64,None,1,0,1,0,0,None,None,None,0,0
150=Neutral House,CABARR01,256,44,25,64,None,1,0,1,0,0,None,None,None,0,0
151=Neutral House,CABARR01,256,44,24,64,None,1,0,1,0,0,None,None,None,0,0
152=Neutral House,CABARR01,256,44,23,64,None,1,0,1,0,0,None,None,None,0,0
153=Neutral House,CABARR02,256,50,15,64,None,1,0,1,0,0,None,None,None,0,0
154=Neutral House,CABARR02,256,51,15,64,None,1,0,1,0,0,None,None,None,0,0
155=Neutral House,CABARR02,256,52,15,64,None,1,0,1,0,0,None,None,None,0,0
156=Neutral House,CABARR02,256,80,25,64,None,1,0,1,0,0,None,None,None,0,0
157=Neutral House,CABARR02,256,80,24,64,None,1,0,1,0,0,None,None,None,0,0
158=Neutral House,CABARR02,256,80,23,64,None,1,0,1,0,0,None,None,None,0,0
159=Neutral House,CABARR01,256,91,37,64,None,1,0,1,0,0,None,None,None,0,0
160=Neutral House,CABARR01,256,92,37,64,None,1,0,1,0,0,None,None,None,0,0
161=Neutral House,CABARR01,256,93,37,64,None,1,0,1,0,0,None,None,None,0,0
162=Neutral House,CABARR01,256,112,58,64,None,1,0,1,0,0,None,None,None,0,0
163=Neutral House,CABARR01,256,112,59,64,None,1,0,1,0,0,None,None,None,0,0
164=Neutral House,CABARR01,256,112,60,64,None,1,0,1,0,0,None,None,None,0,0
165=Neutral House,CABARR01,256,91,77,64,None,1,0,1,0,0,None,None,None,0,0
166=Neutral House,CABARR01,256,92,77,64,None,1,0,1,0,0,None,None,None,0,0
167=Neutral House,CABARR01,256,93,77,64,None,1,0,1,0,0,None,None,None,0,0
168=Neutral House,CABARR01,256,77,91,64,None,1,0,1,0,0,None,None,None,0,0
169=Neutral House,CABARR01,256,78,91,64,None,1,0,1,0,0,None,None,None,0,0
170=Neutral House,CABARR01,256,79,91,64,None,1,0,1,0,0,None,None,None,0,0
171=Neutral House,CABARR01,256,50,102,64,None,1,0,1,0,0,None,None,None,0,0
172=Neutral House,CABARR01,256,51,102,64,None,1,0,1,0,0,None,None,None,0,0
173=Neutral House,CABARR01,256,52,102,64,None,1,0,1,0,0,None,None,None,0,0
174=Neutral House,CATEXS03,256,41,61,0,None,0,0,1,0,0,None,None,None,0,0
175=Neutral House,CATEXS07,256,47,61,0,None,0,0,1,0,0,None,None,None,0,0
176=Neutral House,CASTL02,256,54,77,0,None,0,0,1,0,0,None,None,None,0,0
177=Neutral House,CASTL01,256,60,77,0,None,0,0,1,0,0,None,None,None,0,0
178=Americans House,CATEXS02,256,62,64,0,None,0,0,1,0,0,None,None,None,0,0
179=Neutral House,CAOILD,256,74,90,0,None,0,0,1,0,0,None,None,None,0,0
180=Neutral,CAUSFGL,256,61,63,0,None,0,0,1,0,0,None,None,None,0,0
181=Neutral,CAMISC04,256,53,66,0,None,0,0,1,0,0,None,None,None,0,0
182=Neutral,CAMISC04,256,53,81,0,None,0,0,1,0,0,None,None,None,0,0
183=Neutral,INGALITE,256,64,13,0,None,0,0,1,0,0,None,None,None,0,0
184=Americans House,GAGAP,256,63,56,64,None,1,0,1,0,0,None,None,None,1,0
185=Americans House,CAMISC01,256,54,21,64,None,1,0,1,0,0,None,None,None,0,0
186=Americans House,CAMISC01,256,56,21,64,None,1,0,1,0,0,None,None,None,0,0
187=Americans House,CAMISC01,256,71,21,64,None,1,0,1,0,0,None,None,None,0,0


